Component: ARM Compiler 5.06 update 5 (build 528) Tool: armlink [4d35e2]

==============================================================================

Section Cross References

    startup_stm32f302x8.o(RESET) refers to startup_stm32f302x8.o(STACK) for __initial_sp
    startup_stm32f302x8.o(RESET) refers to startup_stm32f302x8.o(.text) for Reset_Handler
    startup_stm32f302x8.o(RESET) refers to stm32f3xx_it.o(i.NMI_Handler) for NMI_Handler
    startup_stm32f302x8.o(RESET) refers to stm32f3xx_it.o(i.HardFault_Handler) for HardFault_Handler
    startup_stm32f302x8.o(RESET) refers to stm32f3xx_it.o(i.MemManage_Handler) for MemManage_Handler
    startup_stm32f302x8.o(RESET) refers to stm32f3xx_it.o(i.BusFault_Handler) for BusFault_Handler
    startup_stm32f302x8.o(RESET) refers to stm32f3xx_it.o(i.UsageFault_Handler) for UsageFault_Handler
    startup_stm32f302x8.o(RESET) refers to stm32f3xx_it.o(i.SVC_Handler) for SVC_Handler
    startup_stm32f302x8.o(RESET) refers to stm32f3xx_it.o(i.DebugMon_Handler) for DebugMon_Handler
    startup_stm32f302x8.o(RESET) refers to stm32f3xx_it.o(i.PendSV_Handler) for PendSV_Handler
    startup_stm32f302x8.o(RESET) refers to stm32f3xx_it.o(i.DMA1_Channel4_IRQHandler) for DMA1_Channel4_IRQHandler
    startup_stm32f302x8.o(RESET) refers to stm32f3xx_it.o(i.DMA1_Channel5_IRQHandler) for DMA1_Channel5_IRQHandler
    startup_stm32f302x8.o(RESET) refers to stm32f3xx_it.o(i.USB_HP_CAN_TX_IRQHandler) for USB_HP_CAN_TX_IRQHandler
    startup_stm32f302x8.o(RESET) refers to stm32f3xx_it.o(i.TIM1_UP_TIM16_IRQHandler) for TIM1_UP_TIM16_IRQHandler
    startup_stm32f302x8.o(RESET) refers to stm32f3xx_it.o(i.USART1_IRQHandler) for USART1_IRQHandler
    startup_stm32f302x8.o(RESET) refers to stm32f3xx_it.o(i.TIM6_DAC_IRQHandler) for TIM6_DAC_IRQHandler
    startup_stm32f302x8.o(.text) refers to system_stm32f3xx.o(i.SystemInit) for SystemInit
    startup_stm32f302x8.o(.text) refers to entry.o(.ARM.Collect$$$$00000000) for __main
    system_stm32f3xx.o(i.SystemCoreClockUpdate) refers to system_stm32f3xx.o(.data) for .data
    system_stm32f3xx.o(i.SystemCoreClockUpdate) refers to system_stm32f3xx.o(.constdata) for .constdata
    stm32f3xx_hal_can.o(i.HAL_CAN_DeInit) refers to stm32f3xx_hal_can.o(i.HAL_CAN_Stop) for HAL_CAN_Stop
    stm32f3xx_hal_can.o(i.HAL_CAN_DeInit) refers to can.o(i.HAL_CAN_MspDeInit) for HAL_CAN_MspDeInit
    stm32f3xx_hal_can.o(i.HAL_CAN_IRQHandler) refers to stm32f3xx_hal_can.o(i.HAL_CAN_TxMailbox0CompleteCallback) for HAL_CAN_TxMailbox0CompleteCallback
    stm32f3xx_hal_can.o(i.HAL_CAN_IRQHandler) refers to stm32f3xx_hal_can.o(i.HAL_CAN_TxMailbox0AbortCallback) for HAL_CAN_TxMailbox0AbortCallback
    stm32f3xx_hal_can.o(i.HAL_CAN_IRQHandler) refers to stm32f3xx_hal_can.o(i.HAL_CAN_TxMailbox1CompleteCallback) for HAL_CAN_TxMailbox1CompleteCallback
    stm32f3xx_hal_can.o(i.HAL_CAN_IRQHandler) refers to stm32f3xx_hal_can.o(i.HAL_CAN_TxMailbox1AbortCallback) for HAL_CAN_TxMailbox1AbortCallback
    stm32f3xx_hal_can.o(i.HAL_CAN_IRQHandler) refers to stm32f3xx_hal_can.o(i.HAL_CAN_TxMailbox2CompleteCallback) for HAL_CAN_TxMailbox2CompleteCallback
    stm32f3xx_hal_can.o(i.HAL_CAN_IRQHandler) refers to stm32f3xx_hal_can.o(i.HAL_CAN_TxMailbox2AbortCallback) for HAL_CAN_TxMailbox2AbortCallback
    stm32f3xx_hal_can.o(i.HAL_CAN_IRQHandler) refers to stm32f3xx_hal_can.o(i.HAL_CAN_RxFifo0FullCallback) for HAL_CAN_RxFifo0FullCallback
    stm32f3xx_hal_can.o(i.HAL_CAN_IRQHandler) refers to stm32f3xx_hal_can.o(i.HAL_CAN_RxFifo0MsgPendingCallback) for HAL_CAN_RxFifo0MsgPendingCallback
    stm32f3xx_hal_can.o(i.HAL_CAN_IRQHandler) refers to stm32f3xx_hal_can.o(i.HAL_CAN_RxFifo1FullCallback) for HAL_CAN_RxFifo1FullCallback
    stm32f3xx_hal_can.o(i.HAL_CAN_IRQHandler) refers to stm32f3xx_hal_can.o(i.HAL_CAN_RxFifo1MsgPendingCallback) for HAL_CAN_RxFifo1MsgPendingCallback
    stm32f3xx_hal_can.o(i.HAL_CAN_IRQHandler) refers to stm32f3xx_hal_can.o(i.HAL_CAN_SleepCallback) for HAL_CAN_SleepCallback
    stm32f3xx_hal_can.o(i.HAL_CAN_IRQHandler) refers to stm32f3xx_hal_can.o(i.HAL_CAN_WakeUpFromRxMsgCallback) for HAL_CAN_WakeUpFromRxMsgCallback
    stm32f3xx_hal_can.o(i.HAL_CAN_IRQHandler) refers to stm32f3xx_hal_can.o(i.HAL_CAN_ErrorCallback) for HAL_CAN_ErrorCallback
    stm32f3xx_hal_can.o(i.HAL_CAN_Init) refers to can.o(i.HAL_CAN_MspInit) for HAL_CAN_MspInit
    stm32f3xx_hal_can.o(i.HAL_CAN_Init) refers to stm32f3xx_hal.o(i.HAL_GetTick) for HAL_GetTick
    stm32f3xx_hal_can.o(i.HAL_CAN_Start) refers to stm32f3xx_hal.o(i.HAL_GetTick) for HAL_GetTick
    stm32f3xx_hal_can.o(i.HAL_CAN_Stop) refers to stm32f3xx_hal.o(i.HAL_GetTick) for HAL_GetTick
    stm32f3xx_hal_spi.o(i.HAL_SPI_Abort) refers to stm32f3xx_hal_dma.o(i.HAL_DMA_Abort) for HAL_DMA_Abort
    stm32f3xx_hal_spi.o(i.HAL_SPI_Abort) refers to stm32f3xx_hal.o(i.HAL_GetTick) for HAL_GetTick
    stm32f3xx_hal_spi.o(i.HAL_SPI_Abort) refers to stm32f3xx_hal_spi.o(i.SPI_EndRxTxTransaction) for SPI_EndRxTxTransaction
[...]
    i.SPI_WaitFlagStateUntilTimeout          0x08004122   Section        0  stm32f3xx_hal_spi.o(i.SPI_WaitFlagStateUntilTimeout)
    SPI_WaitFlagStateUntilTimeout            0x08004123   Thumb Code   148  stm32f3xx_hal_spi.o(i.SPI_WaitFlagStateUntilTimeout)
    i.SVC_Handler                            0x080041b6   Section        0  stm32f3xx_it.o(i.SVC_Handler)
    i.Set_Cutoff_Frequency                   0x080041b8   Section        0  filter.o(i.Set_Cutoff_Frequency)
    i.SystemClock_Config                     0x08004260   Section        0  main.o(i.SystemClock_Config)
    i.SystemInit                             0x080042d0   Section        0  system_stm32f3xx.o(i.SystemInit)
    i.TIM1_UP_TIM16_IRQHandler               0x08004338   Section        0  stm32f3xx_it.o(i.TIM1_UP_TIM16_IRQHandler)
    i.TIM6_DAC_IRQHandler                    0x08004354   Section        0  stm32f3xx_it.o(i.TIM6_DAC_IRQHandler)
    i.TIM_Base_SetConfig                     0x08004360   Section        0  stm32f3xx_hal_tim.o(i.TIM_Base_SetConfig)
    i.TIM_CCxChannelCmd                      0x080043d8   Section        0  stm32f3xx_hal_tim.o(i.TIM_CCxChannelCmd)
    i.TIM_ETR_SetConfig                      0x080043ee   Section        0  stm32f3xx_hal_tim.o(i.TIM_ETR_SetConfig)
    i.TIM_ITRx_SetConfig                     0x08004402   Section        0  stm32f3xx_hal_tim.o(i.TIM_ITRx_SetConfig)
    TIM_ITRx_SetConfig                       0x08004403   Thumb Code    16  stm32f3xx_hal_tim.o(i.TIM_ITRx_SetConfig)
    i.TIM_OC1_SetConfig                      0x08004414   Section        0  stm32f3xx_hal_tim.o(i.TIM_OC1_SetConfig)
    i.TIM_OC2_SetConfig                      0x0800449c   Section        0  stm32f3xx_hal_tim.o(i.TIM_OC2_SetConfig)
    i.TIM_OC3_SetConfig                      0x0800451c   Section        0  stm32f3xx_hal_tim.o(i.TIM_OC3_SetConfig)
    i.TIM_OC4_SetConfig                      0x0800459c   Section        0  stm32f3xx_hal_tim.o(i.TIM_OC4_SetConfig)
    i.TIM_OC5_SetConfig                      0x08004608   Section        0  stm32f3xx_hal_tim_ex.o(i.TIM_OC5_SetConfig)
    TIM_OC5_SetConfig                        0x08004609   Thumb Code    80  stm32f3xx_hal_tim_ex.o(i.TIM_OC5_SetConfig)
    i.TIM_OC6_SetConfig                      0x0800466c   Section        0  stm32f3xx_hal_tim_ex.o(i.TIM_OC6_SetConfig)
    TIM_OC6_SetConfig                        0x0800466d   Thumb Code    82  stm32f3xx_hal_tim_ex.o(i.TIM_OC6_SetConfig)
    i.TIM_TI1_ConfigInputStage               0x080046d4   Section        0  stm32f3xx_hal_tim.o(i.TIM_TI1_ConfigInputStage)
    TIM_TI1_ConfigInputStage                 0x080046d5   Thumb Code    34  stm32f3xx_hal_tim.o(i.TIM_TI1_ConfigInputStage)
    i.TIM_TI2_ConfigInputStage               0x080046f6   Section        0  stm32f3xx_hal_tim.o(i.TIM_TI2_ConfigInputStage)
    TIM_TI2_ConfigInputStage                 0x080046f7   Thumb Code    36  stm32f3xx_hal_tim.o(i.TIM_TI2_ConfigInputStage)
    i.UART_AdvFeatureConfig                  0x0800471a   Section        0  stm32f3xx_hal_uart.o(i.UART_AdvFeatureConfig)
    i.UART_CheckIdleState                    0x080047e2   Section        0  stm32f3xx_hal_uart.o(i.UART_CheckIdleState)
    i.UART_DMAAbortOnError                   0x0800483e   Section        0  stm32f3xx_hal_uart.o(i.UART_DMAAbortOnError)
    UART_DMAAbortOnError                     0x0800483f   Thumb Code    20  stm32f3xx_hal_uart.o(i.UART_DMAAbortOnError)
    i.UART_DMAError                          0x08004852   Section        0  stm32f3xx_hal_uart.o(i.UART_DMAError)
    UART_DMAError                            0x08004853   Thumb Code    74  stm32f3xx_hal_uart.o(i.UART_DMAError)
    i.UART_DMAReceiveCplt                    0x0800489c   Section        0  stm32f3xx_hal_uart.o(i.UART_DMAReceiveCplt)
    UART_DMAReceiveCplt                      0x0800489d   Thumb Code    62  stm32f3xx_hal_uart.o(i.UART_DMAReceiveCplt)
    i.UART_DMARxHalfCplt                     0x080048da   Section        0  stm32f3xx_hal_uart.o(i.UART_DMARxHalfCplt)
    UART_DMARxHalfCplt                       0x080048db   Thumb Code    10  stm32f3xx_hal_uart.o(i.UART_DMARxHalfCplt)
    i.UART_EndRxTransfer                     0x080048e4   Section        0  stm32f3xx_hal_uart.o(i.UART_EndRxTransfer)
    UART_EndRxTransfer                       0x080048e5   Thumb Code    28  stm32f3xx_hal_uart.o(i.UART_EndRxTransfer)
    i.UART_EndTransmit_IT                    0x08004900   Section        0  stm32f3xx_hal_uart.o(i.UART_EndTransmit_IT)
    i.UART_EndTxTransfer                     0x0800491a   Section        0  stm32f3xx_hal_uart.o(i.UART_EndTxTransfer)
    UART_EndTxTransfer                       0x0800491b   Thumb Code    18  stm32f3xx_hal_uart.o(i.UART_EndTxTransfer)
    i.UART_Receive_IT                        0x0800492c   Section        0  stm32f3xx_hal_uart.o(i.UART_Receive_IT)
    i.UART_SetConfig                         0x080049a4   Section        0  stm32f3xx_hal_uart.o(i.UART_SetConfig)
    i.UART_Transmit_IT                       0x08004af0   Section        0  stm32f3xx_hal_uart.o(i.UART_Transmit_IT)
    i.UART_WaitOnFlagUntilTimeout            0x08004b54   Section        0  stm32f3xx_hal_uart.o(i.UART_WaitOnFlagUntilTimeout)
    i.USART1_IRQHandler                      0x08004bb8   Section        0  stm32f3xx_it.o(i.USART1_IRQHandler)
    i.USAR_UART_IDLECallback                 0x08004bd0   Section        0  bsp_uart.o(i.USAR_UART_IDLECallback)
    i.USB_HP_CAN_TX_IRQHandler               0x08004c04   Section        0  stm32f3xx_it.o(i.USB_HP_CAN_TX_IRQHandler)
    i.USER_UART_IRQHandler                   0x08004c10   Section        0  bsp_uart.o(i.USER_UART_IRQHandler)
    i.UsageFault_Handler                     0x08004c34   Section        0  stm32f3xx_it.o(i.UsageFault_Handler)
    i.__ARM_fpclassify                       0x08004c36   Section        0  fpclassify.o(i.__ARM_fpclassify)
    i.__ARM_fpclassifyf                      0x08004c66   Section        0  fpclassifyf.o(i.__ARM_fpclassifyf)
    i.__hardfp_asin                          0x08004c90   Section        0  asin.o(i.__hardfp_asin)
    i.__hardfp_atan                          0x08004ff0   Section        0  atan.o(i.__hardfp_atan)
    i.__hardfp_atan2                         0x080052c8   Section        0  atan2.o(i.__hardfp_atan2)
    i.__hardfp_cosf                          0x080054b8   Section        0  cosf.o(i.__hardfp_cosf)
    i.__hardfp_sqrt                          0x08005608   Section        0  sqrt_full.o(i.__hardfp_sqrt)
    i.__hardfp_sqrtf                         0x08005682   Section        0  sqrtf_full.o(i.__hardfp_sqrtf)
    i.__hardfp_tanf                          0x080056bc   Section        0  tanf.o(i.__hardfp_tanf)
    i.__kernel_poly                          0x08005838   Section        0  poly.o(i.__kernel_poly)
    i.__mathlib_dbl_infnan                   0x08005930   Section        0  dunder.o(i.__mathlib_dbl_infnan)
    i.__mathlib_dbl_infnan2                  0x08005944   Section        0  dunder.o(i.__mathlib_dbl_infnan2)
    i.__mathlib_dbl_invalid                  0x08005958   Section        0  dunder.o(i.__mathlib_dbl_invalid)
    i.__mathlib_dbl_underflow                0x08005978   Section        0  dunder.o(i.__mathlib_dbl_underflow)
    i.__mathlib_flt_infnan                   0x08005998   Section        0  funder.o(i.__mathlib_flt_infnan)
    i.__mathlib_flt_invalid                  0x080059a0   Section        0  funder.o(i.__mathlib_flt_invalid)
    i.__mathlib_flt_underflow                0x080059b0   Section        0  funder.o(i.__mathlib_flt_underflow)
    i.__mathlib_rredf2                       0x080059c0   Section        0  rredf.o(i.__mathlib_rredf2)
    i.__scatterload_copy                     0x08005b14   Section       14  handlers.o(i.__scatterload_copy)
    i.__scatterload_null                     0x08005b22   Section        2  handlers.o(i.__scatterload_null)
    i.__scatterload_zeroinit                 0x08005b24   Section       14  handlers.o(i.__scatterload_zeroinit)
    i.__set_errno                            0x08005b34   Section        0  errno.o(i.__set_errno)
    i.abs_limit                              0x08005b40   Section        0  pid.o(i.abs_limit)
    i.atan                                   0x08005b70   Section        0  atan.o(i.atan)
    i.can_device_init                        0x08005b80   Section        0  bsp_can.o(i.can_device_init)
    i.can_filter_init                        0x08005b9c   Section        0  bsp_can.o(i.can_filter_init)
    i.can_msg_send_task                      0x08005bd4   Section        0  comm_task.o(i.can_msg_send_task)
    i.fabs                                   0x08005bf0   Section        0  fabs.o(i.fabs)
    i.flash_read                             0x08005c08   Section        0  bsp_flash.o(i.flash_read)
    i.invSqrt                                0x08005c24   Section        0  data_processing.o(i.invSqrt)
    i.main                                   0x08005c50   Section        0  main.o(i.main)
    i.pid_calc                               0x08005d24   Section        0  pid.o(i.pid_calc)
    i.pid_param_init                         0x08005f0c   Section        0  pid.o(i.pid_param_init)
    pid_param_init                           0x08005f0d   Thumb Code    14  pid.o(i.pid_param_init)
    i.pid_reset                              0x08005f1a   Section        0  pid.o(i.pid_reset)
    pid_reset                                0x08005f1b   Thumb Code     6  pid.o(i.pid_reset)
    i.send_angle_message                     0x08005f20   Section        0  bsp_can.o(i.send_angle_message)
    i.send_palstance_message                 0x08005f90   Section        0  bsp_can.o(i.send_palstance_message)
    i.sqrt                                   0x08005ff4   Section        0  sqrt_full.o(i.sqrt)
    i.status_task                            0x08006064   Section        0  status_task.o(i.status_task)
    i.user_uart_init                         0x080060e0   Section        0  bsp_uart.o(i.user_uart_init)
    .constdata                               0x08006104   Section       16  system_stm32f3xx.o(.constdata)
    .constdata                               0x08006114   Section        8  system_stm32f3xx.o(.constdata)
    .constdata                               0x0800611c   Section       32  stm32f3xx_hal_rcc.o(.constdata)
    .constdata                               0x0800613c   Section       12  bsp_bmi088.o(.constdata)
    .constdata                               0x08006148   Section       80  asin.o(.constdata)
    pS                                       0x08006148   Data          48  asin.o(.constdata)
    qS                                       0x08006178   Data          32  asin.o(.constdata)
    .constdata                               0x08006198   Section      152  atan.o(.constdata)
    atanhi                                   0x08006198   Data          32  atan.o(.constdata)
    atanlo                                   0x080061b8   Data          32  atan.o(.constdata)
    aTodd                                    0x080061d8   Data          40  atan.o(.constdata)
    aTeven                                   0x08006200   Data          48  atan.o(.constdata)
    .constdata                               0x08006230   Section        8  qnan.o(.constdata)
    .constdata                               0x08006238   Section       32  rredf.o(.constdata)
    twooverpi                                0x08006238   Data          32  rredf.o(.constdata)
    .data                                    0x20000000   Section        4  system_stm32f3xx.o(.data)
    .data                                    0x20000004   Section       12  stm32f3xx_hal.o(.data)
    .data                                    0x20000010   Section       24  bsp_can.o(.data)
    .data                                    0x20000028   Section        4  bsp_bmi088.o(.data)
    .data                                    0x2000002c   Section        4  bsp_bmi088.o(.data)
    .data                                    0x20000030   Section      116  bsp_imu.o(.data)
    dt                                       0x20000050   Data           4  bsp_imu.o(.data)
    t                                        0x20000054   Data           4  bsp_imu.o(.data)
    gx                                       0x20000080   Data           4  bsp_imu.o(.data)
    gy                                       0x20000084   Data           4  bsp_imu.o(.data)
    gz                                       0x20000088   Data           4  bsp_imu.o(.data)
    ax                                       0x2000008c   Data           4  bsp_imu.o(.data)
    ay                                       0x20000090   Data           4  bsp_imu.o(.data)
    az                                       0x20000094   Data           4  bsp_imu.o(.data)
    mx                                       0x20000098   Data           4  bsp_imu.o(.data)
    my                                       0x2000009c   Data           4  bsp_imu.o(.data)
    mz                                       0x200000a0   Data           4  bsp_imu.o(.data)
    .data                                    0x200000a4   Section        1  bsp_imu.o(.data)
    .data                                    0x200000a8   Section       64  bsp_dwt.o(.data)
    CPU_FREQ_Hz                              0x200000a8   Data           4  bsp_dwt.o(.data)
    CPU_FREQ_Hz_ms                           0x200000ac   Data           4  bsp_dwt.o(.data)
    CPU_FREQ_Hz_us                           0x200000b0   Data           4  bsp_dwt.o(.data)
    CYCCNT_RountCount                        0x200000b4   Data           4  bsp_dwt.o(.data)
    CYCCNT_LAST                              0x200000b8   Data           4  bsp_dwt.o(.data)
    CNT_TEMP1                                0x200000c0   Data           8  bsp_dwt.o(.data)
    CNT_TEMP2                                0x200000c8   Data           8  bsp_dwt.o(.data)
    CNT_TEMP3                                0x200000d0   Data           8  bsp_dwt.o(.data)
    .data                                    0x200000e8   Section        8  bmi088_read.o(.data)
    .data                                    0x200000f0   Section        4  status_task.o(.data)
    .data                                    0x200000f4   Section       24  filter.o(.data)
    .data                                    0x2000010c   Section      380  kalmanfilter.o(.data)
    .data                                    0x20000288   Section        4  errno.o(.data)
    _errno                                   0x20000288   Data           4  errno.o(.data)
    .bss                                     0x2000028c   Section       40  can.o(.bss)
    .bss                                     0x200002b4   Section      100  spi.o(.bss)
    .bss                                     0x20000318   Section      256  tim.o(.bss)
    .bss                                     0x20000418   Section      248  usart.o(.bss)
    .bss                                     0x20000510   Section       64  stm32f3xx_hal_timebase_tim.o(.bss)
    .bss                                     0x20000550   Section       22  bsp_uart.o(.bss)
    .bss                                     0x20000568   Section       24  bsp_can.o(.bss)
    .bss                                     0x20000580   Section       18  bsp_bmi088.o(.bss)
    .bss                                     0x20000594   Section      208  bsp_imu.o(.bss)
    .bss                                     0x20000664   Section       24  bsp_jy901.o(.bss)
    .bss                                     0x2000067c   Section       92  bmi088_read.o(.bss)
    .bss                                     0x200006d8   Section       12  imu_ahrsupdate.o(.bss)
    .bss                                     0x200006e4   Section      364  filter.o(.bss)
    .bss                                     0x20000850   Section       80  calibration.o(.bss)
    .bss                                     0x200008a0   Section      312  kalmanfilter.o(.bss)
    .bss                                     0x200009d8   Section      112  pid.o(.bss)
    STACK                                    0x20000a48   Section     1536  startup_stm32f302x8.o(STACK)

    Global Symbols

    Symbol Name                              Value     Ov Type        Size  Object(Section)

    BuildAttributes$$THM_ISAv4$E$P$D$K$B$S$7EM$VFPi3$EXTD16$VFPS$VFMA$PE$A:L22UL41UL21$X:L11$S22US41US21$IEEE1$IW$USESV6$~STKCKD$USESV7$~SHL$OTIME$ROPI$IEEEX$EBA8$MICROLIB$REQ8$PRES8$EABIv2 0x00000000   Number         0  anon$$obj.o ABSOLUTE
    __ARM_use_no_argv                        0x00000000   Number         0  main.o ABSOLUTE
    __cpp_initialize__aeabi_                  - Undefined Weak Reference
    __cxa_finalize                            - Undefined Weak Reference
    _clock_init                               - Undefined Weak Reference
    _microlib_exit                            - Undefined Weak Reference
    __Vectors_Size                           0x00000188   Number         0  startup_stm32f302x8.o ABSOLUTE
    __Vectors                                0x08000000   Data           4  startup_stm32f302x8.o(RESET)
    __Vectors_End                            0x08000188   Data           0  startup_stm32f302x8.o(RESET)
    __main                                   0x08000189   Thumb Code     0  entry.o(.ARM.Collect$$$$00000000)
    _main_stk                                0x08000189   Thumb Code     0  entry2.o(.ARM.Collect$$$$00000001)
    _main_scatterload                        0x0800018d   Thumb Code     0  entry5.o(.ARM.Collect$$$$00000004)
    __main_after_scatterload                 0x08000191   Thumb Code     0  entry5.o(.ARM.Collect$$$$00000004)
    _main_clock                              0x08000191   Thumb Code     0  entry7b.o(.ARM.Collect$$$$00000008)
    _main_cpp_init                           0x08000191   Thumb Code     0  entry8b.o(.ARM.Collect$$$$0000000A)
    _main_init                               0x08000191   Thumb Code     0  entry9a.o(.ARM.Collect$$$$0000000B)
    __rt_final_cpp                           0x08000199   Thumb Code     0  entry10a.o(.ARM.Collect$$$$0000000D)
    __rt_final_exit                          0x08000199   Thumb Code     0  entry11a.o(.ARM.Collect$$$$0000000F)
    Reset_Handler                            0x0800019d   Thumb Code     8  startup_stm32f302x8.o(.text)
    SysTick_Handler                          0x080001b5   Thumb Code     2  startup_stm32f302x8.o(.text)
    ADC1_IRQHandler                          0x080001b7   Thumb Code     0  startup_stm32f302x8.o(.text)
    CAN_RX1_IRQHandler                       0x080001b7   Thumb Code     0  startup_stm32f302x8.o(.text)
    CAN_SCE_IRQHandler                       0x080001b7   Thumb Code     0  startup_stm32f302x8.o(.text)
    COMP2_IRQHandler                         0x080001b7   Thumb Code     0  startup_stm32f302x8.o(.text)
    COMP4_6_IRQHandler                       0x080001b7   Thumb Code     0  startup_stm32f302x8.o(.text)
    DMA1_Channel1_IRQHandler                 0x080001b7   Thumb Code     0  startup_stm32f302x8.o(.text)
    DMA1_Channel2_IRQHandler                 0x080001b7   Thumb Code     0  startup_stm32f302x8.o(.text)
    DMA1_Channel3_IRQHandler                 0x080001b7   Thumb Code     0  startup_stm32f302x8.o(.text)
    DMA1_Channel6_IRQHandler                 0x080001b7   Thumb Code     0  startup_stm32f302x8.o(.text)
    DMA1_Channel7_IRQHandler                 0x080001b7   Thumb Code     0  startup_stm32f302x8.o(.text)
    EXTI0_IRQHandler                         0x080001b7   Thumb Code     0  startup_stm32f302x8.o(.text)
    EXTI15_10_IRQHandler                     0x080001b7   Thumb Code     0  startup_stm32f302x8.o(.text)
    EXTI1_IRQHandler                         0x080001b7   Thumb Code     0  startup_stm32f302x8.o(.text)
    EXTI2_TSC_IRQHandler                     0x080001b7   Thumb Code     0  startup_stm32f302x8.o(.text)
    EXTI3_IRQHandler                         0x080001b7   Thumb Code     0  startup_stm32f302x8.o(.text)
    EXTI4_IRQHandler                         0x080001b7   Thumb Code     0  startup_stm32f302x8.o(.text)
    EXTI9_5_IRQHandler                       0x080001b7   Thumb Code     0  startup_stm32f302x8.o(.text)
    FLASH_IRQHandler                         0x080001b7   Thumb Code     0  startup_stm32f302x8.o(.text)
    FPU_IRQHandler                           0x080001b7   Thumb Code     0  startup_stm32f302x8.o(.text)
    I2C1_ER_IRQHandler                       0x080001b7   Thumb Code     0  startup_stm32f302x8.o(.text)
    I2C1_EV_IRQHandler                       0x080001b7   Thumb Code     0  startup_stm32f302x8.o(.text)
    I2C2_ER_IRQHandler                       0x080001b7   Thumb Code     0  startup_stm32f302x8.o(.text)
    I2C2_EV_IRQHandler                       0x080001b7   Thumb Code     0  startup_stm32f302x8.o(.text)
    I2C3_ER_IRQHandler                       0x080001b7   Thumb Code     0  startup_stm32f302x8.o(.text)
    I2C3_EV_IRQHandler                       0x080001b7   Thumb Code     0  startup_stm32f302x8.o(.text)
    PVD_IRQHandler                           0x080001b7   Thumb Code     0  startup_stm32f302x8.o(.text)
    RCC_IRQHandler                           0x080001b7   Thumb Code     0  startup_stm32f302x8.o(.text)
    RTC_Alarm_IRQHandler                     0x080001b7   Thumb Code     0  startup_stm32f302x8.o(.text)
    RTC_WKUP_IRQHandler                      0x080001b7   Thumb Code     0  startup_stm32f302x8.o(.text)
    SPI2_IRQHandler                          0x080001b7   Thumb Code     0  startup_stm32f302x8.o(.text)
    SPI3_IRQHandler                          0x080001b7   Thumb Code     0  startup_stm32f302x8.o(.text)
    TAMP_STAMP_IRQHandler                    0x080001b7   Thumb Code     0  startup_stm32f302x8.o(.text)
    TIM1_BRK_TIM15_IRQHandler                0x080001b7   Thumb Code     0  startup_stm32f302x8.o(.text)
    TIM1_CC_IRQHandler                       0x080001b7   Thumb Code     0  startup_stm32f302x8.o(.text)
    TIM1_TRG_COM_TIM17_IRQHandler            0x080001b7   Thumb Code     0  startup_stm32f302x8.o(.text)
    TIM2_IRQHandler                          0x080001b7   Thumb Code     0  startup_stm32f302x8.o(.text)
    USART2_IRQHandler                        0x080001b7   Thumb Code     0  startup_stm32f302x8.o(.text)
    USART3_IRQHandler                        0x080001b7   Thumb Code     0  startup_stm32f302x8.o(.text)
    USBWakeUp_IRQHandler                     0x080001b7   Thumb Code     0  startup_stm32f302x8.o(.text)
    USBWakeUp_RMP_IRQHandler                 0x080001b7   Thumb Code     0  startup_stm32f302x8.o(.text)
    USB_HP_IRQHandler                        0x080001b7   Thumb Code     0  startup_stm32f302x8.o(.text)
    USB_LP_CAN_RX0_IRQHandler                0x080001b7   Thumb Code     0  startup_stm32f302x8.o(.text)
    USB_LP_IRQHandler                        0x080001b7   Thumb Code     0  startup_stm32f302x8.o(.text)
    WWDG_IRQHandler                          0x080001b7   Thumb Code     0  startup_stm32f302x8.o(.text)
    arm_mat_init_f32                         0x080001c1   Thumb Code     8  arm_mat_init_f32.o(.text)
    arm_mat_trans_f32                        0x080001c9   Thumb Code   276  arm_mat_trans_f32.o(.text)
    __aeabi_llsr                             0x080002dd   Thumb Code    32  llushr.o(.text)
    _ll_ushift_r                             0x080002dd   Thumb Code     0  llushr.o(.text)
    __aeabi_memset                           0x080002fd   Thumb Code    14  memseta.o(.text)
    __aeabi_memset4                          0x080002fd   Thumb Code     0  memseta.o(.text)
    __aeabi_memset8                          0x080002fd   Thumb Code     0  memseta.o(.text)
    __aeabi_memclr                           0x0800030b   Thumb Code     4  memseta.o(.text)
    __aeabi_memclr4                          0x0800030b   Thumb Code     0  memseta.o(.text)
    __aeabi_memclr8                          0x0800030b   Thumb Code     0  memseta.o(.text)
    _memset$wrapper                          0x0800030f   Thumb Code    18  memseta.o(.text)
    __aeabi_dadd                             0x08000321   Thumb Code   322  dadd.o(.text)
    __aeabi_dsub                             0x08000463   Thumb Code     6  dadd.o(.text)
    __aeabi_drsub                            0x08000469   Thumb Code     6  dadd.o(.text)
    __aeabi_dmul                             0x0800046f   Thumb Code   228  dmul.o(.text)
    __aeabi_ddiv                             0x08000553   Thumb Code   222  ddiv.o(.text)
    __aeabi_i2d                              0x08000631   Thumb Code    34  dflti.o(.text)
    __aeabi_f2d                              0x08000653   Thumb Code    38  f2d.o(.text)
    __aeabi_d2f                              0x08000679   Thumb Code    56  d2f.o(.text)
    __aeabi_llsl                             0x080006b1   Thumb Code    30  llshl.o(.text)
    _ll_shift_l                              0x080006b1   Thumb Code     0  llshl.o(.text)
    __aeabi_lasr                             0x080006cf   Thumb Code    36  llsshr.o(.text)
    _ll_sshift_r                             0x080006cf   Thumb Code     0  llsshr.o(.text)
    __I$use$fp                               0x080006f3   Thumb Code     0  iusefp.o(.text)
    _float_round                             0x080006f3   Thumb Code    18  fepilogue.o(.text)
    _float_epilogue                          0x08000705   Thumb Code    92  fepilogue.o(.text)
    _double_round                            0x08000761   Thumb Code    30  depilogue.o(.text)
    _double_epilogue                         0x0800077f   Thumb Code   156  depilogue.o(.text)
    _dsqrt                                   0x0800081b   Thumb Code   162  dsqrt.o(.text)
    __scatterload                            0x080008bd   Thumb Code    28  init.o(.text)
    __scatterload_rt2                        0x080008bd   Thumb Code     0  init.o(.text)
    __decompress                             0x080008e1   Thumb Code     0  __dczerorl2.o(.text)
    __decompress1                            0x080008e1   Thumb Code    86  __dczerorl2.o(.text)
    BMI088_Filter                            0x08000939   Thumb Code   418  filter.o(i.BMI088_Filter)
    BMI088_Init                              0x08000b09   Thumb Code   234  bsp_bmi088.o(i.BMI088_Init)
    BMI088_Read_Reg                          0x08000c0d   Thumb Code    96  bsp_spi.o(i.BMI088_Read_Reg)
    BMI088_Write_Reg                         0x08000c6d   Thumb Code    68  bsp_spi.o(i.BMI088_Write_Reg)
    BMI088_original_data_read                0x08000cb1   Thumb Code   208  bsp_bmi088.o(i.BMI088_original_data_read)
    BMI088_temp_data_read                    0x08000d85   Thumb Code   106  bsp_bmi088.o(i.BMI088_temp_data_read)
    BMI_Read                                 0x08000e05   Thumb Code   118  bmi088_read.o(i.BMI_Read)
    BusFault_Handler                         0x08000e9d   Thumb Code     2  stm32f3xx_it.o(i.BusFault_Handler)
    Butterworth_Parameter_Init               0x08000ea1   Thumb Code    48  filter.o(i.Butterworth_Parameter_Init)
    CreateKalman1Filter                      0x08000edd   Thumb Code    42  kalmanfilter.o(i.CreateKalman1Filter)
    CreateKalman2Filter                      0x08000f0d   Thumb Code   226  kalmanfilter.o(i.CreateKalman2Filter)
    DMA1_Channel4_IRQHandler                 0x08000ff1   Thumb Code     6  stm32f3xx_it.o(i.DMA1_Channel4_IRQHandler)
    DMA1_Channel5_IRQHandler                 0x08000ffd   Thumb Code     6  stm32f3xx_it.o(i.DMA1_Channel5_IRQHandler)
    DWT_Init                                 0x08001055   Thumb Code    54  bsp_dwt.o(i.DWT_Init)
    Data_Not_Ready                           0x0800109d   Thumb Code    24  status_task.o(i.Data_Not_Ready)
    Data_Ready                               0x080010bd   Thumb Code    24  status_task.o(i.Data_Ready)
    DebugMon_Handler                         0x080010d9   Thumb Code     2  stm32f3xx_it.o(i.DebugMon_Handler)
    Error_Handler                            0x080010db   Thumb Code     2  main.o(i.Error_Handler)
    Float2Byte                               0x080010dd   Thumb Code    20  data_processing.o(i.Float2Byte)
    HAL_CAN_AddTxMessage                     0x080010f1   Thumb Code   200  stm32f3xx_hal_can.o(i.HAL_CAN_AddTxMessage)
    HAL_CAN_ConfigFilter                     0x080011b9   Thumb Code   238  stm32f3xx_hal_can.o(i.HAL_CAN_ConfigFilter)
    HAL_CAN_ErrorCallback                    0x080012a7   Thumb Code     2  stm32f3xx_hal_can.o(i.HAL_CAN_ErrorCallback)
    HAL_CAN_GetTxMailboxesFreeLevel          0x080012a9   Thumb Code    44  stm32f3xx_hal_can.o(i.HAL_CAN_GetTxMailboxesFreeLevel)
    HAL_CAN_IRQHandler                       0x080012d5   Thumb Code   508  stm32f3xx_hal_can.o(i.HAL_CAN_IRQHandler)
    HAL_CAN_Init                             0x080014d1   Thumb Code   282  stm32f3xx_hal_can.o(i.HAL_CAN_Init)
    HAL_CAN_MspInit                          0x080015ed   Thumb Code   106  can.o(i.HAL_CAN_MspInit)
    HAL_CAN_RxFifo0FullCallback              0x08001661   Thumb Code     2  stm32f3xx_hal_can.o(i.HAL_CAN_RxFifo0FullCallback)
    HAL_CAN_RxFifo0MsgPendingCallback        0x08001663   Thumb Code     2  stm32f3xx_hal_can.o(i.HAL_CAN_RxFifo0MsgPendingCallback)
    HAL_CAN_RxFifo1FullCallback              0x08001665   Thumb Code     2  stm32f3xx_hal_can.o(i.HAL_CAN_RxFifo1FullCallback)
    HAL_CAN_RxFifo1MsgPendingCallback        0x08001667   Thumb Code     2  stm32f3xx_hal_can.o(i.HAL_CAN_RxFifo1MsgPendingCallback)
    HAL_CAN_SleepCallback                    0x08001669   Thumb Code     2  stm32f3xx_hal_can.o(i.HAL_CAN_SleepCallback)
    HAL_CAN_Start                            0x0800166d   Thumb Code    88  stm32f3xx_hal_can.o(i.HAL_CAN_Start)
    HAL_CAN_TxMailbox0AbortCallback          0x080016c5   Thumb Code     2  stm32f3xx_hal_can.o(i.HAL_CAN_TxMailbox0AbortCallback)
    HAL_CAN_TxMailbox0CompleteCallback       0x080016c7   Thumb Code     2  stm32f3xx_hal_can.o(i.HAL_CAN_TxMailbox0CompleteCallback)
    HAL_CAN_TxMailbox1AbortCallback          0x080016c9   Thumb Code     2  stm32f3xx_hal_can.o(i.HAL_CAN_TxMailbox1AbortCallback)
    HAL_CAN_TxMailbox1CompleteCallback       0x080016cb   Thumb Code     2  stm32f3xx_hal_can.o(i.HAL_CAN_TxMailbox1CompleteCallback)
    HAL_CAN_TxMailbox2AbortCallback          0x080016cd   Thumb Code     2  stm32f3xx_hal_can.o(i.HAL_CAN_TxMailbox2AbortCallback)
    HAL_CAN_TxMailbox2CompleteCallback       0x080016cf   Thumb Code     2  stm32f3xx_hal_can.o(i.HAL_CAN_TxMailbox2CompleteCallback)
    HAL_CAN_WakeUpFromRxMsgCallback          0x080016d1   Thumb Code     2  stm32f3xx_hal_can.o(i.HAL_CAN_WakeUpFromRxMsgCallback)
    HAL_DMA_Abort                            0x080016d3   Thumb Code    48  stm32f3xx_hal_dma.o(i.HAL_DMA_Abort)
    HAL_DMA_Abort_IT                         0x08001703   Thumb Code    74  stm32f3xx_hal_dma.o(i.HAL_DMA_Abort_IT)
    HAL_DMA_IRQHandler                       0x0800174d   Thumb Code   168  stm32f3xx_hal_dma.o(i.HAL_DMA_IRQHandler)
    HAL_DMA_Init                             0x080017f5   Thumb Code    78  stm32f3xx_hal_dma.o(i.HAL_DMA_Init)
    HAL_DMA_Start_IT                         0x08001843   Thumb Code   112  stm32f3xx_hal_dma.o(i.HAL_DMA_Start_IT)
    HAL_Delay                                0x080018b5   Thumb Code    32  stm32f3xx_hal.o(i.HAL_Delay)
    HAL_GPIO_Init                            0x080018d9   Thumb Code   358  stm32f3xx_hal_gpio.o(i.HAL_GPIO_Init)
    HAL_GPIO_WritePin                        0x08001a59   Thumb Code    10  stm32f3xx_hal_gpio.o(i.HAL_GPIO_WritePin)
    HAL_GetTick                              0x08001a65   Thumb Code     6  stm32f3xx_hal.o(i.HAL_GetTick)
    HAL_IncTick                              0x08001a71   Thumb Code    12  stm32f3xx_hal.o(i.HAL_IncTick)
    HAL_Init                                 0x08001a81   Thumb Code    32  stm32f3xx_hal.o(i.HAL_Init)
    HAL_InitTick                             0x08001aa5   Thumb Code   100  stm32f3xx_hal_timebase_tim.o(i.HAL_InitTick)
    HAL_MspInit                              0x08001b19   Thumb Code    38  stm32f3xx_hal_msp.o(i.HAL_MspInit)
    HAL_NVIC_EnableIRQ                       0x08001b45   Thumb Code    22  stm32f3xx_hal_cortex.o(i.HAL_NVIC_EnableIRQ)
    HAL_NVIC_SetPriority                     0x08001b5d   Thumb Code    60  stm32f3xx_hal_cortex.o(i.HAL_NVIC_SetPriority)
    HAL_NVIC_SetPriorityGrouping             0x08001b9d   Thumb Code    26  stm32f3xx_hal_cortex.o(i.HAL_NVIC_SetPriorityGrouping)
    HAL_RCCEx_PeriphCLKConfig                0x08001bc1   Thumb Code   486  stm32f3xx_hal_rcc_ex.o(i.HAL_RCCEx_PeriphCLKConfig)
    HAL_RCC_ClockConfig                      0x08001db5   Thumb Code   306  stm32f3xx_hal_rcc.o(i.HAL_RCC_ClockConfig)
    HAL_RCC_GetClockConfig                   0x08001ef9   Thumb Code    54  stm32f3xx_hal_rcc.o(i.HAL_RCC_GetClockConfig)
    HAL_RCC_GetPCLK1Freq                     0x08001f39   Thumb Code    34  stm32f3xx_hal_rcc.o(i.HAL_RCC_GetPCLK1Freq)
    HAL_RCC_GetPCLK2Freq                     0x08001f69   Thumb Code    34  stm32f3xx_hal_rcc.o(i.HAL_RCC_GetPCLK2Freq)
    HAL_RCC_GetSysClockFreq                  0x08001f99   Thumb Code    88  stm32f3xx_hal_rcc.o(i.HAL_RCC_GetSysClockFreq)
    HAL_RCC_OscConfig                        0x08002001   Thumb Code  1424  stm32f3xx_hal_rcc.o(i.HAL_RCC_OscConfig)
    HAL_SPI_Init                             0x08002591   Thumb Code   182  stm32f3xx_hal_spi.o(i.HAL_SPI_Init)
    HAL_SPI_MspInit                          0x08002649   Thumb Code    88  spi.o(i.HAL_SPI_MspInit)
    HAL_SPI_TransmitReceive                  0x080026ad   Thumb Code   574  stm32f3xx_hal_spi.o(i.HAL_SPI_TransmitReceive)
    HAL_TIMEx_Break2Callback                 0x080028eb   Thumb Code     2  stm32f3xx_hal_tim_ex.o(i.HAL_TIMEx_Break2Callback)
    HAL_TIMEx_BreakCallback                  0x080028ed   Thumb Code     2  stm32f3xx_hal_tim_ex.o(i.HAL_TIMEx_BreakCallback)
    HAL_TIMEx_CommutationCallback            0x080028ef   Thumb Code     2  stm32f3xx_hal_tim_ex.o(i.HAL_TIMEx_CommutationCallback)
    HAL_TIMEx_ConfigBreakDeadTime            0x080028f1   Thumb Code   132  stm32f3xx_hal_tim_ex.o(i.HAL_TIMEx_ConfigBreakDeadTime)
    HAL_TIMEx_MasterConfigSynchronization    0x08002979   Thumb Code    72  stm32f3xx_hal_tim_ex.o(i.HAL_TIMEx_MasterConfigSynchronization)
    HAL_TIM_Base_Init                        0x080029c5   Thumb Code    54  stm32f3xx_hal_tim.o(i.HAL_TIM_Base_Init)
    HAL_TIM_Base_MspInit                     0x080029fd   Thumb Code   116  tim.o(i.HAL_TIM_Base_MspInit)
    HAL_TIM_Base_Start_IT                    0x08002a81   Thumb Code    24  stm32f3xx_hal_tim.o(i.HAL_TIM_Base_Start_IT)
    HAL_TIM_ConfigClockSource                0x08002a99   Thumb Code   246  stm32f3xx_hal_tim.o(i.HAL_TIM_ConfigClockSource)
    HAL_TIM_IC_CaptureCallback               0x08002b95   Thumb Code     2  stm32f3xx_hal_tim.o(i.HAL_TIM_IC_CaptureCallback)
    HAL_TIM_IRQHandler                       0x08002b97   Thumb Code   388  stm32f3xx_hal_tim.o(i.HAL_TIM_IRQHandler)
    HAL_TIM_MspPostInit                      0x08002d1d   Thumb Code   108  tim.o(i.HAL_TIM_MspPostInit)
    HAL_TIM_OC_DelayElapsedCallback          0x08002d91   Thumb Code     2  stm32f3xx_hal_tim.o(i.HAL_TIM_OC_DelayElapsedCallback)
    HAL_TIM_PWM_ConfigChannel                0x08002d93   Thumb Code   296  stm32f3xx_hal_tim_ex.o(i.HAL_TIM_PWM_ConfigChannel)
    HAL_TIM_PWM_Init                         0x08002ebb   Thumb Code    54  stm32f3xx_hal_tim.o(i.HAL_TIM_PWM_Init)
    HAL_TIM_PWM_MspInit                      0x08002ef1   Thumb Code     2  stm32f3xx_hal_tim.o(i.HAL_TIM_PWM_MspInit)
    HAL_TIM_PWM_PulseFinishedCallback        0x08002ef3   Thumb Code     2  stm32f3xx_hal_tim.o(i.HAL_TIM_PWM_PulseFinishedCallback)
    HAL_TIM_PWM_Start                        0x08002ef5   Thumb Code    60  stm32f3xx_hal_tim.o(i.HAL_TIM_PWM_Start)
    HAL_TIM_PeriodElapsedCallback            0x08002f41   Thumb Code    52  main.o(i.HAL_TIM_PeriodElapsedCallback)
    HAL_TIM_TriggerCallback                  0x08002f81   Thumb Code     2  stm32f3xx_hal_tim.o(i.HAL_TIM_TriggerCallback)
    HAL_UARTEx_WakeupCallback                0x08002f83   Thumb Code     2  stm32f3xx_hal_uart_ex.o(i.HAL_UARTEx_WakeupCallback)
    HAL_UART_DMAStop                         0x08002f85   Thumb Code    84  stm32f3xx_hal_uart.o(i.HAL_UART_DMAStop)
    HAL_UART_ErrorCallback                   0x08002fd9   Thumb Code     2  stm32f3xx_hal_uart.o(i.HAL_UART_ErrorCallback)
    HAL_UART_IRQHandler                      0x08002fdd   Thumb Code   316  stm32f3xx_hal_uart.o(i.HAL_UART_IRQHandler)
    HAL_UART_Init                            0x0800311d   Thumb Code   106  stm32f3xx_hal_uart.o(i.HAL_UART_Init)
    HAL_UART_MspInit                         0x08003189   Thumb Code   184  usart.o(i.HAL_UART_MspInit)
    HAL_UART_Receive_DMA                     0x08003255   Thumb Code   132  stm32f3xx_hal_uart.o(i.HAL_UART_Receive_DMA)
    HAL_UART_RxCpltCallback                  0x080032e5   Thumb Code     2  stm32f3xx_hal_uart.o(i.HAL_UART_RxCpltCallback)
    HAL_UART_RxHalfCpltCallback              0x080032e7   Thumb Code     2  stm32f3xx_hal_uart.o(i.HAL_UART_RxHalfCpltCallback)
    HAL_UART_TxCpltCallback                  0x080032e9   Thumb Code     2  stm32f3xx_hal_uart.o(i.HAL_UART_TxCpltCallback)
    HardFault_Handler                        0x080032eb   Thumb Code     2  stm32f3xx_it.o(i.HardFault_Handler)
    IIC_Soft_Init                            0x080032ed   Thumb Code    74  bsp_iic.o(i.IIC_Soft_Init)
    IMU_AHRS_Calcu                           0x0800333d   Thumb Code  1802  bsp_imu.o(i.IMU_AHRS_Calcu)
    IMU_AHRSupdate_task                      0x08003a61   Thumb Code    48  imu_ahrsupdate.o(i.IMU_AHRSupdate_task)
    IMU_Values_Convert                       0x08003a99   Thumb Code   196  bsp_imu.o(i.IMU_Values_Convert)
    JY901_original_data_read                 0x08003b7d   Thumb Code    94  bsp_jy901.o(i.JY901_original_data_read)
    Kalman_init                              0x08003be9   Thumb Code    58  kalmanfilter.o(i.Kalman_init)
    LPButterworth                            0x08003c39   Thumb Code    86  filter.o(i.LPButterworth)
    MX_CAN_Init                              0x08003c91   Thumb Code    58  can.o(i.MX_CAN_Init)
    MX_DMA_Init                              0x08003cd5   Thumb Code    56  dma.o(i.MX_DMA_Init)
    MX_GPIO_Init                             0x08003d11   Thumb Code   104  gpio.o(i.MX_GPIO_Init)
    MX_SPI3_Init                             0x08003d7d   Thumb Code    70  spi.o(i.MX_SPI3_Init)
    MX_TIM16_Init                            0x08003dcd   Thumb Code    48  tim.o(i.MX_TIM16_Init)
    MX_TIM17_Init                            0x08003e05   Thumb Code   144  tim.o(i.MX_TIM17_Init)
    MX_TIM1_Init                             0x08003e9d   Thumb Code   100  tim.o(i.MX_TIM1_Init)
    MX_TIM2_Init                             0x08003f09   Thumb Code   148  tim.o(i.MX_TIM2_Init)
    MX_USART1_UART_Init                      0x08003fa1   Thumb Code    52  usart.o(i.MX_USART1_UART_Init)
    MemManage_Handler                        0x08003fdd   Thumb Code     2  stm32f3xx_it.o(i.MemManage_Handler)
    NMI_Handler                              0x08003fdf   Thumb Code     2  stm32f3xx_it.o(i.NMI_Handler)
    PID_struct_init                          0x08004001   Thumb Code    16  pid.o(i.PID_struct_init)
    PendSV_Handler                           0x08004019   Thumb Code     2  stm32f3xx_it.o(i.PendSV_Handler)
    SPI_Read_Write_Byte                      0x08004065   Thumb Code    28  bsp_spi.o(i.SPI_Read_Write_Byte)
    SVC_Handler                              0x080041b7   Thumb Code     2  stm32f3xx_it.o(i.SVC_Handler)
    Set_Cutoff_Frequency                     0x080041b9   Thumb Code   160  filter.o(i.Set_Cutoff_Frequency)
    SystemClock_Config                       0x08004261   Thumb Code   106  main.o(i.SystemClock_Config)
    SystemInit                               0x080042d1   Thumb Code    82  system_stm32f3xx.o(i.SystemInit)
    TIM1_UP_TIM16_IRQHandler                 0x08004339   Thumb Code    18  stm32f3xx_it.o(i.TIM1_UP_TIM16_IRQHandler)
    TIM6_DAC_IRQHandler                      0x08004355   Thumb Code     6  stm32f3xx_it.o(i.TIM6_DAC_IRQHandler)
    TIM_Base_SetConfig                       0x08004361   Thumb Code   104  stm32f3xx_hal_tim.o(i.TIM_Base_SetConfig)
    TIM_CCxChannelCmd                        0x080043d9   Thumb Code    22  stm32f3xx_hal_tim.o(i.TIM_CCxChannelCmd)
    TIM_ETR_SetConfig                        0x080043ef   Thumb Code    20  stm32f3xx_hal_tim.o(i.TIM_ETR_SetConfig)
    TIM_OC1_SetConfig                        0x08004415   Thumb Code   116  stm32f3xx_hal_tim.o(i.TIM_OC1_SetConfig)
    TIM_OC2_SetConfig                        0x0800449d   Thumb Code   108  stm32f3xx_hal_tim.o(i.TIM_OC2_SetConfig)
    TIM_OC3_SetConfig                        0x0800451d   Thumb Code   106  stm32f3xx_hal_tim.o(i.TIM_OC3_SetConfig)
    TIM_OC4_SetConfig                        0x0800459d   Thumb Code    86  stm32f3xx_hal_tim.o(i.TIM_OC4_SetConfig)
    UART_AdvFeatureConfig                    0x0800471b   Thumb Code   200  stm32f3xx_hal_uart.o(i.UART_AdvFeatureConfig)
    UART_CheckIdleState                      0x080047e3   Thumb Code    92  stm32f3xx_hal_uart.o(i.UART_CheckIdleState)
    UART_EndTransmit_IT                      0x08004901   Thumb Code    26  stm32f3xx_hal_uart.o(i.UART_EndTransmit_IT)
    UART_Receive_IT                          0x0800492d   Thumb Code   118  stm32f3xx_hal_uart.o(i.UART_Receive_IT)
    UART_SetConfig                           0x080049a5   Thumb Code   302  stm32f3xx_hal_uart.o(i.UART_SetConfig)
    UART_Transmit_IT                         0x08004af1   Thumb Code   100  stm32f3xx_hal_uart.o(i.UART_Transmit_IT)
    UART_WaitOnFlagUntilTimeout              0x08004b55   Thumb Code   100  stm32f3xx_hal_uart.o(i.UART_WaitOnFlagUntilTimeout)
    USART1_IRQHandler                        0x08004bb9   Thumb Code    18  stm32f3xx_it.o(i.USART1_IRQHandler)
    USAR_UART_IDLECallback                   0x08004bd1   Thumb Code    38  bsp_uart.o(i.USAR_UART_IDLECallback)
    USB_HP_CAN_TX_IRQHandler                 0x08004c05   Thumb Code     6  stm32f3xx_it.o(i.USB_HP_CAN_TX_IRQHandler)
    USER_UART_IRQHandler                     0x08004c11   Thumb Code    36  bsp_uart.o(i.USER_UART_IRQHandler)
    UsageFault_Handler                       0x08004c35   Thumb Code     2  stm32f3xx_it.o(i.UsageFault_Handler)
    __ARM_fpclassify                         0x08004c37   Thumb Code    48  fpclassify.o(i.__ARM_fpclassify)
    __ARM_fpclassifyf                        0x08004c67   Thumb Code    38  fpclassifyf.o(i.__ARM_fpclassifyf)
    __hardfp_asin                            0x08004c91   Thumb Code   770  asin.o(i.__hardfp_asin)
    __hardfp_atan                            0x08004ff1   Thumb Code   622  atan.o(i.__hardfp_atan)
    __hardfp_atan2                           0x080052c9   Thumb Code   432  atan2.o(i.__hardfp_atan2)
    __hardfp_cosf                            0x080054b9   Thumb Code   280  cosf.o(i.__hardfp_cosf)
    __hardfp_sqrt                            0x08005609   Thumb Code   122  sqrt_full.o(i.__hardfp_sqrt)
    __hardfp_sqrtf                           0x08005683   Thumb Code    58  sqrtf_full.o(i.__hardfp_sqrtf)
    __hardfp_tanf                            0x080056bd   Thumb Code   322  tanf.o(i.__hardfp_tanf)
    __kernel_poly                            0x08005839   Thumb Code   248  poly.o(i.__kernel_poly)
    __mathlib_dbl_infnan                     0x08005931   Thumb Code    20  dunder.o(i.__mathlib_dbl_infnan)
    __mathlib_dbl_infnan2                    0x08005945   Thumb Code    20  dunder.o(i.__mathlib_dbl_infnan2)
    __mathlib_dbl_invalid                    0x08005959   Thumb Code    24  dunder.o(i.__mathlib_dbl_invalid)
    __mathlib_dbl_underflow                  0x08005979   Thumb Code    24  dunder.o(i.__mathlib_dbl_underflow)
    __mathlib_flt_infnan                     0x08005999   Thumb Code     6  funder.o(i.__mathlib_flt_infnan)
    __mathlib_flt_invalid                    0x080059a1   Thumb Code    10  funder.o(i.__mathlib_flt_invalid)
    __mathlib_flt_underflow                  0x080059b1   Thumb Code    10  funder.o(i.__mathlib_flt_underflow)
    __mathlib_rredf2                         0x080059c1   Thumb Code   316  rredf.o(i.__mathlib_rredf2)
    __scatterload_copy                       0x08005b15   Thumb Code    14  handlers.o(i.__scatterload_copy)
    __scatterload_null                       0x08005b23   Thumb Code     2  handlers.o(i.__scatterload_null)
    __scatterload_zeroinit                   0x08005b25   Thumb Code    14  handlers.o(i.__scatterload_zeroinit)
    __set_errno                              0x08005b35   Thumb Code     6  errno.o(i.__set_errno)
    abs_limit                                0x08005b41   Thumb Code    48  pid.o(i.abs_limit)
    atan                                     0x08005b71   Thumb Code    16  atan.o(i.atan)
    can_device_init                          0x08005b81   Thumb Code    22  bsp_can.o(i.can_device_init)
    can_filter_init                          0x08005b9d   Thumb Code    52  bsp_can.o(i.can_filter_init)
    can_msg_send_task                        0x08005bd5   Thumb Code    24  comm_task.o(i.can_msg_send_task)
    fabs                                     0x08005bf1   Thumb Code    24  fabs.o(i.fabs)
    flash_read                               0x08005c09   Thumb Code    26  bsp_flash.o(i.flash_read)
    invSqrt                                  0x08005c25   Thumb Code    40  data_processing.o(i.invSqrt)
    main                                     0x08005c51   Thumb Code   184  main.o(i.main)
    pid_calc                                 0x08005d25   Thumb Code   482  pid.o(i.pid_calc)
    send_angle_message                       0x08005f21   Thumb Code    94  bsp_can.o(i.send_angle_message)
    send_palstance_message                   0x08005f91   Thumb Code    82  bsp_can.o(i.send_palstance_message)
    sqrt                                     0x08005ff5   Thumb Code   110  sqrt_full.o(i.sqrt)
    status_task                              0x08006065   Thumb Code   104  status_task.o(i.status_task)
    user_uart_init                           0x080060e1   Thumb Code    28  bsp_uart.o(i.user_uart_init)
    AHBPrescTable                            0x08006104   Data          16  system_stm32f3xx.o(.constdata)
    APBPrescTable                            0x08006114   Data           8  system_stm32f3xx.o(.constdata)
    aPLLMULFactorTable                       0x0800611c   Data          16  stm32f3xx_hal_rcc.o(.constdata)
    aPredivFactorTable                       0x0800612c   Data          16  stm32f3xx_hal_rcc.o(.constdata)
    __mathlib_zero                           0x08006230   Data           8  qnan.o(.constdata)
    Region$$Table$$Base                      0x08006258   Number         0  anon$$obj.o(Region$$Table)
    Region$$Table$$Limit                     0x08006278   Number         0  anon$$obj.o(Region$$Table)
    SystemCoreClock                          0x20000000   Data           4  system_stm32f3xx.o(.data)
    uwTickFreq                               0x20000004   Data           1  stm32f3xx_hal.o(.data)
    uwTickPrio                               0x20000008   Data           4  stm32f3xx_hal.o(.data)
    uwTick                                   0x2000000c   Data           4  stm32f3xx_hal.o(.data)
    palstance_can_tx_data                    0x20000010   Data           8  bsp_can.o(.data)
    angle_can_tx_data                        0x20000018   Data           8  bsp_can.o(.data)
    pitch_angle                              0x20000020   Data           8  bsp_can.o(.data)
    Temperature                              0x20000028   Data           4  bsp_bmi088.o(.data)
    calibration_temperature                  0x2000002c   Data           4  bsp_bmi088.o(.data)
    q0                                       0x20000030   Data           4  bsp_imu.o(.data)
    q1                                       0x20000034   Data           4  bsp_imu.o(.data)
    q2                                       0x20000038   Data           4  bsp_imu.o(.data)
    q3                                       0x2000003c   Data           4  bsp_imu.o(.data)
    halfT                                    0x20000040   Data           4  bsp_imu.o(.data)
    Kp                                       0x20000044   Data           4  bsp_imu.o(.data)
    Ki                                       0x20000048   Data           4  bsp_imu.o(.data)
    INS_DWT_Count                            0x2000004c   Data           4  bsp_imu.o(.data)
    exInt                                    0x20000058   Data           4  bsp_imu.o(.data)
    eyInt                                    0x2000005c   Data           4  bsp_imu.o(.data)
    ezInt                                    0x20000060   Data           4  bsp_imu.o(.data)
    ahrs_count                               0x20000064   Data           4  bsp_imu.o(.data)
    ahrs_norm                                0x20000068   Data           4  bsp_imu.o(.data)
    ez_test                                  0x2000006c   Data           4  bsp_imu.o(.data)
    norm_test                                0x20000070   Data           4  bsp_imu.o(.data)
    last_time                                0x20000074   Data           4  bsp_imu.o(.data)
    d_time                                   0x20000078   Data           4  bsp_imu.o(.data)
    time                                     0x2000007c   Data           4  bsp_imu.o(.data)
    imu_mode                                 0x200000a4   Data           1  bsp_imu.o(.data)
    SysTime                                  0x200000d8   Data           8  bsp_dwt.o(.data)
    CYCCNT64                                 0x200000e0   Data           8  bsp_dwt.o(.data)
    JY901_yaw                                0x200000e8   Data           4  bmi088_read.o(.data)
    current                                  0x200000ec   Data           4  bmi088_read.o(.data)
    Data_Ready_Flag                          0x200000f0   Data           1  status_task.o(.data)
    led_dir                                  0x200000f1   Data           1  status_task.o(.data)
    led_pwm                                  0x200000f2   Data           2  status_task.o(.data)
    Bandstop_Filter_Parameter_30_98          0x200000f4   Data          24  filter.o(.data)
    average                                  0x2000010c   Data           4  kalmanfilter.o(.data)
    buf                                      0x20000110   Data           4  kalmanfilter.o(.data)
    R                                        0x20000114   Data           4  kalmanfilter.o(.data)
    result                                   0x20000118   Data           4  kalmanfilter.o(.data)
    yaw_angle                                0x2000011c   Data           4  kalmanfilter.o(.data)
    kalman2_yaw_param                        0x20000120   Data         180  kalmanfilter.o(.data)
    kalman2_pitch_param                      0x200001d4   Data         180  kalmanfilter.o(.data)
    hcan                                     0x2000028c   Data          40  can.o(.bss)
    hspi3                                    0x200002b4   Data         100  spi.o(.bss)
    htim1                                    0x20000318   Data          64  tim.o(.bss)
    htim2                                    0x20000358   Data          64  tim.o(.bss)
    htim16                                   0x20000398   Data          64  tim.o(.bss)
    htim17                                   0x200003d8   Data          64  tim.o(.bss)
    huart1                                   0x20000418   Data         112  usart.o(.bss)
    hdma_usart1_rx                           0x20000488   Data          68  usart.o(.bss)
    hdma_usart1_tx                           0x200004cc   Data          68  usart.o(.bss)
    htim6                                    0x20000510   Data          64  stm32f3xx_hal_timebase_tim.o(.bss)
    JY901_receive_buff                       0x20000550   Data          22  bsp_uart.o(.bss)
    TxMessage                                0x20000568   Data          24  bsp_can.o(.bss)
    imu_org_data                             0x20000580   Data          18  bsp_bmi088.o(.bss)
    imu_real_data                            0x20000594   Data          80  bsp_imu.o(.bss)
    INS                                      0x200005e4   Data         128  bsp_imu.o(.bss)
    JY901_org_data                           0x20000664   Data          24  bsp_jy901.o(.bss)
    imu_output_data                          0x2000067c   Data          80  bmi088_read.o(.bss)
    palstance_tx_data                        0x200006cc   Data          12  bmi088_read.o(.bss)
    angle_tx_data                            0x200006d8   Data          12  imu_ahrsupdate.o(.bss)
    Gyro_Parameter                           0x200006e4   Data          24  filter.o(.bss)
    Accel_Parameter                          0x200006fc   Data          24  filter.o(.bss)
    gyro_filter_buf_bug                      0x20000714   Data          72  filter.o(.bss)
    gyro_filter_buf                          0x2000075c   Data          72  filter.o(.bss)
    accel_filter_buf                         0x200007a4   Data          72  filter.o(.bss)
    Data_X_MAG                               0x200007ec   Data          12  filter.o(.bss)
    Data_Y_MAG                               0x200007f8   Data          12  filter.o(.bss)
    Data_Z_MAG                               0x20000804   Data          12  filter.o(.bss)
    gyro_filter                              0x20000810   Data          16  filter.o(.bss)
    accel_filter                             0x20000820   Data          16  filter.o(.bss)
    mag_filter                               0x20000830   Data          16  filter.o(.bss)
    gyro_filter_bug                          0x20000840   Data          16  filter.o(.bss)
    Bias                                     0x20000850   Data          80  calibration.o(.bss)
    kalman_gyro_z                            0x200008a0   Data          48  kalmanfilter.o(.bss)
    kalman_gyro_z_stop                       0x200008d0   Data          48  kalmanfilter.o(.bss)
    kalman2_pitch_filter                     0x20000900   Data         108  kalmanfilter.o(.bss)
    kalman2_yaw_filter                       0x2000096c   Data         108  kalmanfilter.o(.bss)
    pid_temperature                          0x200009d8   Data         112  pid.o(.bss)
    __initial_sp                             0x20001048   Data           0  startup_stm32f302x8.o(STACK)



==============================================================================

Memory Map of the image

  Image Entry point : 0x08000189

  Load Region LR_IROM1 (Base: 0x08000000, Size: 0x00006504, Max: 0x00010000, ABSOLUTE, COMPRESSED[0x000062c4])

    Execution Region ER_IROM1 (Exec base: 0x08000000, Load base: 0x08000000, Size: 0x00006278, Max: 0x00010000, ABSOLUTE)

    Exec Addr    Load Addr    Size         Type   Attr      Idx    E Section Name        Object

    0x08000000   0x08000000   0x00000188   Data   RO            3    RESET               startup_stm32f302x8.o
    0x08000188   0x08000188   0x00000000   Code   RO         5519  * .ARM.Collect$$$$00000000  mc_w.l(entry.o)
    0x08000188   0x08000188   0x00000004   Code   RO         5632    .ARM.Collect$$$$00000001  mc_w.l(entry2.o)
    0x0800018c   0x0800018c   0x00000004   Code   RO         5635    .ARM.Collect$$$$00000004  mc_w.l(entry5.o)
    0x08000190   0x08000190   0x00000000   Code   RO         5637    .ARM.Collect$$$$00000008  mc_w.l(entry7b.o)
    0x08000190   0x08000190   0x00000000   Code   RO         5639    .ARM.Collect$$$$0000000A  mc_w.l(entry8b.o)
    0x08000190   0x08000190   0x00000008   Code   RO         5640    .ARM.Collect$$$$0000000B  mc_w.l(entry9a.o)
    0x08000198   0x08000198   0x00000000   Code   RO         5642    .ARM.Collect$$$$0000000D  mc_w.l(entry10a.o)
    0x08000198   0x08000198   0x00000000   Code   RO         5644    .ARM.Collect$$$$0000000F  mc_w.l(entry11a.o)
    0x08000198   0x08000198   0x00000004   Code   RO         5633    .ARM.Collect$$$$00002712  mc_w.l(entry2.o)
    0x0800019c   0x0800019c   0x00000024   Code   RO            4    .text               startup_stm32f302x8.o
    0x080001c0   0x080001c0   0x00000008   Code   RO         5244    .text               arm_cortexM4lf_math.lib(arm_mat_init_f32.o)
    0x080001c8   0x080001c8   0x00000114   Code   RO         5340    .text               arm_cortexM4lf_math.lib(arm_mat_trans_f32.o)
    0x080002dc   0x080002dc   0x00000020   Code   RO         5524    .text               mc_w.l(llushr.o)
    0x080002fc   0x080002fc   0x00000024   Code   RO         5528    .text               mc_w.l(memseta.o)
    0x08000320   0x08000320   0x0000014e   Code   RO         5560    .text               mf_w.l(dadd.o)
    0x0800046e   0x0800046e   0x000000e4   Code   RO         5562    .text               mf_w.l(dmul.o)
    0x08000552   0x08000552   0x000000de   Code   RO         5564    .text               mf_w.l(ddiv.o)
    0x08000630   0x08000630   0x00000022   Code   RO         5566    .text               mf_w.l(dflti.o)
    0x08000652   0x08000652   0x00000026   Code   RO         5570    .text               mf_w.l(f2d.o)
    0x08000678   0x08000678   0x00000038   Code   RO         5572    .text               mf_w.l(d2f.o)
    0x080006b0   0x080006b0   0x0000001e   Code   RO         5646    .text               mc_w.l(llshl.o)
    0x080006ce   0x080006ce   0x00000024   Code   RO         5648    .text               mc_w.l(llsshr.o)
    0x080006f2   0x080006f2   0x00000000   Code   RO         5659    .text               mc_w.l(iusefp.o)
    0x080006f2   0x080006f2   0x0000006e   Code   RO         5660    .text               mf_w.l(fepilogue.o)
    0x08000760   0x08000760   0x000000ba   Code   RO         5662    .text               mf_w.l(depilogue.o)
    0x0800081a   0x0800081a   0x000000a2   Code   RO         5666    .text               mf_w.l(dsqrt.o)
    0x080008bc   0x080008bc   0x00000024   Code   RO         5670    .text               mc_w.l(init.o)
    0x080008e0   0x080008e0   0x00000056   Code   RO         5680    .text               mc_w.l(__dczerorl2.o)
    0x08000936   0x08000936   0x00000002   PAD
    0x08000938   0x08000938   0x000001d0   Code   RO         4753    i.BMI088_Filter     filter.o
    0x08000b08   0x08000b08   0x00000104   Code   RO         4289    i.BMI088_Init       bsp_bmi088.o
    0x08000c0c   0x08000c0c   0x00000060   Code   RO         4052    i.BMI088_Read_Reg   bsp_spi.o
    0x08000c6c   0x08000c6c   0x00000044   Code   RO         4053    i.BMI088_Write_Reg  bsp_spi.o
    0x08000cb0   0x08000cb0   0x000000d4   Code   RO         4290    i.BMI088_original_data_read  bsp_bmi088.o
    0x08000d84   0x08000d84   0x00000080   Code   RO         4291    i.BMI088_temp_data_read  bsp_bmi088.o
    0x08000e04   0x08000e04   0x00000098   Code   RO         4587    i.BMI_Read          bmi088_read.o
    0x08000e9c   0x08000e9c   0x00000002   Code   RO         3883    i.BusFault_Handler  stm32f3xx_it.o
    0x08000e9e   0x08000e9e   0x00000002   PAD
    0x08000ea0   0x08000ea0   0x0000003c   Code   RO         4754    i.Butterworth_Parameter_Init  filter.o
    0x08000edc   0x08000edc   0x00000030   Code   RO         4878    i.CreateKalman1Filter  kalmanfilter.o
    0x08000f0c   0x08000f0c   0x000000e2   Code   RO         4879    i.CreateKalman2Filter  kalmanfilter.o
    0x08000fee   0x08000fee   0x00000002   PAD
    0x08000ff0   0x08000ff0   0x0000000c   Code   RO         3884    i.DMA1_Channel4_IRQHandler  stm32f3xx_it.o
    0x08000ffc   0x08000ffc   0x0000000c   Code   RO         3885    i.DMA1_Channel5_IRQHandler  stm32f3xx_it.o
    0x08001008   0x08001008   0x00000020   Code   RO         2466    i.DMA_CalcBaseAndBitshift  stm32f3xx_hal_dma.o
    0x08001028   0x08001028   0x0000002a   Code   RO         2467    i.DMA_SetConfig     stm32f3xx_hal_dma.o
    0x08001052   0x08001052   0x00000002   PAD
    0x08001054   0x08001054   0x00000048   Code   RO         4517    i.DWT_Init          bsp_dwt.o
    0x0800109c   0x0800109c   0x00000020   Code   RO         4711    i.Data_Not_Ready    status_task.o
    0x080010bc   0x080010bc   0x0000001c   Code   RO         4712    i.Data_Ready        status_task.o
    0x080010d8   0x080010d8   0x00000002   Code   RO         3886    i.DebugMon_Handler  stm32f3xx_it.o
    0x080010da   0x080010da   0x00000002   Code   RO         3491    i.Error_Handler     main.o
    0x080010dc   0x080010dc   0x00000014   Code   RO         4848    i.Float2Byte        data_processing.o
    0x080010f0   0x080010f0   0x000000c8   Code   RO          153    i.HAL_CAN_AddTxMessage  stm32f3xx_hal_can.o
    0x080011b8   0x080011b8   0x000000ee   Code   RO          154    i.HAL_CAN_ConfigFilter  stm32f3xx_hal_can.o
    0x080012a6   0x080012a6   0x00000002   Code   RO          157    i.HAL_CAN_ErrorCallback  stm32f3xx_hal_can.o
    0x080012a8   0x080012a8   0x0000002c   Code   RO          162    i.HAL_CAN_GetTxMailboxesFreeLevel  stm32f3xx_hal_can.o
    0x080012d4   0x080012d4   0x000001fc   Code   RO          164    i.HAL_CAN_IRQHandler  stm32f3xx_hal_can.o
    0x080014d0   0x080014d0   0x0000011a   Code   RO          165    i.HAL_CAN_Init      stm32f3xx_hal_can.o
    0x080015ea   0x080015ea   0x00000002   PAD
    0x080015ec   0x080015ec   0x00000074   Code   RO         3668    i.HAL_CAN_MspInit   can.o
    0x08001660   0x08001660   0x00000002   Code   RO          172    i.HAL_CAN_RxFifo0FullCallback  stm32f3xx_hal_can.o
    0x08001662   0x08001662   0x00000002   Code   RO          173    i.HAL_CAN_RxFifo0MsgPendingCallback  stm32f3xx_hal_can.o
    0x08001664   0x08001664   0x00000002   Code   RO          174    i.HAL_CAN_RxFifo1FullCallback  stm32f3xx_hal_can.o
    0x08001666   0x08001666   0x00000002   Code   RO          175    i.HAL_CAN_RxFifo1MsgPendingCallback  stm32f3xx_hal_can.o
    0x08001668   0x08001668   0x00000002   Code   RO          176    i.HAL_CAN_SleepCallback  stm32f3xx_hal_can.o
    0x0800166a   0x0800166a   0x00000002   PAD
    0x0800166c   0x0800166c   0x00000058   Code   RO          177    i.HAL_CAN_Start     stm32f3xx_hal_can.o
    0x080016c4   0x080016c4   0x00000002   Code   RO          179    i.HAL_CAN_TxMailbox0AbortCallback  stm32f3xx_hal_can.o
    0x080016c6   0x080016c6   0x00000002   Code   RO          180    i.HAL_CAN_TxMailbox0CompleteCallback  stm32f3xx_hal_can.o
    0x080016c8   0x080016c8   0x00000002   Code   RO          181    i.HAL_CAN_TxMailbox1AbortCallback  stm32f3xx_hal_can.o
    0x080016ca   0x080016ca   0x00000002   Code   RO          182    i.HAL_CAN_TxMailbox1CompleteCallback  stm32f3xx_hal_can.o
    0x080016cc   0x080016cc   0x00000002   Code   RO          183    i.HAL_CAN_TxMailbox2AbortCallback  stm32f3xx_hal_can.o
    0x080016ce   0x080016ce   0x00000002   Code   RO          184    i.HAL_CAN_TxMailbox2CompleteCallback  stm32f3xx_hal_can.o
    0x080016d0   0x080016d0   0x00000002   Code   RO          186    i.HAL_CAN_WakeUpFromRxMsgCallback  stm32f3xx_hal_can.o
    0x080016d2   0x080016d2   0x00000030   Code   RO         2468    i.HAL_DMA_Abort     stm32f3xx_hal_dma.o
    0x08001702   0x08001702   0x0000004a   Code   RO         2469    i.HAL_DMA_Abort_IT  stm32f3xx_hal_dma.o
    0x0800174c   0x0800174c   0x000000a8   Code   RO         2473    i.HAL_DMA_IRQHandler  stm32f3xx_hal_dma.o
    0x080017f4   0x080017f4   0x0000004e   Code   RO         2474    i.HAL_DMA_Init      stm32f3xx_hal_dma.o
    0x08001842   0x08001842   0x00000070   Code   RO         2478    i.HAL_DMA_Start_IT  stm32f3xx_hal_dma.o
    0x080018b2   0x080018b2   0x00000002   PAD
    0x080018b4   0x080018b4   0x00000024   Code   RO         2086    i.HAL_Delay         stm32f3xx_hal.o
    0x080018d8   0x080018d8   0x00000180   Code   RO         2403    i.HAL_GPIO_Init     stm32f3xx_hal_gpio.o
    0x08001a58   0x08001a58   0x0000000a   Code   RO         2407    i.HAL_GPIO_WritePin  stm32f3xx_hal_gpio.o
    0x08001a62   0x08001a62   0x00000002   PAD
    0x08001a64   0x08001a64   0x0000000c   Code   RO         2090    i.HAL_GetTick       stm32f3xx_hal.o
    0x08001a70   0x08001a70   0x00000010   Code   RO         2096    i.HAL_IncTick       stm32f3xx_hal.o
    0x08001a80   0x08001a80   0x00000024   Code   RO         2097    i.HAL_Init          stm32f3xx_hal.o
    0x08001aa4   0x08001aa4   0x00000074   Code   RO         4013    i.HAL_InitTick      stm32f3xx_hal_timebase_tim.o
    0x08001b18   0x08001b18   0x0000002c   Code   RO         3989    i.HAL_MspInit       stm32f3xx_hal_msp.o
    0x08001b44   0x08001b44   0x00000016   Code   RO         2568    i.HAL_NVIC_EnableIRQ  stm32f3xx_hal_cortex.o
    0x08001b5a   0x08001b5a   0x00000002   PAD
    0x08001b5c   0x08001b5c   0x00000040   Code   RO         2574    i.HAL_NVIC_SetPriority  stm32f3xx_hal_cortex.o
    0x08001b9c   0x08001b9c   0x00000024   Code   RO         2575    i.HAL_NVIC_SetPriorityGrouping  stm32f3xx_hal_cortex.o
    0x08001bc0   0x08001bc0   0x000001f4   Code   RO         2360    i.HAL_RCCEx_PeriphCLKConfig  stm32f3xx_hal_rcc_ex.o
    0x08001db4   0x08001db4   0x00000144   Code   RO         2254    i.HAL_RCC_ClockConfig  stm32f3xx_hal_rcc.o
    0x08001ef8   0x08001ef8   0x00000040   Code   RO         2258    i.HAL_RCC_GetClockConfig  stm32f3xx_hal_rcc.o
    0x08001f38   0x08001f38   0x00000030   Code   RO         2261    i.HAL_RCC_GetPCLK1Freq  stm32f3xx_hal_rcc.o
    0x08001f68   0x08001f68   0x00000030   Code   RO         2262    i.HAL_RCC_GetPCLK2Freq  stm32f3xx_hal_rcc.o
    0x08001f98   0x08001f98   0x00000068   Code   RO         2263    i.HAL_RCC_GetSysClockFreq  stm32f3xx_hal_rcc.o
    0x08002000   0x08002000   0x00000590   Code   RO         2266    i.HAL_RCC_OscConfig  stm32f3xx_hal_rcc.o
    0x08002590   0x08002590   0x000000b6   Code   RO          400    i.HAL_SPI_Init      stm32f3xx_hal_spi.o
    0x08002646   0x08002646   0x00000002   PAD
    0x08002648   0x08002648   0x00000064   Code   RO         3734    i.HAL_SPI_MspInit   spi.o
    0x080026ac   0x080026ac   0x0000023e   Code   RO          409    i.HAL_SPI_TransmitReceive  stm32f3xx_hal_spi.o
    0x080028ea   0x080028ea   0x00000002   Code   RO         1386    i.HAL_TIMEx_Break2Callback  stm32f3xx_hal_tim_ex.o
    0x080028ec   0x080028ec   0x00000002   Code   RO         1387    i.HAL_TIMEx_BreakCallback  stm32f3xx_hal_tim_ex.o
    0x080028ee   0x080028ee   0x00000002   Code   RO         1388    i.HAL_TIMEx_CommutationCallback  stm32f3xx_hal_tim_ex.o
    0x080028f0   0x080028f0   0x00000088   Code   RO         1389    i.HAL_TIMEx_ConfigBreakDeadTime  stm32f3xx_hal_tim_ex.o
    0x08002978   0x08002978   0x0000004c   Code   RO         1405    i.HAL_TIMEx_MasterConfigSynchronization  stm32f3xx_hal_tim_ex.o
    0x080029c4   0x080029c4   0x00000036   Code   RO          742    i.HAL_TIM_Base_Init  stm32f3xx_hal_tim.o
    0x080029fa   0x080029fa   0x00000002   PAD
    0x080029fc   0x080029fc   0x00000084   Code   RO         3776    i.HAL_TIM_Base_MspInit  tim.o
    0x08002a80   0x08002a80   0x00000018   Code   RO          747    i.HAL_TIM_Base_Start_IT  stm32f3xx_hal_tim.o
    0x08002a98   0x08002a98   0x000000fc   Code   RO          751    i.HAL_TIM_ConfigClockSource  stm32f3xx_hal_tim.o
    0x08002b94   0x08002b94   0x00000002   Code   RO          773    i.HAL_TIM_IC_CaptureCallback  stm32f3xx_hal_tim.o
    0x08002b96   0x08002b96   0x00000184   Code   RO          786    i.HAL_TIM_IRQHandler  stm32f3xx_hal_tim.o
    0x08002d1a   0x08002d1a   0x00000002   PAD
    0x08002d1c   0x08002d1c   0x00000074   Code   RO         3777    i.HAL_TIM_MspPostInit  tim.o
    0x08002d90   0x08002d90   0x00000002   Code   RO          789    i.HAL_TIM_OC_DelayElapsedCallback  stm32f3xx_hal_tim.o
    0x08002d92   0x08002d92   0x00000128   Code   RO         1425    i.HAL_TIM_PWM_ConfigChannel  stm32f3xx_hal_tim_ex.o
    0x08002eba   0x08002eba   0x00000036   Code   RO          813    i.HAL_TIM_PWM_Init  stm32f3xx_hal_tim.o
    0x08002ef0   0x08002ef0   0x00000002   Code   RO          815    i.HAL_TIM_PWM_MspInit  stm32f3xx_hal_tim.o
    0x08002ef2   0x08002ef2   0x00000002   Code   RO          816    i.HAL_TIM_PWM_PulseFinishedCallback  stm32f3xx_hal_tim.o
    0x08002ef4   0x08002ef4   0x0000004c   Code   RO          817    i.HAL_TIM_PWM_Start  stm32f3xx_hal_tim.o
    0x08002f40   0x08002f40   0x00000040   Code   RO         3492    i.HAL_TIM_PeriodElapsedCallback  main.o
    0x08002f80   0x08002f80   0x00000002   Code   RO          827    i.HAL_TIM_TriggerCallback  stm32f3xx_hal_tim.o
    0x08002f82   0x08002f82   0x00000002   Code   RO         2030    i.HAL_UARTEx_WakeupCallback  stm32f3xx_hal_uart_ex.o
    0x08002f84   0x08002f84   0x00000054   Code   RO         1685    i.HAL_UART_DMAStop  stm32f3xx_hal_uart.o
    0x08002fd8   0x08002fd8   0x00000002   Code   RO         1687    i.HAL_UART_ErrorCallback  stm32f3xx_hal_uart.o
    0x08002fda   0x08002fda   0x00000002   PAD
    0x08002fdc   0x08002fdc   0x00000140   Code   RO         1690    i.HAL_UART_IRQHandler  stm32f3xx_hal_uart.o
    0x0800311c   0x0800311c   0x0000006a   Code   RO         1691    i.HAL_UART_Init     stm32f3xx_hal_uart.o
    0x08003186   0x08003186   0x00000002   PAD
    0x08003188   0x08003188   0x000000cc   Code   RO         3842    i.HAL_UART_MspInit  usart.o
    0x08003254   0x08003254   0x00000090   Code   RO         1695    i.HAL_UART_Receive_DMA  stm32f3xx_hal_uart.o
    0x080032e4   0x080032e4   0x00000002   Code   RO         1697    i.HAL_UART_RxCpltCallback  stm32f3xx_hal_uart.o
    0x080032e6   0x080032e6   0x00000002   Code   RO         1698    i.HAL_UART_RxHalfCpltCallback  stm32f3xx_hal_uart.o
    0x080032e8   0x080032e8   0x00000002   Code   RO         1702    i.HAL_UART_TxCpltCallback  stm32f3xx_hal_uart.o
    0x080032ea   0x080032ea   0x00000002   Code   RO         3887    i.HardFault_Handler  stm32f3xx_it.o
    0x080032ec   0x080032ec   0x00000050   Code   RO         4094    i.IIC_Soft_Init     bsp_iic.o
    0x0800333c   0x0800333c   0x00000724   Code   RO         4341    i.IMU_AHRS_Calcu    bsp_imu.o
    0x08003a60   0x08003a60   0x00000038   Code   RO         4654    i.IMU_AHRSupdate_task  imu_ahrsupdate.o
    0x08003a98   0x08003a98   0x000000e4   Code   RO         4343    i.IMU_Values_Convert  bsp_imu.o
    0x08003b7c   0x08003b7c   0x0000006c   Code   RO         4414    i.JY901_original_data_read  bsp_jy901.o
    0x08003be8   0x08003be8   0x00000050   Code   RO         4883    i.Kalman_init       kalmanfilter.o
    0x08003c38   0x08003c38   0x00000056   Code   RO         4757    i.LPButterworth     filter.o
    0x08003c8e   0x08003c8e   0x00000002   PAD
    0x08003c90   0x08003c90   0x00000044   Code   RO         3669    i.MX_CAN_Init       can.o
    0x08003cd4   0x08003cd4   0x0000003c   Code   RO         3709    i.MX_DMA_Init       dma.o
    0x08003d10   0x08003d10   0x0000006c   Code   RO         3643    i.MX_GPIO_Init      gpio.o
    0x08003d7c   0x08003d7c   0x00000050   Code   RO         3735    i.MX_SPI3_Init      spi.o
    0x08003dcc   0x08003dcc   0x00000038   Code   RO         3778    i.MX_TIM16_Init     tim.o
    0x08003e04   0x08003e04   0x00000098   Code   RO         3779    i.MX_TIM17_Init     tim.o
    0x08003e9c   0x08003e9c   0x0000006c   Code   RO         3780    i.MX_TIM1_Init      tim.o
    0x08003f08   0x08003f08   0x00000098   Code   RO         3781    i.MX_TIM2_Init      tim.o
    0x08003fa0   0x08003fa0   0x0000003c   Code   RO         3843    i.MX_USART1_UART_Init  usart.o
    0x08003fdc   0x08003fdc   0x00000002   Code   RO         3888    i.MemManage_Handler  stm32f3xx_it.o
    0x08003fde   0x08003fde   0x00000002   Code   RO         3889    i.NMI_Handler       stm32f3xx_it.o
    0x08003fe0   0x08003fe0   0x00000020   Code   RO         2581    i.NVIC_SetPriority  stm32f3xx_hal_cortex.o
    0x08004000   0x08004000   0x00000018   Code   RO         4962    i.PID_struct_init   pid.o
    0x08004018   0x08004018   0x00000002   Code   RO         3890    i.PendSV_Handler    stm32f3xx_it.o
    0x0800401a   0x0800401a   0x00000048   Code   RO          438    i.SPI_EndRxTxTransaction  stm32f3xx_hal_spi.o
    0x08004062   0x08004062   0x00000002   PAD
    0x08004064   0x08004064   0x00000020   Code   RO         4054    i.SPI_Read_Write_Byte  bsp_spi.o
    0x08004084   0x08004084   0x0000009e   Code   RO          443    i.SPI_WaitFifoStateUntilTimeout  stm32f3xx_hal_spi.o
    0x08004122   0x08004122   0x00000094   Code   RO          444    i.SPI_WaitFlagStateUntilTimeout  stm32f3xx_hal_spi.o
    0x080041b6   0x080041b6   0x00000002   Code   RO         3891    i.SVC_Handler       stm32f3xx_it.o
    0x080041b8   0x080041b8   0x000000a8   Code   RO         4758    i.Set_Cutoff_Frequency  filter.o
    0x08004260   0x08004260   0x00000070   Code   RO         3493    i.SystemClock_Config  main.o
    0x080042d0   0x080042d0   0x00000068   Code   RO           14    i.SystemInit        system_stm32f3xx.o
    0x08004338   0x08004338   0x0000001c   Code   RO         3892    i.TIM1_UP_TIM16_IRQHandler  stm32f3xx_it.o
    0x08004354   0x08004354   0x0000000c   Code   RO         3893    i.TIM6_DAC_IRQHandler  stm32f3xx_it.o
    0x08004360   0x08004360   0x00000078   Code   RO          828    i.TIM_Base_SetConfig  stm32f3xx_hal_tim.o
    0x080043d8   0x080043d8   0x00000016   Code   RO          829    i.TIM_CCxChannelCmd  stm32f3xx_hal_tim.o
    0x080043ee   0x080043ee   0x00000014   Code   RO          835    i.TIM_ETR_SetConfig  stm32f3xx_hal_tim.o
    0x08004402   0x08004402   0x00000010   Code   RO          836    i.TIM_ITRx_SetConfig  stm32f3xx_hal_tim.o
    0x08004412   0x08004412   0x00000002   PAD
    0x08004414   0x08004414   0x00000088   Code   RO          837    i.TIM_OC1_SetConfig  stm32f3xx_hal_tim.o
    0x0800449c   0x0800449c   0x00000080   Code   RO          838    i.TIM_OC2_SetConfig  stm32f3xx_hal_tim.o
    0x0800451c   0x0800451c   0x00000080   Code   RO          839    i.TIM_OC3_SetConfig  stm32f3xx_hal_tim.o
    0x0800459c   0x0800459c   0x0000006c   Code   RO          840    i.TIM_OC4_SetConfig  stm32f3xx_hal_tim.o
    0x08004608   0x08004608   0x00000064   Code   RO         1428    i.TIM_OC5_SetConfig  stm32f3xx_hal_tim_ex.o
    0x0800466c   0x0800466c   0x00000068   Code   RO         1429    i.TIM_OC6_SetConfig  stm32f3xx_hal_tim_ex.o
    0x080046d4   0x080046d4   0x00000022   Code   RO          842    i.TIM_TI1_ConfigInputStage  stm32f3xx_hal_tim.o
    0x080046f6   0x080046f6   0x00000024   Code   RO          844    i.TIM_TI2_ConfigInputStage  stm32f3xx_hal_tim.o
    0x0800471a   0x0800471a   0x000000c8   Code   RO         1704    i.UART_AdvFeatureConfig  stm32f3xx_hal_uart.o
    0x080047e2   0x080047e2   0x0000005c   Code   RO         1705    i.UART_CheckIdleState  stm32f3xx_hal_uart.o
    0x0800483e   0x0800483e   0x00000014   Code   RO         1706    i.UART_DMAAbortOnError  stm32f3xx_hal_uart.o
    0x08004852   0x08004852   0x0000004a   Code   RO         1707    i.UART_DMAError     stm32f3xx_hal_uart.o
    0x0800489c   0x0800489c   0x0000003e   Code   RO         1708    i.UART_DMAReceiveCplt  stm32f3xx_hal_uart.o
    0x080048da   0x080048da   0x0000000a   Code   RO         1710    i.UART_DMARxHalfCplt  stm32f3xx_hal_uart.o
    0x080048e4   0x080048e4   0x0000001c   Code   RO         1716    i.UART_EndRxTransfer  stm32f3xx_hal_uart.o
    0x08004900   0x08004900   0x0000001a   Code   RO         1717    i.UART_EndTransmit_IT  stm32f3xx_hal_uart.o
    0x0800491a   0x0800491a   0x00000012   Code   RO         1718    i.UART_EndTxTransfer  stm32f3xx_hal_uart.o
    0x0800492c   0x0800492c   0x00000076   Code   RO         1719    i.UART_Receive_IT   stm32f3xx_hal_uart.o
    0x080049a2   0x080049a2   0x00000002   PAD
    0x080049a4   0x080049a4   0x0000014c   Code   RO         1720    i.UART_SetConfig    stm32f3xx_hal_uart.o
    0x08004af0   0x08004af0   0x00000064   Code   RO         1721    i.UART_Transmit_IT  stm32f3xx_hal_uart.o
    0x08004b54   0x08004b54   0x00000064   Code   RO         1722    i.UART_WaitOnFlagUntilTimeout  stm32f3xx_hal_uart.o
    0x08004bb8   0x08004bb8   0x00000018   Code   RO         3894    i.USART1_IRQHandler  stm32f3xx_it.o
    0x08004bd0   0x08004bd0   0x00000034   Code   RO         4166    i.USAR_UART_IDLECallback  bsp_uart.o
    0x08004c04   0x08004c04   0x0000000c   Code   RO         3895    i.USB_HP_CAN_TX_IRQHandler  stm32f3xx_it.o
    0x08004c10   0x08004c10   0x00000024   Code   RO         4167    i.USER_UART_IRQHandler  bsp_uart.o
    0x08004c34   0x08004c34   0x00000002   Code   RO         3896    i.UsageFault_Handler  stm32f3xx_it.o
    0x08004c36   0x08004c36   0x00000030   Code   RO         5608    i.__ARM_fpclassify  m_wm.l(fpclassify.o)
    0x08004c66   0x08004c66   0x00000026   Code   RO         5610    i.__ARM_fpclassifyf  m_wm.l(fpclassifyf.o)
    0x08004c8c   0x08004c8c   0x00000004   PAD
    0x08004c90   0x08004c90   0x00000360   Code   RO         5421    i.__hardfp_asin     m_wm.l(asin.o)
    0x08004ff0   0x08004ff0   0x000002d8   Code   RO         5574    i.__hardfp_atan     m_wm.l(atan.o)
    0x080052c8   0x080052c8   0x000001f0   Code   RO         5447    i.__hardfp_atan2    m_wm.l(atan2.o)
    0x080054b8   0x080054b8   0x00000150   Code   RO         5471    i.__hardfp_cosf     m_wm.l(cosf.o)
    0x08005608   0x08005608   0x0000007a   Code   RO         5495    i.__hardfp_sqrt     m_wm.l(sqrt_full.o)
    0x08005682   0x08005682   0x0000003a   Code   RO         5501    i.__hardfp_sqrtf    m_wm.l(sqrtf_full.o)
    0x080056bc   0x080056bc   0x0000017c   Code   RO         5483    i.__hardfp_tanf     m_wm.l(tanf.o)
    0x08005838   0x08005838   0x000000f8   Code   RO         5626    i.__kernel_poly     m_wm.l(poly.o)
    0x08005930   0x08005930   0x00000014   Code   RO         5589    i.__mathlib_dbl_infnan  m_wm.l(dunder.o)
    0x08005944   0x08005944   0x00000014   Code   RO         5590    i.__mathlib_dbl_infnan2  m_wm.l(dunder.o)
    0x08005958   0x08005958   0x00000020   Code   RO         5591    i.__mathlib_dbl_invalid  m_wm.l(dunder.o)
    0x08005978   0x08005978   0x00000020   Code   RO         5594    i.__mathlib_dbl_underflow  m_wm.l(dunder.o)
    0x08005998   0x08005998   0x00000006   Code   RO         5613    i.__mathlib_flt_infnan  m_wm.l(funder.o)
    0x0800599e   0x0800599e   0x00000002   PAD
    0x080059a0   0x080059a0   0x00000010   Code   RO         5615    i.__mathlib_flt_invalid  m_wm.l(funder.o)
    0x080059b0   0x080059b0   0x00000010   Code   RO         5618    i.__mathlib_flt_underflow  m_wm.l(funder.o)
    0x080059c0   0x080059c0   0x00000154   Code   RO         5629    i.__mathlib_rredf2  m_wm.l(rredf.o)
    0x08005b14   0x08005b14   0x0000000e   Code   RO         5674    i.__scatterload_copy  mc_w.l(handlers.o)
    0x08005b22   0x08005b22   0x00000002   Code   RO         5675    i.__scatterload_null  mc_w.l(handlers.o)
    0x08005b24   0x08005b24   0x0000000e   Code   RO         5676    i.__scatterload_zeroinit  mc_w.l(handlers.o)
    0x08005b32   0x08005b32   0x00000002   PAD
    0x08005b34   0x08005b34   0x0000000c   Code   RO         5654    i.__set_errno       mc_w.l(errno.o)
    0x08005b40   0x08005b40   0x00000030   Code   RO         4963    i.abs_limit         pid.o
    0x08005b70   0x08005b70   0x00000010   Code   RO         5576    i.atan              m_wm.l(atan.o)
    0x08005b80   0x08005b80   0x0000001c   Code   RO         4219    i.can_device_init   bsp_can.o
    0x08005b9c   0x08005b9c   0x00000038   Code   RO         4220    i.can_filter_init   bsp_can.o
    0x08005bd4   0x08005bd4   0x0000001c   Code   RO         4687    i.can_msg_send_task  comm_task.o
    0x08005bf0   0x08005bf0   0x00000018   Code   RO         5604    i.fabs              m_wm.l(fabs.o)
    0x08005c08   0x08005c08   0x0000001a   Code   RO         4475    i.flash_read        bsp_flash.o
    0x08005c22   0x08005c22   0x00000002   PAD
    0x08005c24   0x08005c24   0x0000002c   Code   RO         4849    i.invSqrt           data_processing.o
    0x08005c50   0x08005c50   0x000000d4   Code   RO         3494    i.main              main.o
    0x08005d24   0x08005d24   0x000001e8   Code   RO         4964    i.pid_calc          pid.o
    0x08005f0c   0x08005f0c   0x0000000e   Code   RO         4965    i.pid_param_init    pid.o
    0x08005f1a   0x08005f1a   0x00000006   Code   RO         4966    i.pid_reset         pid.o
    0x08005f20   0x08005f20   0x00000070   Code   RO         4221    i.send_angle_message  bsp_can.o
    0x08005f90   0x08005f90   0x00000064   Code   RO         4222    i.send_palstance_message  bsp_can.o
    0x08005ff4   0x08005ff4   0x0000006e   Code   RO         5497    i.sqrt              m_wm.l(sqrt_full.o)
    0x08006062   0x08006062   0x00000002   PAD
    0x08006064   0x08006064   0x0000007c   Code   RO         4713    i.status_task       status_task.o
    0x080060e0   0x080060e0   0x00000024   Code   RO         4168    i.user_uart_init    bsp_uart.o
    0x08006104   0x08006104   0x00000010   Data   RO           15    .constdata          system_stm32f3xx.o
    0x08006114   0x08006114   0x00000008   Data   RO           16    .constdata          system_stm32f3xx.o
    0x0800611c   0x0800611c   0x00000020   Data   RO         2267    .constdata          stm32f3xx_hal_rcc.o
    0x0800613c   0x0800613c   0x0000000c   Data   RO         4293    .constdata          bsp_bmi088.o
    0x08006148   0x08006148   0x00000050   Data   RO         5424    .constdata          m_wm.l(asin.o)
    0x08006198   0x08006198   0x00000098   Data   RO         5577    .constdata          m_wm.l(atan.o)
    0x08006230   0x08006230   0x00000008   Data   RO         5628    .constdata          m_wm.l(qnan.o)
    0x08006238   0x08006238   0x00000020   Data   RO         5630    .constdata          m_wm.l(rredf.o)
    0x08006258   0x08006258   0x00000020   Data   RO         5672    Region$$Table       anon$$obj.o


    Execution Region RW_IRAM1 (Exec base: 0x20000000, Load base: 0x08006278, Size: 0x00001048, Max: 0x00004000, ABSOLUTE, COMPRESSED[0x0000004c])

    Exec Addr    Load Addr    Size         Type   Attr      Idx    E Section Name        Object

    0x20000000   COMPRESSED   0x00000004   Data   RW           17    .data               system_stm32f3xx.o
    0x20000004   COMPRESSED   0x0000000c   Data   RW         2104    .data               stm32f3xx_hal.o
    0x20000010   COMPRESSED   0x00000018   Data   RW         4224    .data               bsp_can.o
    0x20000028   COMPRESSED   0x00000004   Data   RW         4294    .data               bsp_bmi088.o
    0x2000002c   COMPRESSED   0x00000004   Data   RW         4295    .data               bsp_bmi088.o
    0x20000030   COMPRESSED   0x00000074   Data   RW         4346    .data               bsp_imu.o
    0x200000a4   COMPRESSED   0x00000001   Data   RW         4349    .data               bsp_imu.o
    0x200000a5   COMPRESSED   0x00000003   PAD
    0x200000a8   COMPRESSED   0x00000040   Data   RW         4519    .data               bsp_dwt.o
    0x200000e8   COMPRESSED   0x00000008   Data   RW         4594    .data               bmi088_read.o
    0x200000f0   COMPRESSED   0x00000004   Data   RW         4714    .data               status_task.o
    0x200000f4   COMPRESSED   0x00000018   Data   RW         4760    .data               filter.o
    0x2000010c   COMPRESSED   0x0000017c   Data   RW         4890    .data               kalmanfilter.o
    0x20000288   COMPRESSED   0x00000004   Data   RW         5655    .data               mc_w.l(errno.o)
    0x2000028c        -       0x00000028   Zero   RW         3670    .bss                can.o
    0x200002b4        -       0x00000064   Zero   RW         3736    .bss                spi.o
    0x20000318        -       0x00000100   Zero   RW         3782    .bss                tim.o
    0x20000418        -       0x000000f8   Zero   RW         3844    .bss                usart.o
    0x20000510        -       0x00000040   Zero   RW         4016    .bss                stm32f3xx_hal_timebase_tim.o
    0x20000550        -       0x00000016   Zero   RW         4169    .bss                bsp_uart.o
    0x20000566   COMPRESSED   0x00000002   PAD
    0x20000568        -       0x00000018   Zero   RW         4223    .bss                bsp_can.o
    0x20000580        -       0x00000012   Zero   RW         4292    .bss                bsp_bmi088.o
    0x20000592   COMPRESSED   0x00000002   PAD
    0x20000594        -       0x000000d0   Zero   RW         4344    .bss                bsp_imu.o
    0x20000664        -       0x00000018   Zero   RW         4415    .bss                bsp_jy901.o
    0x2000067c        -       0x0000005c   Zero   RW         4588    .bss                bmi088_read.o
    0x200006d8        -       0x0000000c   Zero   RW         4655    .bss                imu_ahrsupdate.o
    0x200006e4        -       0x0000016c   Zero   RW         4759    .bss                filter.o
    0x20000850        -       0x00000050   Zero   RW         4817    .bss                calibration.o
    0x200008a0        -       0x00000138   Zero   RW         4888    .bss                kalmanfilter.o
    0x200009d8        -       0x00000070   Zero   RW         4983    .bss                pid.o
    0x20000a48        -       0x00000600   Zero   RW            1    STACK               startup_stm32f302x8.o


==============================================================================

Image component sizes


      Code (inc. data)   RO Data    RW Data    ZI Data      Debug   Object Name

       152         34          0          8         92       3258   bmi088_read.o
       600         52         12          8         18       4244   bsp_bmi088.o
       296         46          0         24         24       2938   bsp_can.o
        72         18          0         64          0       2290   bsp_dwt.o
        26          0          0          0          0        665   bsp_flash.o
        80          6          0          0          0        888   bsp_iic.o
      2056         80          0        117        208       5422   bsp_imu.o
       108         14          0          0         24       1596   bsp_jy901.o
       196          4          0          0          0       2227   bsp_spi.o
       124         22          0          0         22       2186   bsp_uart.o
         0          0          0          0         80       1997   calibration.o
       184         20          0          0         40       1703   can.o
        28          4          0          0          0        544   comm_task.o
        64          4          0          0          0       1271   data_processing.o
        60          4          0          0          0        786   dma.o
       778         66          0         24        364       4722   filter.o
       108          4          0          0          0        923   gpio.o
        56          8          0          0         12       1244   imu_ahrsupdate.o
       354         28          0        380        312      18816   kalmanfilter.o
       390         46          0          0          0       5360   main.o
       580         14          0          0        112       5789   pid.o
       180         22          0          0        100       1705   spi.o
        36          8        392          0       1536        848   startup_stm32f302x8.o
       184         32          0          4          0       1894   status_task.o
       100         18          0         12          0      11550   stm32f3xx_hal.o
      1386          0          0          0          0      13975   stm32f3xx_hal_can.o
       154         14          0          0          0      28022   stm32f3xx_hal_cortex.o
       554         10          0          0          0       5642   stm32f3xx_hal_dma.o
       394         26          0          0          0       2408   stm32f3xx_hal_gpio.o
        44          6          0          0          0        850   stm32f3xx_hal_msp.o
      2012         84         32          0          0       6509   stm32f3xx_hal_rcc.o
       500         14          0          0          0       1592   stm32f3xx_hal_rcc_ex.o
      1134          0          0          0          0       5709   stm32f3xx_hal_spi.o
      1606        122          0          0          0      15890   stm32f3xx_hal_tim.o
       718         50          0          0          0       6441   stm32f3xx_hal_tim_ex.o
       116         16          0          0         64       1435   stm32f3xx_hal_timebase_tim.o
      1842         66          0          0          0      15807   stm32f3xx_hal_uart.o
         2          0          0          0          0        956   stm32f3xx_hal_uart_ex.o
       116         40          0          0          0       6722   stm32f3xx_it.o
       104         22         24          4          0     536039   system_stm32f3xx.o
       716         52          0          0        256       4591   tim.o
       264         28          0          0        248       1948   usart.o

    ----------------------------------------------------------------------
     18510       1104        492        648       3516     739402   Object Totals
         0          0         32          0          0          0   (incl. Generated)
        36          0          0          3          4          0   (incl. Padding)

    ----------------------------------------------------------------------

      Code (inc. data)   RO Data    RW Data    ZI Data      Debug   Library Member Name

         0          0          0          0          0      16424   arm_mat_add_f32.o
         8          0          0          0          0        999   arm_mat_init_f32.o
       276          0          0          0          0       2240   arm_mat_trans_f32.o
       864         94         80          0          0        280   asin.o
       744        106        152          0          0        352   atan.o
       496         64          0          0          0        192   atan2.o
       336         56          0          0          0        136   cosf.o
       104         16          0          0          0        496   dunder.o
        24          0          0          0          0        124   fabs.o
        48          0          0          0          0        124   fpclassify.o
        38          0          0          0          0        116   fpclassifyf.o
        38         12          0          0          0        348   funder.o
       248          0          0          0          0        152   poly.o
         0          0          8          0          0          0   qnan.o
       340         24         32          0          0        160   rredf.o
       232          0          0          0          0        296   sqrt_full.o
        58          0          0          0          0        136   sqrtf_full.o
       380         58          0          0          0        200   tanf.o
        86          0          0          0          0          0   __dczerorl2.o
         0          0          0          0          0          0   entry.o
         0          0          0          0          0          0   entry10a.o
         0          0          0          0          0          0   entry11a.o
         8          4          0          0          0          0   entry2.o
         4          0          0          0          0          0   entry5.o
         0          0          0          0          0          0   entry7b.o
         0          0          0          0          0          0   entry8b.o
         8          4          0          0          0          0   entry9a.o
        12          6          0          4          0         68   errno.o
        30          0          0          0          0          0   handlers.o
        36          8          0          0          0         68   init.o
         0          0          0          0          0          0   iusefp.o
        30          0          0          0          0         68   llshl.o
        36          0          0          0          0         68   llsshr.o
        32          0          0          0          0         68   llushr.o
        36          0          0          0          0        108   memseta.o
        56          0          0          0          0         88   d2f.o
       334          0          0          0          0        148   dadd.o
       222          0          0          0          0        100   ddiv.o
       186          0          0          0          0        176   depilogue.o
        34          0          0          0          0         76   dflti.o
       228          0          0          0          0         96   dmul.o
       162          0          0          0          0        100   dsqrt.o
        38          0          0          0          0         68   f2d.o
       110          0          0          0          0        168   fepilogue.o

    ----------------------------------------------------------------------
      5934        452        272          4          0      24243   Library Totals
        12          0          0          0          0          0   (incl. Padding)

    ----------------------------------------------------------------------

      Code (inc. data)   RO Data    RW Data    ZI Data      Debug   Library Name

       284          0          0          0          0      19663   arm_cortexM4lf_math.lib
      3950        430        272          0          0       3112   m_wm.l
       318         22          0          4          0        448   mc_w.l
      1370          0          0          0          0       1020   mf_w.l

    ----------------------------------------------------------------------
      5934        452        272          4          0      24243   Library Totals

    ----------------------------------------------------------------------

==============================================================================


      Code (inc. data)   RO Data    RW Data    ZI Data      Debug   

     24444       1556        764        652       3516     745005   Grand Totals
     24444       1556        764         76       3516     745005   ELF Image Totals (compressed)
     24444       1556        764         76          0          0   ROM Totals

==============================================================================

    Total RO  Size (Code + RO Data)                25208 (  24.62kB)
    Total RW  Size (RW Data + ZI Data)              4168 (   4.07kB)
    Total ROM Size (Code + RO Data + RW Data)      25284 (  24.69kB)

==============================================================================

