Component: ARM Compiler 5.06 update 5 (build 528) Tool: armlink [4d35e2]

==============================================================================

Section Cross References

    startup_stm32f302x8.o(RESET) refers to startup_stm32f302x8.o(STACK) for __initial_sp
    startup_stm32f302x8.o(RESET) refers to startup_stm32f302x8.o(.text) for Reset_Handler
    startup_stm32f302x8.o(RESET) refers to stm32f3xx_it.o(i.NMI_Handler) for NMI_Handler
    startup_stm32f302x8.o(RESET) refers to stm32f3xx_it.o(i.HardFault_Handler) for HardFault_Handler
    startup_stm32f302x8.o(RESET) refers to stm32f3xx_it.o(i.MemManage_Handler) for MemManage_Handler
    startup_stm32f302x8.o(RESET) refers to stm32f3xx_it.o(i.BusFault_Handler) for BusFault_Handler
    startup_stm32f302x8.o(RESET) refers to stm32f3xx_it.o(i.UsageFault_Handler) for UsageFault_Handler
    startup_stm32f302x8.o(RESET) refers to stm32f3xx_it.o(i.SVC_Handler) for SVC_Handler
    startup_stm32f302x8.o(RESET) refers to stm32f3xx_it.o(i.DebugMon_Handler) for DebugMon_Handler
    startup_stm32f302x8.o(RESET) refers to stm32f3xx_it.o(i.PendSV_Handler) for PendSV_Handler
    startup_stm32f302x8.o(RESET) refers to stm32f3xx_it.o(i.DMA1_Channel4_IRQHandler) for DMA1_Channel4_IRQHandler
    startup_stm32f302x8.o(RESET) refers to stm32f3xx_it.o(i.DMA1_Channel5_IRQHandler) for DMA1_Channel5_IRQHandler
    startup_stm32f302x8.o(RESET) refers to stm32f3xx_it.o(i.USB_HP_CAN_TX_IRQHandler) for USB_HP_CAN_TX_IRQHandler
    startup_stm32f302x8.o(RESET) refers to stm32f3xx_it.o(i.TIM1_UP_TIM16_IRQHandler) for TIM1_UP_TIM16_IRQHandler
    startup_stm32f302x8.o(RESET) refers to stm32f3xx_it.o(i.USART1_IRQHandler) for USART1_IRQHandler
    startup_stm32f302x8.o(RESET) refers to stm32f3xx_it.o(i.TIM6_DAC_IRQHandler) for TIM6_DAC_IRQHandler
    startup_stm32f302x8.o(.text) refers to system_stm32f3xx.o(i.SystemInit) for SystemInit
    startup_stm32f302x8.o(.text) refers to entry.o(.ARM.Collect$$$$00000000) for __main
    system_stm32f3xx.o(i.SystemCoreClockUpdate) refers to system_stm32f3xx.o(.data) for .data
    system_stm32f3xx.o(i.SystemCoreClockUpdate) refers to system_stm32f3xx.o(.constdata) for .constdata
    stm32f3xx_hal_can.o(i.HAL_CAN_DeInit) refers to stm32f3xx_hal_can.o(i.HAL_CAN_Stop) for HAL_CAN_Stop
    stm32f3xx_hal_can.o(i.HAL_CAN_DeInit) refers to can.o(i.HAL_CAN_MspDeInit) for HAL_CAN_MspDeInit
    stm32f3xx_hal_can.o(i.HAL_CAN_IRQHandler) refers to stm32f3xx_hal_can.o(i.HAL_CAN_TxMailbox0CompleteCallback) for HAL_CAN_TxMailbox0CompleteCallback
    stm32f3xx_hal_can.o(i.HAL_CAN_IRQHandler) refers to stm32f3xx_hal_can.o(i.HAL_CAN_TxMailbox0AbortCallback) for HAL_CAN_TxMailbox0AbortCallback
    stm32f3xx_hal_can.o(i.HAL_CAN_IRQHandler) refers to stm32f3xx_hal_can.o(i.HAL_CAN_TxMailbox1CompleteCallback) for HAL_CAN_TxMailbox1CompleteCallback
    stm32f3xx_hal_can.o(i.HAL_CAN_IRQHandler) refers to stm32f3xx_hal_can.o(i.HAL_CAN_TxMailbox1AbortCallback) for HAL_CAN_TxMailbox1AbortCallback
    stm32f3xx_hal_can.o(i.HAL_CAN_IRQHandler) refers to stm32f3xx_hal_can.o(i.HAL_CAN_TxMailbox2CompleteCallback) for HAL_CAN_TxMailbox2CompleteCallback
    stm32f3xx_hal_can.o(i.HAL_CAN_IRQHandler) refers to stm32f3xx_hal_can.o(i.HAL_CAN_TxMailbox2AbortCallback) for HAL_CAN_TxMailbox2AbortCallback
    stm32f3xx_hal_can.o(i.HAL_CAN_IRQHandler) refers to stm32f3xx_hal_can.o(i.HAL_CAN_RxFifo0FullCallback) for HAL_CAN_RxFifo0FullCallback
    stm32f3xx_hal_can.o(i.HAL_CAN_IRQHandler) refers to stm32f3xx_hal_can.o(i.HAL_CAN_RxFifo0MsgPendingCallback) for HAL_CAN_RxFifo0MsgPendingCallback
    stm32f3xx_hal_can.o(i.HAL_CAN_IRQHandler) refers to stm32f3xx_hal_can.o(i.HAL_CAN_RxFifo1FullCallback) for HAL_CAN_RxFifo1FullCallback
    stm32f3xx_hal_can.o(i.HAL_CAN_IRQHandler) refers to stm32f3xx_hal_can.o(i.HAL_CAN_RxFifo1MsgPendingCallback) for HAL_CAN_RxFifo1MsgPendingCallback
    stm32f3xx_hal_can.o(i.HAL_CAN_IRQHandler) refers to stm32f3xx_hal_can.o(i.HAL_CAN_SleepCallback) for HAL_CAN_SleepCallback
    stm32f3xx_hal_can.o(i.HAL_CAN_IRQHandler) refers to stm32f3xx_hal_can.o(i.HAL_CAN_WakeUpFromRxMsgCallback) for HAL_CAN_WakeUpFromRxMsgCallback
    stm32f3xx_hal_can.o(i.HAL_CAN_IRQHandler) refers to stm32f3xx_hal_can.o(i.HAL_CAN_ErrorCallback) for HAL_CAN_ErrorCallback
    stm32f3xx_hal_can.o(i.HAL_CAN_Init) refers to can.o(i.HAL_CAN_MspInit) for HAL_CAN_MspInit
    stm32f3xx_hal_can.o(i.HAL_CAN_Init) refers to stm32f3xx_hal.o(i.HAL_GetTick) for HAL_GetTick
    stm32f3xx_hal_can.o(i.HAL_CAN_Start) refers to stm32f3xx_hal.o(i.HAL_GetTick) for HAL_GetTick
    stm32f3xx_hal_can.o(i.HAL_CAN_Stop) refers to stm32f3xx_hal.o(i.HAL_GetTick) for HAL_GetTick
    stm32f3xx_hal_spi.o(i.HAL_SPI_Abort) refers to stm32f3xx_hal_dma.o(i.HAL_DMA_Abort) for HAL_DMA_Abort
    stm32f3xx_hal_spi.o(i.HAL_SPI_Abort) refers to stm32f3xx_hal.o(i.HAL_GetTick) for HAL_GetTick
    stm32f3xx_hal_spi.o(i.HAL_SPI_Abort) refers to stm32f3xx_hal_spi.o(i.SPI_EndRxTxTransaction) for SPI_EndRxTxTransaction
[...]
    i.USB_HP_CAN_TX_IRQHandler               0x08006378   Section        0  stm32f3xx_it.o(i.USB_HP_CAN_TX_IRQHandler)
    i.USER_UART_IRQHandler                   0x08006384   Section        0  bsp_uart.o(i.USER_UART_IRQHandler)
    i.UsageFault_Handler                     0x080063a8   Section        0  stm32f3xx_it.o(i.UsageFault_Handler)
    i.__ARM_fpclassifyf                      0x080063aa   Section        0  fpclassifyf.o(i.__ARM_fpclassifyf)
    i.__hardfp_acosf                         0x080063d0   Section        0  acosf.o(i.__hardfp_acosf)
    i.__hardfp_asinf                         0x080064e8   Section        0  asinf.o(i.__hardfp_asinf)
    i.__hardfp_atan2f                        0x08006614   Section        0  atan2f.o(i.__hardfp_atan2f)
    i.__hardfp_cosf                          0x08006864   Section        0  cosf.o(i.__hardfp_cosf)
    i.__hardfp_tanf                          0x080069b4   Section        0  tanf.o(i.__hardfp_tanf)
    i.__mathlib_flt_infnan                   0x08006b30   Section        0  funder.o(i.__mathlib_flt_infnan)
    i.__mathlib_flt_infnan2                  0x08006b36   Section        0  funder.o(i.__mathlib_flt_infnan2)
    i.__mathlib_flt_invalid                  0x08006b3c   Section        0  funder.o(i.__mathlib_flt_invalid)
    i.__mathlib_flt_underflow                0x08006b4c   Section        0  funder.o(i.__mathlib_flt_underflow)
    i.__mathlib_rredf2                       0x08006b5c   Section        0  rredf.o(i.__mathlib_rredf2)
    i.__scatterload_copy                     0x08006cb0   Section       14  handlers.o(i.__scatterload_copy)
    i.__scatterload_null                     0x08006cbe   Section        2  handlers.o(i.__scatterload_null)
    i.__scatterload_zeroinit                 0x08006cc0   Section       14  handlers.o(i.__scatterload_zeroinit)
    i.__set_errno                            0x08006cd0   Section        0  errno.o(i.__set_errno)
    i.abs_limit                              0x08006cdc   Section        0  pid.o(i.abs_limit)
    i.can_device_init                        0x08006d0c   Section        0  bsp_can.o(i.can_device_init)
    i.can_filter_init                        0x08006d28   Section        0  bsp_can.o(i.can_filter_init)
    i.can_msg_send_task                      0x08006d60   Section        0  comm_task.o(i.can_msg_send_task)
    i.flash_read                             0x08006d7c   Section        0  bsp_flash.o(i.flash_read)
    i.invSqrt                                0x08006d98   Section        0  quaternionekf.o(i.invSqrt)
    invSqrt                                  0x08006d99   Thumb Code    40  quaternionekf.o(i.invSqrt)
    i.main                                   0x08006dc4   Section        0  main.o(i.main)
    i.malloc                                 0x08006e98   Section        0  malloc.o(i.malloc)
    i.pid_calc                               0x08006f04   Section        0  pid.o(i.pid_calc)
    i.pid_param_init                         0x080070ec   Section        0  pid.o(i.pid_param_init)
    pid_param_init                           0x080070ed   Thumb Code    14  pid.o(i.pid_param_init)
    i.pid_reset                              0x080070fa   Section        0  pid.o(i.pid_reset)
    pid_reset                                0x080070fb   Thumb Code     6  pid.o(i.pid_reset)
    i.send_angle_message                     0x08007100   Section        0  bsp_can.o(i.send_angle_message)
    i.send_palstance_message                 0x08007170   Section        0  bsp_can.o(i.send_palstance_message)
    i.sqrtf                                  0x080071d4   Section        0  sqrtf_full.o(i.sqrtf)
    i.status_task                            0x08007214   Section        0  status_task.o(i.status_task)
    i.user_uart_init                         0x08007290   Section        0  bsp_uart.o(i.user_uart_init)
    .constdata                               0x080072b4   Section       16  system_stm32f3xx.o(.constdata)
    .constdata                               0x080072c4   Section        8  system_stm32f3xx.o(.constdata)
    .constdata                               0x080072cc   Section       32  stm32f3xx_hal_rcc.o(.constdata)
    .constdata                               0x080072ec   Section       12  bsp_bmi088.o(.constdata)
    .constdata                               0x080072f8   Section       48  bsp_imu.o(.constdata)
    .constdata                               0x08007328   Section      144  quaternionekf.o(.constdata)
    .constdata                               0x080073b8   Section       32  rredf.o(.constdata)
    twooverpi                                0x080073b8   Data          32  rredf.o(.constdata)
    .data                                    0x20000000   Section        4  system_stm32f3xx.o(.data)
    .data                                    0x20000004   Section       12  stm32f3xx_hal.o(.data)
    .data                                    0x20000010   Section       24  bsp_can.o(.data)
    .data                                    0x20000028   Section        4  bsp_bmi088.o(.data)
    .data                                    0x2000002c   Section        4  bsp_bmi088.o(.data)
    .data                                    0x20000030   Section      116  bsp_imu.o(.data)
    dt                                       0x20000050   Data           4  bsp_imu.o(.data)
    t                                        0x20000054   Data           4  bsp_imu.o(.data)
    gx                                       0x20000080   Data           4  bsp_imu.o(.data)
    gy                                       0x20000084   Data           4  bsp_imu.o(.data)
    gz                                       0x20000088   Data           4  bsp_imu.o(.data)
    ax                                       0x2000008c   Data           4  bsp_imu.o(.data)
    ay                                       0x20000090   Data           4  bsp_imu.o(.data)
    az                                       0x20000094   Data           4  bsp_imu.o(.data)
    mx                                       0x20000098   Data           4  bsp_imu.o(.data)
    my                                       0x2000009c   Data           4  bsp_imu.o(.data)
    mz                                       0x200000a0   Data           4  bsp_imu.o(.data)
    .data                                    0x200000a4   Section        1  bsp_imu.o(.data)
    .data                                    0x200000a8   Section       64  bsp_dwt.o(.data)
    CPU_FREQ_Hz                              0x200000a8   Data           4  bsp_dwt.o(.data)
    CPU_FREQ_Hz_ms                           0x200000ac   Data           4  bsp_dwt.o(.data)
    CPU_FREQ_Hz_us                           0x200000b0   Data           4  bsp_dwt.o(.data)
    CYCCNT_RountCount                        0x200000b4   Data           4  bsp_dwt.o(.data)
    CYCCNT_LAST                              0x200000b8   Data           4  bsp_dwt.o(.data)
    CNT_TEMP1                                0x200000c0   Data           8  bsp_dwt.o(.data)
    CNT_TEMP2                                0x200000c8   Data           8  bsp_dwt.o(.data)
    CNT_TEMP3                                0x200000d0   Data           8  bsp_dwt.o(.data)
    .data                                    0x200000e8   Section        8  bmi088_read.o(.data)
    .data                                    0x200000f0   Section        4  status_task.o(.data)
    .data                                    0x200000f4   Section       24  filter.o(.data)
    .data                                    0x2000010c   Section      380  kalmanfilter.o(.data)
    .data                                    0x20000288   Section        4  kalman_filter.o(.data)
    .data                                    0x2000028c   Section      212  quaternionekf.o(.data)
    halfgxdt                                 0x2000028c   Data           4  quaternionekf.o(.data)
    halfgydt                                 0x20000290   Data           4  quaternionekf.o(.data)
    halfgzdt                                 0x20000294   Data           4  quaternionekf.o(.data)
    accelInvNorm                             0x20000298   Data           4  quaternionekf.o(.data)
    q0                                       0x2000029c   Data           4  quaternionekf.o(.data)
    q1                                       0x200002a0   Data           4  quaternionekf.o(.data)
    q2                                       0x200002a4   Data           4  quaternionekf.o(.data)
    q3                                       0x200002a8   Data           4  quaternionekf.o(.data)
    qInvNorm                                 0x200002ac   Data           4  quaternionekf.o(.data)
    doubleq0                                 0x200002b0   Data           4  quaternionekf.o(.data)
    doubleq1                                 0x200002b4   Data           4  quaternionekf.o(.data)
    doubleq2                                 0x200002b8   Data           4  quaternionekf.o(.data)
    doubleq3                                 0x200002bc   Data           4  quaternionekf.o(.data)
    q0                                       0x200002c0   Data           4  quaternionekf.o(.data)
    q1                                       0x200002c4   Data           4  quaternionekf.o(.data)
    q2                                       0x200002c8   Data           4  quaternionekf.o(.data)
    q3                                       0x200002cc   Data           4  quaternionekf.o(.data)
    .data                                    0x20000360   Section        4  mvars.o(.data)
    .data                                    0x20000364   Section        4  mvars.o(.data)
    .data                                    0x20000368   Section        4  errno.o(.data)
    _errno                                   0x20000368   Data           4  errno.o(.data)
    .bss                                     0x2000036c   Section       40  can.o(.bss)
    .bss                                     0x20000394   Section      100  spi.o(.bss)
    .bss                                     0x200003f8   Section      256  tim.o(.bss)
    .bss                                     0x200004f8   Section      248  usart.o(.bss)
    .bss                                     0x200005f0   Section       64  stm32f3xx_hal_timebase_tim.o(.bss)
    .bss                                     0x20000630   Section       22  bsp_uart.o(.bss)
    .bss                                     0x20000648   Section       24  bsp_can.o(.bss)
    .bss                                     0x20000660   Section       18  bsp_bmi088.o(.bss)
    .bss                                     0x20000674   Section      208  bsp_imu.o(.bss)
    .bss                                     0x20000744   Section       24  bsp_jy901.o(.bss)
    .bss                                     0x2000075c   Section       92  bmi088_read.o(.bss)
    .bss                                     0x200007b8   Section       12  imu_ahrsupdate.o(.bss)
    .bss                                     0x200007c4   Section      364  filter.o(.bss)
    .bss                                     0x20000930   Section       80  calibration.o(.bss)
    .bss                                     0x20000980   Section      312  kalmanfilter.o(.bss)
    .bss                                     0x20000ab8   Section      112  pid.o(.bss)
    .bss                                     0x20000b28   Section      624  quaternionekf.o(.bss)
    HEAP                                     0x20000d98   Section     4096  startup_stm32f302x8.o(HEAP)
    STACK                                    0x20001d98   Section     1536  startup_stm32f302x8.o(STACK)

    Global Symbols

    Symbol Name                              Value     Ov Type        Size  Object(Section)

    BuildAttributes$$THM_ISAv4$E$P$D$K$B$S$7EM$VFPi3$EXTD16$VFPS$VFMA$PE$A:L22UL41UL21$X:L11$S22US41US21$IEEE1$IW$USESV6$~STKCKD$USESV7$~SHL$OTIME$ROPI$IEEEX$EBA8$MICROLIB$REQ8$PRES8$EABIv2 0x00000000   Number         0  anon$$obj.o ABSOLUTE
    __ARM_use_no_argv                        0x00000000   Number         0  main.o ABSOLUTE
    __cpp_initialize__aeabi_                  - Undefined Weak Reference
    __cxa_finalize                            - Undefined Weak Reference
    _clock_init                               - Undefined Weak Reference
    _microlib_exit                            - Undefined Weak Reference
    __Vectors_Size                           0x00000188   Number         0  startup_stm32f302x8.o ABSOLUTE
    __Vectors                                0x08000000   Data           4  startup_stm32f302x8.o(RESET)
    __Vectors_End                            0x08000188   Data           0  startup_stm32f302x8.o(RESET)
    __main                                   0x08000189   Thumb Code     0  entry.o(.ARM.Collect$$$$00000000)
    _main_stk                                0x08000189   Thumb Code     0  entry2.o(.ARM.Collect$$$$00000001)
    _main_scatterload                        0x0800018d   Thumb Code     0  entry5.o(.ARM.Collect$$$$00000004)
    __main_after_scatterload                 0x08000191   Thumb Code     0  entry5.o(.ARM.Collect$$$$00000004)
    _main_clock                              0x08000191   Thumb Code     0  entry7b.o(.ARM.Collect$$$$00000008)
    _main_cpp_init                           0x08000191   Thumb Code     0  entry8b.o(.ARM.Collect$$$$0000000A)
    _main_init                               0x08000191   Thumb Code     0  entry9a.o(.ARM.Collect$$$$0000000B)
    __rt_final_cpp                           0x08000199   Thumb Code     0  entry10a.o(.ARM.Collect$$$$0000000D)
    __rt_final_exit                          0x08000199   Thumb Code     0  entry11a.o(.ARM.Collect$$$$0000000F)
    Reset_Handler                            0x0800019d   Thumb Code     8  startup_stm32f302x8.o(.text)
    SysTick_Handler                          0x080001b5   Thumb Code     2  startup_stm32f302x8.o(.text)
    ADC1_IRQHandler                          0x080001b7   Thumb Code     0  startup_stm32f302x8.o(.text)
    CAN_RX1_IRQHandler                       0x080001b7   Thumb Code     0  startup_stm32f302x8.o(.text)
    CAN_SCE_IRQHandler                       0x080001b7   Thumb Code     0  startup_stm32f302x8.o(.text)
    COMP2_IRQHandler                         0x080001b7   Thumb Code     0  startup_stm32f302x8.o(.text)
    COMP4_6_IRQHandler                       0x080001b7   Thumb Code     0  startup_stm32f302x8.o(.text)
    DMA1_Channel1_IRQHandler                 0x080001b7   Thumb Code     0  startup_stm32f302x8.o(.text)
    DMA1_Channel2_IRQHandler                 0x080001b7   Thumb Code     0  startup_stm32f302x8.o(.text)
    DMA1_Channel3_IRQHandler                 0x080001b7   Thumb Code     0  startup_stm32f302x8.o(.text)
    DMA1_Channel6_IRQHandler                 0x080001b7   Thumb Code     0  startup_stm32f302x8.o(.text)
    DMA1_Channel7_IRQHandler                 0x080001b7   Thumb Code     0  startup_stm32f302x8.o(.text)
    EXTI0_IRQHandler                         0x080001b7   Thumb Code     0  startup_stm32f302x8.o(.text)
    EXTI15_10_IRQHandler                     0x080001b7   Thumb Code     0  startup_stm32f302x8.o(.text)
    EXTI1_IRQHandler                         0x080001b7   Thumb Code     0  startup_stm32f302x8.o(.text)
    EXTI2_TSC_IRQHandler                     0x080001b7   Thumb Code     0  startup_stm32f302x8.o(.text)
    EXTI3_IRQHandler                         0x080001b7   Thumb Code     0  startup_stm32f302x8.o(.text)
    EXTI4_IRQHandler                         0x080001b7   Thumb Code     0  startup_stm32f302x8.o(.text)
    EXTI9_5_IRQHandler                       0x080001b7   Thumb Code     0  startup_stm32f302x8.o(.text)
    FLASH_IRQHandler                         0x080001b7   Thumb Code     0  startup_stm32f302x8.o(.text)
    FPU_IRQHandler                           0x080001b7   Thumb Code     0  startup_stm32f302x8.o(.text)
    I2C1_ER_IRQHandler                       0x080001b7   Thumb Code     0  startup_stm32f302x8.o(.text)
    I2C1_EV_IRQHandler                       0x080001b7   Thumb Code     0  startup_stm32f302x8.o(.text)
    I2C2_ER_IRQHandler                       0x080001b7   Thumb Code     0  startup_stm32f302x8.o(.text)
    I2C2_EV_IRQHandler                       0x080001b7   Thumb Code     0  startup_stm32f302x8.o(.text)
    I2C3_ER_IRQHandler                       0x080001b7   Thumb Code     0  startup_stm32f302x8.o(.text)
    I2C3_EV_IRQHandler                       0x080001b7   Thumb Code     0  startup_stm32f302x8.o(.text)
    PVD_IRQHandler                           0x080001b7   Thumb Code     0  startup_stm32f302x8.o(.text)
    RCC_IRQHandler                           0x080001b7   Thumb Code     0  startup_stm32f302x8.o(.text)
    RTC_Alarm_IRQHandler                     0x080001b7   Thumb Code     0  startup_stm32f302x8.o(.text)
    RTC_WKUP_IRQHandler                      0x080001b7   Thumb Code     0  startup_stm32f302x8.o(.text)
    SPI2_IRQHandler                          0x080001b7   Thumb Code     0  startup_stm32f302x8.o(.text)
    SPI3_IRQHandler                          0x080001b7   Thumb Code     0  startup_stm32f302x8.o(.text)
    TAMP_STAMP_IRQHandler                    0x080001b7   Thumb Code     0  startup_stm32f302x8.o(.text)
    TIM1_BRK_TIM15_IRQHandler                0x080001b7   Thumb Code     0  startup_stm32f302x8.o(.text)
    TIM1_CC_IRQHandler                       0x080001b7   Thumb Code     0  startup_stm32f302x8.o(.text)
    TIM1_TRG_COM_TIM17_IRQHandler            0x080001b7   Thumb Code     0  startup_stm32f302x8.o(.text)
    TIM2_IRQHandler                          0x080001b7   Thumb Code     0  startup_stm32f302x8.o(.text)
    USART2_IRQHandler                        0x080001b7   Thumb Code     0  startup_stm32f302x8.o(.text)
    USART3_IRQHandler                        0x080001b7   Thumb Code     0  startup_stm32f302x8.o(.text)
    USBWakeUp_IRQHandler                     0x080001b7   Thumb Code     0  startup_stm32f302x8.o(.text)
    USBWakeUp_RMP_IRQHandler                 0x080001b7   Thumb Code     0  startup_stm32f302x8.o(.text)
    USB_HP_IRQHandler                        0x080001b7   Thumb Code     0  startup_stm32f302x8.o(.text)
    USB_LP_CAN_RX0_IRQHandler                0x080001b7   Thumb Code     0  startup_stm32f302x8.o(.text)
    USB_LP_IRQHandler                        0x080001b7   Thumb Code     0  startup_stm32f302x8.o(.text)
    WWDG_IRQHandler                          0x080001b7   Thumb Code     0  startup_stm32f302x8.o(.text)
    arm_mat_add_f32                          0x080001c1   Thumb Code   264  arm_mat_add_f32.o(.text)
    arm_mat_init_f32                         0x080002c9   Thumb Code     8  arm_mat_init_f32.o(.text)
    arm_mat_inverse_f32                      0x080002d1   Thumb Code  1328  arm_mat_inverse_f32.o(.text)
    arm_mat_mult_f32                         0x08000801   Thumb Code   312  arm_mat_mult_f32.o(.text)
    arm_mat_sub_f32                          0x0800093d   Thumb Code   264  arm_mat_sub_f32.o(.text)
    arm_mat_trans_f32                        0x08000a45   Thumb Code   276  arm_mat_trans_f32.o(.text)
    __aeabi_llsr                             0x08000b59   Thumb Code    32  llushr.o(.text)
    _ll_ushift_r                             0x08000b59   Thumb Code     0  llushr.o(.text)
    __aeabi_memcpy                           0x08000b79   Thumb Code    36  memcpya.o(.text)
    __aeabi_memcpy4                          0x08000b79   Thumb Code     0  memcpya.o(.text)
    __aeabi_memcpy8                          0x08000b79   Thumb Code     0  memcpya.o(.text)
    __aeabi_memset                           0x08000b9d   Thumb Code    14  memseta.o(.text)
    __aeabi_memset4                          0x08000b9d   Thumb Code     0  memseta.o(.text)
    __aeabi_memset8                          0x08000b9d   Thumb Code     0  memseta.o(.text)
    __aeabi_memclr                           0x08000bab   Thumb Code     4  memseta.o(.text)
    __aeabi_memclr4                          0x08000bab   Thumb Code     0  memseta.o(.text)
    __aeabi_memclr8                          0x08000bab   Thumb Code     0  memseta.o(.text)
    _memset$wrapper                          0x08000baf   Thumb Code    18  memseta.o(.text)
    __aeabi_dadd                             0x08000bc1   Thumb Code   322  dadd.o(.text)
    __aeabi_dsub                             0x08000d03   Thumb Code     6  dadd.o(.text)
    __aeabi_drsub                            0x08000d09   Thumb Code     6  dadd.o(.text)
    __aeabi_dmul                             0x08000d0f   Thumb Code   228  dmul.o(.text)
    __aeabi_i2d                              0x08000df3   Thumb Code    34  dflti.o(.text)
    __aeabi_f2d                              0x08000e15   Thumb Code    38  f2d.o(.text)
    __aeabi_d2f                              0x08000e3b   Thumb Code    56  d2f.o(.text)
    __aeabi_llsl                             0x08000e73   Thumb Code    30  llshl.o(.text)
    _ll_shift_l                              0x08000e73   Thumb Code     0  llshl.o(.text)
    __aeabi_lasr                             0x08000e91   Thumb Code    36  llsshr.o(.text)
    _ll_sshift_r                             0x08000e91   Thumb Code     0  llsshr.o(.text)
    __I$use$fp                               0x08000eb5   Thumb Code     0  iusefp.o(.text)
    _float_round                             0x08000eb5   Thumb Code    18  fepilogue.o(.text)
    _float_epilogue                          0x08000ec7   Thumb Code    92  fepilogue.o(.text)
    _double_round                            0x08000f23   Thumb Code    30  depilogue.o(.text)
    _double_epilogue                         0x08000f41   Thumb Code   156  depilogue.o(.text)
    __scatterload                            0x08000fdd   Thumb Code    28  init.o(.text)
    __scatterload_rt2                        0x08000fdd   Thumb Code     0  init.o(.text)
    __decompress                             0x08001001   Thumb Code     0  __dczerorl2.o(.text)
    __decompress1                            0x08001001   Thumb Code    86  __dczerorl2.o(.text)
    BMI088_Filter                            0x08001059   Thumb Code   418  filter.o(i.BMI088_Filter)
    BMI088_Init                              0x08001229   Thumb Code   234  bsp_bmi088.o(i.BMI088_Init)
    BMI088_Read_Reg                          0x0800132d   Thumb Code    96  bsp_spi.o(i.BMI088_Read_Reg)
    BMI088_Write_Reg                         0x0800138d   Thumb Code    68  bsp_spi.o(i.BMI088_Write_Reg)
    BMI088_original_data_read                0x080013d1   Thumb Code   208  bsp_bmi088.o(i.BMI088_original_data_read)
    BMI088_temp_data_read                    0x080014a5   Thumb Code   106  bsp_bmi088.o(i.BMI088_temp_data_read)
    BMI_Read                                 0x08001525   Thumb Code   118  bmi088_read.o(i.BMI_Read)
    BodyFrameToEarthFrame                    0x080015bd   Thumb Code   234  bsp_imu.o(i.BodyFrameToEarthFrame)
    BusFault_Handler                         0x080016a7   Thumb Code     2  stm32f3xx_it.o(i.BusFault_Handler)
    Butterworth_Parameter_Init               0x080016a9   Thumb Code    48  filter.o(i.Butterworth_Parameter_Init)
    CreateKalman1Filter                      0x080016e5   Thumb Code    42  kalmanfilter.o(i.CreateKalman1Filter)
    CreateKalman2Filter                      0x08001715   Thumb Code   226  kalmanfilter.o(i.CreateKalman2Filter)
    DMA1_Channel4_IRQHandler                 0x080017f9   Thumb Code     6  stm32f3xx_it.o(i.DMA1_Channel4_IRQHandler)
    DMA1_Channel5_IRQHandler                 0x08001805   Thumb Code     6  stm32f3xx_it.o(i.DMA1_Channel5_IRQHandler)
    DWT_GetDeltaT                            0x08001885   Thumb Code    60  bsp_dwt.o(i.DWT_GetDeltaT)
    DWT_Init                                 0x080018c9   Thumb Code    54  bsp_dwt.o(i.DWT_Init)
    Data_Not_Ready                           0x08001911   Thumb Code    24  status_task.o(i.Data_Not_Ready)
    Data_Ready                               0x08001931   Thumb Code    24  status_task.o(i.Data_Ready)
    DebugMon_Handler                         0x0800194d   Thumb Code     2  stm32f3xx_it.o(i.DebugMon_Handler)
    EarthFrameToBodyFrame                    0x0800194f   Thumb Code   234  bsp_imu.o(i.EarthFrameToBodyFrame)
    Error_Handler                            0x08001a39   Thumb Code     2  main.o(i.Error_Handler)
    Float2Byte                               0x08001a3b   Thumb Code    20  data_processing.o(i.Float2Byte)
    HAL_CAN_AddTxMessage                     0x08001a4f   Thumb Code   200  stm32f3xx_hal_can.o(i.HAL_CAN_AddTxMessage)
    HAL_CAN_ConfigFilter                     0x08001b19   Thumb Code   238  stm32f3xx_hal_can.o(i.HAL_CAN_ConfigFilter)
    HAL_CAN_ErrorCallback                    0x08001c07   Thumb Code     2  stm32f3xx_hal_can.o(i.HAL_CAN_ErrorCallback)
    HAL_CAN_GetTxMailboxesFreeLevel          0x08001c09   Thumb Code    44  stm32f3xx_hal_can.o(i.HAL_CAN_GetTxMailboxesFreeLevel)
    HAL_CAN_IRQHandler                       0x08001c35   Thumb Code   508  stm32f3xx_hal_can.o(i.HAL_CAN_IRQHandler)
    HAL_CAN_Init                             0x08001e31   Thumb Code   282  stm32f3xx_hal_can.o(i.HAL_CAN_Init)
    HAL_CAN_MspInit                          0x08001f4d   Thumb Code   106  can.o(i.HAL_CAN_MspInit)
    HAL_CAN_RxFifo0FullCallback              0x08001fc1   Thumb Code     2  stm32f3xx_hal_can.o(i.HAL_CAN_RxFifo0FullCallback)
    HAL_CAN_RxFifo0MsgPendingCallback        0x08001fc3   Thumb Code     2  stm32f3xx_hal_can.o(i.HAL_CAN_RxFifo0MsgPendingCallback)
    HAL_CAN_RxFifo1FullCallback              0x08001fc5   Thumb Code     2  stm32f3xx_hal_can.o(i.HAL_CAN_RxFifo1FullCallback)
    HAL_CAN_RxFifo1MsgPendingCallback        0x08001fc7   Thumb Code     2  stm32f3xx_hal_can.o(i.HAL_CAN_RxFifo1MsgPendingCallback)
    HAL_CAN_SleepCallback                    0x08001fc9   Thumb Code     2  stm32f3xx_hal_can.o(i.HAL_CAN_SleepCallback)
    HAL_CAN_Start                            0x08001fcd   Thumb Code    88  stm32f3xx_hal_can.o(i.HAL_CAN_Start)
    HAL_CAN_TxMailbox0AbortCallback          0x08002025   Thumb Code     2  stm32f3xx_hal_can.o(i.HAL_CAN_TxMailbox0AbortCallback)
    HAL_CAN_TxMailbox0CompleteCallback       0x08002027   Thumb Code     2  stm32f3xx_hal_can.o(i.HAL_CAN_TxMailbox0CompleteCallback)
    HAL_CAN_TxMailbox1AbortCallback          0x08002029   Thumb Code     2  stm32f3xx_hal_can.o(i.HAL_CAN_TxMailbox1AbortCallback)
    HAL_CAN_TxMailbox1CompleteCallback       0x0800202b   Thumb Code     2  stm32f3xx_hal_can.o(i.HAL_CAN_TxMailbox1CompleteCallback)
    HAL_CAN_TxMailbox2AbortCallback          0x0800202d   Thumb Code     2  stm32f3xx_hal_can.o(i.HAL_CAN_TxMailbox2AbortCallback)
    HAL_CAN_TxMailbox2CompleteCallback       0x0800202f   Thumb Code     2  stm32f3xx_hal_can.o(i.HAL_CAN_TxMailbox2CompleteCallback)
    HAL_CAN_WakeUpFromRxMsgCallback          0x08002031   Thumb Code     2  stm32f3xx_hal_can.o(i.HAL_CAN_WakeUpFromRxMsgCallback)
    HAL_DMA_Abort                            0x08002033   Thumb Code    48  stm32f3xx_hal_dma.o(i.HAL_DMA_Abort)
    HAL_DMA_Abort_IT                         0x08002063   Thumb Code    74  stm32f3xx_hal_dma.o(i.HAL_DMA_Abort_IT)
    HAL_DMA_IRQHandler                       0x080020ad   Thumb Code   168  stm32f3xx_hal_dma.o(i.HAL_DMA_IRQHandler)
    HAL_DMA_Init                             0x08002155   Thumb Code    78  stm32f3xx_hal_dma.o(i.HAL_DMA_Init)
    HAL_DMA_Start_IT                         0x080021a3   Thumb Code   112  stm32f3xx_hal_dma.o(i.HAL_DMA_Start_IT)
    HAL_Delay                                0x08002215   Thumb Code    32  stm32f3xx_hal.o(i.HAL_Delay)
    HAL_GPIO_Init                            0x08002239   Thumb Code   358  stm32f3xx_hal_gpio.o(i.HAL_GPIO_Init)
    HAL_GPIO_WritePin                        0x080023b9   Thumb Code    10  stm32f3xx_hal_gpio.o(i.HAL_GPIO_WritePin)
    HAL_GetTick                              0x080023c5   Thumb Code     6  stm32f3xx_hal.o(i.HAL_GetTick)
    HAL_IncTick                              0x080023d1   Thumb Code    12  stm32f3xx_hal.o(i.HAL_IncTick)
    HAL_Init                                 0x080023e1   Thumb Code    32  stm32f3xx_hal.o(i.HAL_Init)
    HAL_InitTick                             0x08002405   Thumb Code   100  stm32f3xx_hal_timebase_tim.o(i.HAL_InitTick)
    HAL_MspInit                              0x08002479   Thumb Code    38  stm32f3xx_hal_msp.o(i.HAL_MspInit)
    HAL_NVIC_EnableIRQ                       0x080024a5   Thumb Code    22  stm32f3xx_hal_cortex.o(i.HAL_NVIC_EnableIRQ)
    HAL_NVIC_SetPriority                     0x080024bd   Thumb Code    60  stm32f3xx_hal_cortex.o(i.HAL_NVIC_SetPriority)
    HAL_NVIC_SetPriorityGrouping             0x080024fd   Thumb Code    26  stm32f3xx_hal_cortex.o(i.HAL_NVIC_SetPriorityGrouping)
    HAL_RCCEx_PeriphCLKConfig                0x08002521   Thumb Code   486  stm32f3xx_hal_rcc_ex.o(i.HAL_RCCEx_PeriphCLKConfig)
    HAL_RCC_ClockConfig                      0x08002715   Thumb Code   306  stm32f3xx_hal_rcc.o(i.HAL_RCC_ClockConfig)
    HAL_RCC_GetClockConfig                   0x08002859   Thumb Code    54  stm32f3xx_hal_rcc.o(i.HAL_RCC_GetClockConfig)
    HAL_RCC_GetPCLK1Freq                     0x08002899   Thumb Code    34  stm32f3xx_hal_rcc.o(i.HAL_RCC_GetPCLK1Freq)
    HAL_RCC_GetPCLK2Freq                     0x080028c9   Thumb Code    34  stm32f3xx_hal_rcc.o(i.HAL_RCC_GetPCLK2Freq)
    HAL_RCC_GetSysClockFreq                  0x080028f9   Thumb Code    88  stm32f3xx_hal_rcc.o(i.HAL_RCC_GetSysClockFreq)
    HAL_RCC_OscConfig                        0x08002961   Thumb Code  1424  stm32f3xx_hal_rcc.o(i.HAL_RCC_OscConfig)
    HAL_SPI_Init                             0x08002ef1   Thumb Code   182  stm32f3xx_hal_spi.o(i.HAL_SPI_Init)
    HAL_SPI_MspInit                          0x08002fa9   Thumb Code    88  spi.o(i.HAL_SPI_MspInit)
    HAL_SPI_TransmitReceive                  0x0800300d   Thumb Code   574  stm32f3xx_hal_spi.o(i.HAL_SPI_TransmitReceive)
    HAL_TIMEx_Break2Callback                 0x0800324b   Thumb Code     2  stm32f3xx_hal_tim_ex.o(i.HAL_TIMEx_Break2Callback)
    HAL_TIMEx_BreakCallback                  0x0800324d   Thumb Code     2  stm32f3xx_hal_tim_ex.o(i.HAL_TIMEx_BreakCallback)
    HAL_TIMEx_CommutationCallback            0x0800324f   Thumb Code     2  stm32f3xx_hal_tim_ex.o(i.HAL_TIMEx_CommutationCallback)
    HAL_TIMEx_ConfigBreakDeadTime            0x08003251   Thumb Code   132  stm32f3xx_hal_tim_ex.o(i.HAL_TIMEx_ConfigBreakDeadTime)
    HAL_TIMEx_MasterConfigSynchronization    0x080032d9   Thumb Code    72  stm32f3xx_hal_tim_ex.o(i.HAL_TIMEx_MasterConfigSynchronization)
    HAL_TIM_Base_Init                        0x08003325   Thumb Code    54  stm32f3xx_hal_tim.o(i.HAL_TIM_Base_Init)
    HAL_TIM_Base_MspInit                     0x0800335d   Thumb Code   116  tim.o(i.HAL_TIM_Base_MspInit)
    HAL_TIM_Base_Start_IT                    0x080033e1   Thumb Code    24  stm32f3xx_hal_tim.o(i.HAL_TIM_Base_Start_IT)
    HAL_TIM_ConfigClockSource                0x080033f9   Thumb Code   246  stm32f3xx_hal_tim.o(i.HAL_TIM_ConfigClockSource)
    HAL_TIM_IC_CaptureCallback               0x080034f5   Thumb Code     2  stm32f3xx_hal_tim.o(i.HAL_TIM_IC_CaptureCallback)
    HAL_TIM_IRQHandler                       0x080034f7   Thumb Code   388  stm32f3xx_hal_tim.o(i.HAL_TIM_IRQHandler)
    HAL_TIM_MspPostInit                      0x0800367d   Thumb Code   108  tim.o(i.HAL_TIM_MspPostInit)
    HAL_TIM_OC_DelayElapsedCallback          0x080036f1   Thumb Code     2  stm32f3xx_hal_tim.o(i.HAL_TIM_OC_DelayElapsedCallback)
    HAL_TIM_PWM_ConfigChannel                0x080036f3   Thumb Code   296  stm32f3xx_hal_tim_ex.o(i.HAL_TIM_PWM_ConfigChannel)
    HAL_TIM_PWM_Init                         0x0800381b   Thumb Code    54  stm32f3xx_hal_tim.o(i.HAL_TIM_PWM_Init)
    HAL_TIM_PWM_MspInit                      0x08003851   Thumb Code     2  stm32f3xx_hal_tim.o(i.HAL_TIM_PWM_MspInit)
    HAL_TIM_PWM_PulseFinishedCallback        0x08003853   Thumb Code     2  stm32f3xx_hal_tim.o(i.HAL_TIM_PWM_PulseFinishedCallback)
    HAL_TIM_PWM_Start                        0x08003855   Thumb Code    60  stm32f3xx_hal_tim.o(i.HAL_TIM_PWM_Start)
    HAL_TIM_PeriodElapsedCallback            0x080038a1   Thumb Code    52  main.o(i.HAL_TIM_PeriodElapsedCallback)
    HAL_TIM_TriggerCallback                  0x080038e1   Thumb Code     2  stm32f3xx_hal_tim.o(i.HAL_TIM_TriggerCallback)
    HAL_UARTEx_WakeupCallback                0x080038e3   Thumb Code     2  stm32f3xx_hal_uart_ex.o(i.HAL_UARTEx_WakeupCallback)
    HAL_UART_DMAStop                         0x080038e5   Thumb Code    84  stm32f3xx_hal_uart.o(i.HAL_UART_DMAStop)
    HAL_UART_ErrorCallback                   0x08003939   Thumb Code     2  stm32f3xx_hal_uart.o(i.HAL_UART_ErrorCallback)
    HAL_UART_IRQHandler                      0x0800393d   Thumb Code   316  stm32f3xx_hal_uart.o(i.HAL_UART_IRQHandler)
    HAL_UART_Init                            0x08003a7d   Thumb Code   106  stm32f3xx_hal_uart.o(i.HAL_UART_Init)
    HAL_UART_MspInit                         0x08003ae9   Thumb Code   184  usart.o(i.HAL_UART_MspInit)
    HAL_UART_Receive_DMA                     0x08003bb5   Thumb Code   132  stm32f3xx_hal_uart.o(i.HAL_UART_Receive_DMA)
    HAL_UART_RxCpltCallback                  0x08003c45   Thumb Code     2  stm32f3xx_hal_uart.o(i.HAL_UART_RxCpltCallback)
    HAL_UART_RxHalfCpltCallback              0x08003c47   Thumb Code     2  stm32f3xx_hal_uart.o(i.HAL_UART_RxHalfCpltCallback)
    HAL_UART_TxCpltCallback                  0x08003c49   Thumb Code     2  stm32f3xx_hal_uart.o(i.HAL_UART_TxCpltCallback)
    HardFault_Handler                        0x08003d49   Thumb Code     2  stm32f3xx_it.o(i.HardFault_Handler)
    IIC_Soft_Init                            0x08003d4d   Thumb Code    74  bsp_iic.o(i.IIC_Soft_Init)
    IMU_AHRS_Calcu_task                      0x08003d9d   Thumb Code   364  bsp_imu.o(i.IMU_AHRS_Calcu_task)
    IMU_AHRSupdate_task                      0x08003f29   Thumb Code    48  imu_ahrsupdate.o(i.IMU_AHRSupdate_task)
    IMU_QuaternionEKF_Init                   0x080040b9   Thumb Code   178  quaternionekf.o(i.IMU_QuaternionEKF_Init)
    IMU_QuaternionEKF_Update                 0x0800428d   Thumb Code   992  quaternionekf.o(i.IMU_QuaternionEKF_Update)
    IMU_Values_Convert                       0x08004a59   Thumb Code   196  bsp_imu.o(i.IMU_Values_Convert)
    JY901_original_data_read                 0x08004b3d   Thumb Code    94  bsp_jy901.o(i.JY901_original_data_read)
    Kalman_Filter_Init                       0x08004ba9   Thumb Code   994  kalman_filter.o(i.Kalman_Filter_Init)
    Kalman_Filter_Measure                    0x08004f91   Thumb Code    66  kalman_filter.o(i.Kalman_Filter_Measure)
    Kalman_Filter_P_Update                   0x08004fd9   Thumb Code   106  kalman_filter.o(i.Kalman_Filter_P_Update)
    Kalman_Filter_PminusUpdate               0x08005043   Thumb Code   108  kalman_filter.o(i.Kalman_Filter_PminusUpdate)
    Kalman_Filter_SetK                       0x080050af   Thumb Code   204  kalman_filter.o(i.Kalman_Filter_SetK)
    Kalman_Filter_Update                     0x0800517d   Thumb Code   228  kalman_filter.o(i.Kalman_Filter_Update)
    Kalman_Filter_xhatMinusUpdate            0x08005265   Thumb Code   116  kalman_filter.o(i.Kalman_Filter_xhatMinusUpdate)
    Kalman_Filter_xhatUpdate                 0x080052d9   Thumb Code   132  kalman_filter.o(i.Kalman_Filter_xhatUpdate)
    Kalman_init                              0x0800535d   Thumb Code    58  kalmanfilter.o(i.Kalman_init)
    LPButterworth                            0x080053ad   Thumb Code    86  filter.o(i.LPButterworth)
    MX_CAN_Init                              0x08005405   Thumb Code    58  can.o(i.MX_CAN_Init)
    MX_DMA_Init                              0x08005449   Thumb Code    56  dma.o(i.MX_DMA_Init)
    MX_GPIO_Init                             0x08005485   Thumb Code   104  gpio.o(i.MX_GPIO_Init)
    MX_SPI3_Init                             0x080054f1   Thumb Code    70  spi.o(i.MX_SPI3_Init)
    MX_TIM16_Init                            0x08005541   Thumb Code    48  tim.o(i.MX_TIM16_Init)
    MX_TIM17_Init                            0x08005579   Thumb Code   144  tim.o(i.MX_TIM17_Init)
    MX_TIM1_Init                             0x08005611   Thumb Code   100  tim.o(i.MX_TIM1_Init)
    MX_TIM2_Init                             0x0800567d   Thumb Code   148  tim.o(i.MX_TIM2_Init)
    MX_USART1_UART_Init                      0x08005715   Thumb Code    52  usart.o(i.MX_USART1_UART_Init)
    MemManage_Handler                        0x08005751   Thumb Code     2  stm32f3xx_it.o(i.MemManage_Handler)
    NMI_Handler                              0x08005753   Thumb Code     2  stm32f3xx_it.o(i.NMI_Handler)
    PID_struct_init                          0x08005775   Thumb Code    16  pid.o(i.PID_struct_init)
    PendSV_Handler                           0x0800578d   Thumb Code     2  stm32f3xx_it.o(i.PendSV_Handler)
    SPI_Read_Write_Byte                      0x080057d9   Thumb Code    28  bsp_spi.o(i.SPI_Read_Write_Byte)
    SVC_Handler                              0x0800592b   Thumb Code     2  stm32f3xx_it.o(i.SVC_Handler)
    Set_Cutoff_Frequency                     0x0800592d   Thumb Code   160  filter.o(i.Set_Cutoff_Frequency)
    SystemClock_Config                       0x080059d5   Thumb Code   106  main.o(i.SystemClock_Config)
    SystemInit                               0x08005a45   Thumb Code    82  system_stm32f3xx.o(i.SystemInit)
    TIM1_UP_TIM16_IRQHandler                 0x08005aad   Thumb Code    18  stm32f3xx_it.o(i.TIM1_UP_TIM16_IRQHandler)
    TIM6_DAC_IRQHandler                      0x08005ac9   Thumb Code     6  stm32f3xx_it.o(i.TIM6_DAC_IRQHandler)
    TIM_Base_SetConfig                       0x08005ad5   Thumb Code   104  stm32f3xx_hal_tim.o(i.TIM_Base_SetConfig)
    TIM_CCxChannelCmd                        0x08005b4d   Thumb Code    22  stm32f3xx_hal_tim.o(i.TIM_CCxChannelCmd)
    TIM_ETR_SetConfig                        0x08005b63   Thumb Code    20  stm32f3xx_hal_tim.o(i.TIM_ETR_SetConfig)
    TIM_OC1_SetConfig                        0x08005b89   Thumb Code   116  stm32f3xx_hal_tim.o(i.TIM_OC1_SetConfig)
    TIM_OC2_SetConfig                        0x08005c11   Thumb Code   108  stm32f3xx_hal_tim.o(i.TIM_OC2_SetConfig)
    TIM_OC3_SetConfig                        0x08005c91   Thumb Code   106  stm32f3xx_hal_tim.o(i.TIM_OC3_SetConfig)
    TIM_OC4_SetConfig                        0x08005d11   Thumb Code    86  stm32f3xx_hal_tim.o(i.TIM_OC4_SetConfig)
    UART_AdvFeatureConfig                    0x08005e8f   Thumb Code   200  stm32f3xx_hal_uart.o(i.UART_AdvFeatureConfig)
    UART_CheckIdleState                      0x08005f57   Thumb Code    92  stm32f3xx_hal_uart.o(i.UART_CheckIdleState)
    UART_EndTransmit_IT                      0x08006075   Thumb Code    26  stm32f3xx_hal_uart.o(i.UART_EndTransmit_IT)
    UART_Receive_IT                          0x080060a1   Thumb Code   118  stm32f3xx_hal_uart.o(i.UART_Receive_IT)
    UART_SetConfig                           0x08006119   Thumb Code   302  stm32f3xx_hal_uart.o(i.UART_SetConfig)
    UART_Transmit_IT                         0x08006265   Thumb Code   100  stm32f3xx_hal_uart.o(i.UART_Transmit_IT)
    UART_WaitOnFlagUntilTimeout              0x080062c9   Thumb Code   100  stm32f3xx_hal_uart.o(i.UART_WaitOnFlagUntilTimeout)
    USART1_IRQHandler                        0x0800632d   Thumb Code    18  stm32f3xx_it.o(i.USART1_IRQHandler)
    USAR_UART_IDLECallback                   0x08006345   Thumb Code    38  bsp_uart.o(i.USAR_UART_IDLECallback)
    USB_HP_CAN_TX_IRQHandler                 0x08006379   Thumb Code     6  stm32f3xx_it.o(i.USB_HP_CAN_TX_IRQHandler)
    USER_UART_IRQHandler                     0x08006385   Thumb Code    36  bsp_uart.o(i.USER_UART_IRQHandler)
    UsageFault_Handler                       0x080063a9   Thumb Code     2  stm32f3xx_it.o(i.UsageFault_Handler)
    __ARM_fpclassifyf                        0x080063ab   Thumb Code    38  fpclassifyf.o(i.__ARM_fpclassifyf)
    __hardfp_acosf                           0x080063d1   Thumb Code   234  acosf.o(i.__hardfp_acosf)
    __hardfp_asinf                           0x080064e9   Thumb Code   258  asinf.o(i.__hardfp_asinf)
    __hardfp_atan2f                          0x08006615   Thumb Code   502  atan2f.o(i.__hardfp_atan2f)
    __hardfp_cosf                            0x08006865   Thumb Code   280  cosf.o(i.__hardfp_cosf)
    __hardfp_tanf                            0x080069b5   Thumb Code   322  tanf.o(i.__hardfp_tanf)
    __mathlib_flt_infnan                     0x08006b31   Thumb Code     6  funder.o(i.__mathlib_flt_infnan)
    __mathlib_flt_infnan2                    0x08006b37   Thumb Code     6  funder.o(i.__mathlib_flt_infnan2)
    __mathlib_flt_invalid                    0x08006b3d   Thumb Code    10  funder.o(i.__mathlib_flt_invalid)
    __mathlib_flt_underflow                  0x08006b4d   Thumb Code    10  funder.o(i.__mathlib_flt_underflow)
    __mathlib_rredf2                         0x08006b5d   Thumb Code   316  rredf.o(i.__mathlib_rredf2)
    __scatterload_copy                       0x08006cb1   Thumb Code    14  handlers.o(i.__scatterload_copy)
    __scatterload_null                       0x08006cbf   Thumb Code     2  handlers.o(i.__scatterload_null)
    __scatterload_zeroinit                   0x08006cc1   Thumb Code    14  handlers.o(i.__scatterload_zeroinit)
    __set_errno                              0x08006cd1   Thumb Code     6  errno.o(i.__set_errno)
    abs_limit                                0x08006cdd   Thumb Code    48  pid.o(i.abs_limit)
    can_device_init                          0x08006d0d   Thumb Code    22  bsp_can.o(i.can_device_init)
    can_filter_init                          0x08006d29   Thumb Code    52  bsp_can.o(i.can_filter_init)
    can_msg_send_task                        0x08006d61   Thumb Code    24  comm_task.o(i.can_msg_send_task)
    flash_read                               0x08006d7d   Thumb Code    26  bsp_flash.o(i.flash_read)
    main                                     0x08006dc5   Thumb Code   184  main.o(i.main)
    malloc                                   0x08006e99   Thumb Code    92  malloc.o(i.malloc)
    pid_calc                                 0x08006f05   Thumb Code   482  pid.o(i.pid_calc)
    send_angle_message                       0x08007101   Thumb Code    94  bsp_can.o(i.send_angle_message)
    send_palstance_message                   0x08007171   Thumb Code    82  bsp_can.o(i.send_palstance_message)
    sqrtf                                    0x080071d5   Thumb Code    62  sqrtf_full.o(i.sqrtf)
    status_task                              0x08007215   Thumb Code   104  status_task.o(i.status_task)
    user_uart_init                           0x08007291   Thumb Code    28  bsp_uart.o(i.user_uart_init)
    AHBPrescTable                            0x080072b4   Data          16  system_stm32f3xx.o(.constdata)
    APBPrescTable                            0x080072c4   Data           8  system_stm32f3xx.o(.constdata)
    aPLLMULFactorTable                       0x080072cc   Data          16  stm32f3xx_hal_rcc.o(.constdata)
    aPredivFactorTable                       0x080072dc   Data          16  stm32f3xx_hal_rcc.o(.constdata)
    xb                                       0x080072f8   Data          12  bsp_imu.o(.constdata)
    yb                                       0x08007304   Data          12  bsp_imu.o(.constdata)
    zb                                       0x08007310   Data          12  bsp_imu.o(.constdata)
    IMU_QuaternionEKF_F                      0x08007328   Data         144  quaternionekf.o(.constdata)
    Region$$Table$$Base                      0x080073d8   Number         0  anon$$obj.o(Region$$Table)
    Region$$Table$$Limit                     0x080073f8   Number         0  anon$$obj.o(Region$$Table)
    SystemCoreClock                          0x20000000   Data           4  system_stm32f3xx.o(.data)
    uwTickFreq                               0x20000004   Data           1  stm32f3xx_hal.o(.data)
    uwTickPrio                               0x20000008   Data           4  stm32f3xx_hal.o(.data)
    uwTick                                   0x2000000c   Data           4  stm32f3xx_hal.o(.data)
    palstance_can_tx_data                    0x20000010   Data           8  bsp_can.o(.data)
    angle_can_tx_data                        0x20000018   Data           8  bsp_can.o(.data)
    pitch_angle                              0x20000020   Data           8  bsp_can.o(.data)
    Temperature                              0x20000028   Data           4  bsp_bmi088.o(.data)
    calibration_temperature                  0x2000002c   Data           4  bsp_bmi088.o(.data)
    q0                                       0x20000030   Data           4  bsp_imu.o(.data)
    q1                                       0x20000034   Data           4  bsp_imu.o(.data)
    q2                                       0x20000038   Data           4  bsp_imu.o(.data)
    q3                                       0x2000003c   Data           4  bsp_imu.o(.data)
    halfT                                    0x20000040   Data           4  bsp_imu.o(.data)
    Kp                                       0x20000044   Data           4  bsp_imu.o(.data)
    Ki                                       0x20000048   Data           4  bsp_imu.o(.data)
    INS_DWT_Count                            0x2000004c   Data           4  bsp_imu.o(.data)
    exInt                                    0x20000058   Data           4  bsp_imu.o(.data)
    eyInt                                    0x2000005c   Data           4  bsp_imu.o(.data)
    ezInt                                    0x20000060   Data           4  bsp_imu.o(.data)
    ahrs_count                               0x20000064   Data           4  bsp_imu.o(.data)
    ahrs_norm                                0x20000068   Data           4  bsp_imu.o(.data)
    ez_test                                  0x2000006c   Data           4  bsp_imu.o(.data)
    norm_test                                0x20000070   Data           4  bsp_imu.o(.data)
    last_time                                0x20000074   Data           4  bsp_imu.o(.data)
    d_time                                   0x20000078   Data           4  bsp_imu.o(.data)
    time                                     0x2000007c   Data           4  bsp_imu.o(.data)
    imu_mode                                 0x200000a4   Data           1  bsp_imu.o(.data)
    SysTime                                  0x200000d8   Data           8  bsp_dwt.o(.data)
    CYCCNT64                                 0x200000e0   Data           8  bsp_dwt.o(.data)
    JY901_yaw                                0x200000e8   Data           4  bmi088_read.o(.data)
    current                                  0x200000ec   Data           4  bmi088_read.o(.data)
    Data_Ready_Flag                          0x200000f0   Data           1  status_task.o(.data)
    led_dir                                  0x200000f1   Data           1  status_task.o(.data)
    led_pwm                                  0x200000f2   Data           2  status_task.o(.data)
    Bandstop_Filter_Parameter_30_98          0x200000f4   Data          24  filter.o(.data)
    average                                  0x2000010c   Data           4  kalmanfilter.o(.data)
    buf                                      0x20000110   Data           4  kalmanfilter.o(.data)
    R                                        0x20000114   Data           4  kalmanfilter.o(.data)
    result                                   0x20000118   Data           4  kalmanfilter.o(.data)
    yaw_angle                                0x2000011c   Data           4  kalmanfilter.o(.data)
    kalman2_yaw_param                        0x20000120   Data         180  kalmanfilter.o(.data)
    kalman2_pitch_param                      0x200001d4   Data         180  kalmanfilter.o(.data)
    sizeof_float                             0x20000288   Data           2  kalman_filter.o(.data)
    sizeof_double                            0x2000028a   Data           2  kalman_filter.o(.data)
    IMU_QuaternionEKF_P                      0x200002d0   Data         144  quaternionekf.o(.data)
    __microlib_freelist                      0x20000360   Data           4  mvars.o(.data)
    __microlib_freelist_initialised          0x20000364   Data           4  mvars.o(.data)
    hcan                                     0x2000036c   Data          40  can.o(.bss)
    hspi3                                    0x20000394   Data         100  spi.o(.bss)
    htim1                                    0x200003f8   Data          64  tim.o(.bss)
    htim2                                    0x20000438   Data          64  tim.o(.bss)
    htim16                                   0x20000478   Data          64  tim.o(.bss)
    htim17                                   0x200004b8   Data          64  tim.o(.bss)
    huart1                                   0x200004f8   Data         112  usart.o(.bss)
    hdma_usart1_rx                           0x20000568   Data          68  usart.o(.bss)
    hdma_usart1_tx                           0x200005ac   Data          68  usart.o(.bss)
    htim6                                    0x200005f0   Data          64  stm32f3xx_hal_timebase_tim.o(.bss)
    JY901_receive_buff                       0x20000630   Data          22  bsp_uart.o(.bss)
    TxMessage                                0x20000648   Data          24  bsp_can.o(.bss)
    imu_org_data                             0x20000660   Data          18  bsp_bmi088.o(.bss)
    imu_real_data                            0x20000674   Data          80  bsp_imu.o(.bss)
    INS                                      0x200006c4   Data         128  bsp_imu.o(.bss)
    JY901_org_data                           0x20000744   Data          24  bsp_jy901.o(.bss)
    imu_output_data                          0x2000075c   Data          80  bmi088_read.o(.bss)
    palstance_tx_data                        0x200007ac   Data          12  bmi088_read.o(.bss)
    angle_tx_data                            0x200007b8   Data          12  imu_ahrsupdate.o(.bss)
    Gyro_Parameter                           0x200007c4   Data          24  filter.o(.bss)
    Accel_Parameter                          0x200007dc   Data          24  filter.o(.bss)
    gyro_filter_buf_bug                      0x200007f4   Data          72  filter.o(.bss)
    gyro_filter_buf                          0x2000083c   Data          72  filter.o(.bss)
    accel_filter_buf                         0x20000884   Data          72  filter.o(.bss)
    Data_X_MAG                               0x200008cc   Data          12  filter.o(.bss)
    Data_Y_MAG                               0x200008d8   Data          12  filter.o(.bss)
    Data_Z_MAG                               0x200008e4   Data          12  filter.o(.bss)
    gyro_filter                              0x200008f0   Data          16  filter.o(.bss)
    accel_filter                             0x20000900   Data          16  filter.o(.bss)
    mag_filter                               0x20000910   Data          16  filter.o(.bss)
    gyro_filter_bug                          0x20000920   Data          16  filter.o(.bss)
    Bias                                     0x20000930   Data          80  calibration.o(.bss)
    kalman_gyro_z                            0x20000980   Data          48  kalmanfilter.o(.bss)
    kalman_gyro_z_stop                       0x200009b0   Data          48  kalmanfilter.o(.bss)
    kalman2_pitch_filter                     0x200009e0   Data         108  kalmanfilter.o(.bss)
    kalman2_yaw_filter                       0x20000a4c   Data         108  kalmanfilter.o(.bss)
    pid_temperature                          0x20000ab8   Data         112  pid.o(.bss)
    QEKF_INS                                 0x20000b28   Data         480  quaternionekf.o(.bss)
    IMU_QuaternionEKF_K                      0x20000d08   Data          72  quaternionekf.o(.bss)
    IMU_QuaternionEKF_H                      0x20000d50   Data          72  quaternionekf.o(.bss)
    __heap_base                              0x20000d98   Data           0  startup_stm32f302x8.o(HEAP)
    __heap_limit                             0x20001d98   Data           0  startup_stm32f302x8.o(HEAP)
    __initial_sp                             0x20002398   Data           0  startup_stm32f302x8.o(STACK)



==============================================================================

Memory Map of the image

  Image Entry point : 0x08000189

  Load Region LR_IROM1 (Base: 0x08000000, Size: 0x00007764, Max: 0x00010000, ABSOLUTE, COMPRESSED[0x00007458])

    Execution Region ER_IROM1 (Exec base: 0x08000000, Load base: 0x08000000, Size: 0x000073f8, Max: 0x00010000, ABSOLUTE)

    Exec Addr    Load Addr    Size         Type   Attr      Idx    E Section Name        Object

    0x08000000   0x08000000   0x00000188   Data   RO            3    RESET               startup_stm32f302x8.o
    0x08000188   0x08000188   0x00000000   Code   RO         5710  * .ARM.Collect$$$$00000000  mc_w.l(entry.o)
    0x08000188   0x08000188   0x00000004   Code   RO         5823    .ARM.Collect$$$$00000001  mc_w.l(entry2.o)
    0x0800018c   0x0800018c   0x00000004   Code   RO         5826    .ARM.Collect$$$$00000004  mc_w.l(entry5.o)
    0x08000190   0x08000190   0x00000000   Code   RO         5828    .ARM.Collect$$$$00000008  mc_w.l(entry7b.o)
    0x08000190   0x08000190   0x00000000   Code   RO         5830    .ARM.Collect$$$$0000000A  mc_w.l(entry8b.o)
    0x08000190   0x08000190   0x00000008   Code   RO         5831    .ARM.Collect$$$$0000000B  mc_w.l(entry9a.o)
    0x08000198   0x08000198   0x00000000   Code   RO         5833    .ARM.Collect$$$$0000000D  mc_w.l(entry10a.o)
    0x08000198   0x08000198   0x00000000   Code   RO         5835    .ARM.Collect$$$$0000000F  mc_w.l(entry11a.o)
    0x08000198   0x08000198   0x00000004   Code   RO         5824    .ARM.Collect$$$$00002712  mc_w.l(entry2.o)
    0x0800019c   0x0800019c   0x00000024   Code   RO            4    .text               startup_stm32f302x8.o
    0x080001c0   0x080001c0   0x00000108   Code   RO         5389    .text               arm_cortexM4lf_math.lib(arm_mat_add_f32.o)
    0x080002c8   0x080002c8   0x00000008   Code   RO         5435    .text               arm_cortexM4lf_math.lib(arm_mat_init_f32.o)
    0x080002d0   0x080002d0   0x00000530   Code   RO         5459    .text               arm_cortexM4lf_math.lib(arm_mat_inverse_f32.o)
    0x08000800   0x08000800   0x0000013c   Code   RO         5483    .text               arm_cortexM4lf_math.lib(arm_mat_mult_f32.o)
    0x0800093c   0x0800093c   0x00000108   Code   RO         5507    .text               arm_cortexM4lf_math.lib(arm_mat_sub_f32.o)
    0x08000a44   0x08000a44   0x00000114   Code   RO         5531    .text               arm_cortexM4lf_math.lib(arm_mat_trans_f32.o)
    0x08000b58   0x08000b58   0x00000020   Code   RO         5715    .text               mc_w.l(llushr.o)
    0x08000b78   0x08000b78   0x00000024   Code   RO         5717    .text               mc_w.l(memcpya.o)
    0x08000b9c   0x08000b9c   0x00000024   Code   RO         5719    .text               mc_w.l(memseta.o)
    0x08000bc0   0x08000bc0   0x0000014e   Code   RO         5751    .text               mf_w.l(dadd.o)
    0x08000d0e   0x08000d0e   0x000000e4   Code   RO         5753    .text               mf_w.l(dmul.o)
    0x08000df2   0x08000df2   0x00000022   Code   RO         5757    .text               mf_w.l(dflti.o)
    0x08000e14   0x08000e14   0x00000026   Code   RO         5761    .text               mf_w.l(f2d.o)
    0x08000e3a   0x08000e3a   0x00000038   Code   RO         5763    .text               mf_w.l(d2f.o)
    0x08000e72   0x08000e72   0x0000001e   Code   RO         5837    .text               mc_w.l(llshl.o)
    0x08000e90   0x08000e90   0x00000024   Code   RO         5839    .text               mc_w.l(llsshr.o)
    0x08000eb4   0x08000eb4   0x00000000   Code   RO         5850    .text               mc_w.l(iusefp.o)
    0x08000eb4   0x08000eb4   0x0000006e   Code   RO         5851    .text               mf_w.l(fepilogue.o)
    0x08000f22   0x08000f22   0x000000ba   Code   RO         5853    .text               mf_w.l(depilogue.o)
    0x08000fdc   0x08000fdc   0x00000024   Code   RO         5861    .text               mc_w.l(init.o)
    0x08001000   0x08001000   0x00000056   Code   RO         5871    .text               mc_w.l(__dczerorl2.o)
    0x08001056   0x08001056   0x00000002   PAD
    0x08001058   0x08001058   0x000001d0   Code   RO         4944    i.BMI088_Filter     filter.o
    0x08001228   0x08001228   0x00000104   Code   RO         4289    i.BMI088_Init       bsp_bmi088.o
    0x0800132c   0x0800132c   0x00000060   Code   RO         4052    i.BMI088_Read_Reg   bsp_spi.o
    0x0800138c   0x0800138c   0x00000044   Code   RO         4053    i.BMI088_Write_Reg  bsp_spi.o
    0x080013d0   0x080013d0   0x000000d4   Code   RO         4290    i.BMI088_original_data_read  bsp_bmi088.o
    0x080014a4   0x080014a4   0x00000080   Code   RO         4291    i.BMI088_temp_data_read  bsp_bmi088.o
    0x08001524   0x08001524   0x00000098   Code   RO         4766    i.BMI_Read          bmi088_read.o
    0x080015bc   0x080015bc   0x000000ea   Code   RO         4339    i.BodyFrameToEarthFrame  bsp_imu.o
    0x080016a6   0x080016a6   0x00000002   Code   RO         3883    i.BusFault_Handler  stm32f3xx_it.o
    0x080016a8   0x080016a8   0x0000003c   Code   RO         4945    i.Butterworth_Parameter_Init  filter.o
    0x080016e4   0x080016e4   0x00000030   Code   RO         5069    i.CreateKalman1Filter  kalmanfilter.o
    0x08001714   0x08001714   0x000000e2   Code   RO         5070    i.CreateKalman2Filter  kalmanfilter.o
    0x080017f6   0x080017f6   0x00000002   PAD
    0x080017f8   0x080017f8   0x0000000c   Code   RO         3884    i.DMA1_Channel4_IRQHandler  stm32f3xx_it.o
    0x08001804   0x08001804   0x0000000c   Code   RO         3885    i.DMA1_Channel5_IRQHandler  stm32f3xx_it.o
    0x08001810   0x08001810   0x00000020   Code   RO         2466    i.DMA_CalcBaseAndBitshift  stm32f3xx_hal_dma.o
    0x08001830   0x08001830   0x0000002a   Code   RO         2467    i.DMA_SetConfig     stm32f3xx_hal_dma.o
    0x0800185a   0x0800185a   0x00000002   PAD
    0x0800185c   0x0800185c   0x00000028   Code   RO         4689    i.DWT_CNT_Update    bsp_dwt.o
    0x08001884   0x08001884   0x00000044   Code   RO         4691    i.DWT_GetDeltaT     bsp_dwt.o
    0x080018c8   0x080018c8   0x00000048   Code   RO         4696    i.DWT_Init          bsp_dwt.o
    0x08001910   0x08001910   0x00000020   Code   RO         4902    i.Data_Not_Ready    status_task.o
    0x08001930   0x08001930   0x0000001c   Code   RO         4903    i.Data_Ready        status_task.o
    0x0800194c   0x0800194c   0x00000002   Code   RO         3886    i.DebugMon_Handler  stm32f3xx_it.o
    0x0800194e   0x0800194e   0x000000ea   Code   RO         4340    i.EarthFrameToBodyFrame  bsp_imu.o
    0x08001a38   0x08001a38   0x00000002   Code   RO         3491    i.Error_Handler     main.o
    0x08001a3a   0x08001a3a   0x00000014   Code   RO         5039    i.Float2Byte        data_processing.o
    0x08001a4e   0x08001a4e   0x000000c8   Code   RO          153    i.HAL_CAN_AddTxMessage  stm32f3xx_hal_can.o
    0x08001b16   0x08001b16   0x00000002   PAD
    0x08001b18   0x08001b18   0x000000ee   Code   RO          154    i.HAL_CAN_ConfigFilter  stm32f3xx_hal_can.o
    0x08001c06   0x08001c06   0x00000002   Code   RO          157    i.HAL_CAN_ErrorCallback  stm32f3xx_hal_can.o
    0x08001c08   0x08001c08   0x0000002c   Code   RO          162    i.HAL_CAN_GetTxMailboxesFreeLevel  stm32f3xx_hal_can.o
    0x08001c34   0x08001c34   0x000001fc   Code   RO          164    i.HAL_CAN_IRQHandler  stm32f3xx_hal_can.o
    0x08001e30   0x08001e30   0x0000011a   Code   RO          165    i.HAL_CAN_Init      stm32f3xx_hal_can.o
    0x08001f4a   0x08001f4a   0x00000002   PAD
    0x08001f4c   0x08001f4c   0x00000074   Code   RO         3668    i.HAL_CAN_MspInit   can.o
    0x08001fc0   0x08001fc0   0x00000002   Code   RO          172    i.HAL_CAN_RxFifo0FullCallback  stm32f3xx_hal_can.o
    0x08001fc2   0x08001fc2   0x00000002   Code   RO          173    i.HAL_CAN_RxFifo0MsgPendingCallback  stm32f3xx_hal_can.o
    0x08001fc4   0x08001fc4   0x00000002   Code   RO          174    i.HAL_CAN_RxFifo1FullCallback  stm32f3xx_hal_can.o
    0x08001fc6   0x08001fc6   0x00000002   Code   RO          175    i.HAL_CAN_RxFifo1MsgPendingCallback  stm32f3xx_hal_can.o
    0x08001fc8   0x08001fc8   0x00000002   Code   RO          176    i.HAL_CAN_SleepCallback  stm32f3xx_hal_can.o
    0x08001fca   0x08001fca   0x00000002   PAD
    0x08001fcc   0x08001fcc   0x00000058   Code   RO          177    i.HAL_CAN_Start     stm32f3xx_hal_can.o
    0x08002024   0x08002024   0x00000002   Code   RO          179    i.HAL_CAN_TxMailbox0AbortCallback  stm32f3xx_hal_can.o
    0x08002026   0x08002026   0x00000002   Code   RO          180    i.HAL_CAN_TxMailbox0CompleteCallback  stm32f3xx_hal_can.o
    0x08002028   0x08002028   0x00000002   Code   RO          181    i.HAL_CAN_TxMailbox1AbortCallback  stm32f3xx_hal_can.o
    0x0800202a   0x0800202a   0x00000002   Code   RO          182    i.HAL_CAN_TxMailbox1CompleteCallback  stm32f3xx_hal_can.o
    0x0800202c   0x0800202c   0x00000002   Code   RO          183    i.HAL_CAN_TxMailbox2AbortCallback  stm32f3xx_hal_can.o
    0x0800202e   0x0800202e   0x00000002   Code   RO          184    i.HAL_CAN_TxMailbox2CompleteCallback  stm32f3xx_hal_can.o
    0x08002030   0x08002030   0x00000002   Code   RO          186    i.HAL_CAN_WakeUpFromRxMsgCallback  stm32f3xx_hal_can.o
    0x08002032   0x08002032   0x00000030   Code   RO         2468    i.HAL_DMA_Abort     stm32f3xx_hal_dma.o
    0x08002062   0x08002062   0x0000004a   Code   RO         2469    i.HAL_DMA_Abort_IT  stm32f3xx_hal_dma.o
    0x080020ac   0x080020ac   0x000000a8   Code   RO         2473    i.HAL_DMA_IRQHandler  stm32f3xx_hal_dma.o
    0x08002154   0x08002154   0x0000004e   Code   RO         2474    i.HAL_DMA_Init      stm32f3xx_hal_dma.o
    0x080021a2   0x080021a2   0x00000070   Code   RO         2478    i.HAL_DMA_Start_IT  stm32f3xx_hal_dma.o
    0x08002212   0x08002212   0x00000002   PAD
    0x08002214   0x08002214   0x00000024   Code   RO         2086    i.HAL_Delay         stm32f3xx_hal.o
    0x08002238   0x08002238   0x00000180   Code   RO         2403    i.HAL_GPIO_Init     stm32f3xx_hal_gpio.o
    0x080023b8   0x080023b8   0x0000000a   Code   RO         2407    i.HAL_GPIO_WritePin  stm32f3xx_hal_gpio.o
    0x080023c2   0x080023c2   0x00000002   PAD
    0x080023c4   0x080023c4   0x0000000c   Code   RO         2090    i.HAL_GetTick       stm32f3xx_hal.o
    0x080023d0   0x080023d0   0x00000010   Code   RO         2096    i.HAL_IncTick       stm32f3xx_hal.o
    0x080023e0   0x080023e0   0x00000024   Code   RO         2097    i.HAL_Init          stm32f3xx_hal.o
    0x08002404   0x08002404   0x00000074   Code   RO         4013    i.HAL_InitTick      stm32f3xx_hal_timebase_tim.o
    0x08002478   0x08002478   0x0000002c   Code   RO         3989    i.HAL_MspInit       stm32f3xx_hal_msp.o
    0x080024a4   0x080024a4   0x00000016   Code   RO         2568    i.HAL_NVIC_EnableIRQ  stm32f3xx_hal_cortex.o
    0x080024ba   0x080024ba   0x00000002   PAD
    0x080024bc   0x080024bc   0x00000040   Code   RO         2574    i.HAL_NVIC_SetPriority  stm32f3xx_hal_cortex.o
    0x080024fc   0x080024fc   0x00000024   Code   RO         2575    i.HAL_NVIC_SetPriorityGrouping  stm32f3xx_hal_cortex.o
    0x08002520   0x08002520   0x000001f4   Code   RO         2360    i.HAL_RCCEx_PeriphCLKConfig  stm32f3xx_hal_rcc_ex.o
    0x08002714   0x08002714   0x00000144   Code   RO         2254    i.HAL_RCC_ClockConfig  stm32f3xx_hal_rcc.o
    0x08002858   0x08002858   0x00000040   Code   RO         2258    i.HAL_RCC_GetClockConfig  stm32f3xx_hal_rcc.o
    0x08002898   0x08002898   0x00000030   Code   RO         2261    i.HAL_RCC_GetPCLK1Freq  stm32f3xx_hal_rcc.o
    0x080028c8   0x080028c8   0x00000030   Code   RO         2262    i.HAL_RCC_GetPCLK2Freq  stm32f3xx_hal_rcc.o
    0x080028f8   0x080028f8   0x00000068   Code   RO         2263    i.HAL_RCC_GetSysClockFreq  stm32f3xx_hal_rcc.o
    0x08002960   0x08002960   0x00000590   Code   RO         2266    i.HAL_RCC_OscConfig  stm32f3xx_hal_rcc.o
    0x08002ef0   0x08002ef0   0x000000b6   Code   RO          400    i.HAL_SPI_Init      stm32f3xx_hal_spi.o
    0x08002fa6   0x08002fa6   0x00000002   PAD
    0x08002fa8   0x08002fa8   0x00000064   Code   RO         3734    i.HAL_SPI_MspInit   spi.o
    0x0800300c   0x0800300c   0x0000023e   Code   RO          409    i.HAL_SPI_TransmitReceive  stm32f3xx_hal_spi.o
    0x0800324a   0x0800324a   0x00000002   Code   RO         1386    i.HAL_TIMEx_Break2Callback  stm32f3xx_hal_tim_ex.o
    0x0800324c   0x0800324c   0x00000002   Code   RO         1387    i.HAL_TIMEx_BreakCallback  stm32f3xx_hal_tim_ex.o
    0x0800324e   0x0800324e   0x00000002   Code   RO         1388    i.HAL_TIMEx_CommutationCallback  stm32f3xx_hal_tim_ex.o
    0x08003250   0x08003250   0x00000088   Code   RO         1389    i.HAL_TIMEx_ConfigBreakDeadTime  stm32f3xx_hal_tim_ex.o
    0x080032d8   0x080032d8   0x0000004c   Code   RO         1405    i.HAL_TIMEx_MasterConfigSynchronization  stm32f3xx_hal_tim_ex.o
    0x08003324   0x08003324   0x00000036   Code   RO          742    i.HAL_TIM_Base_Init  stm32f3xx_hal_tim.o
    0x0800335a   0x0800335a   0x00000002   PAD
    0x0800335c   0x0800335c   0x00000084   Code   RO         3776    i.HAL_TIM_Base_MspInit  tim.o
    0x080033e0   0x080033e0   0x00000018   Code   RO          747    i.HAL_TIM_Base_Start_IT  stm32f3xx_hal_tim.o
    0x080033f8   0x080033f8   0x000000fc   Code   RO          751    i.HAL_TIM_ConfigClockSource  stm32f3xx_hal_tim.o
    0x080034f4   0x080034f4   0x00000002   Code   RO          773    i.HAL_TIM_IC_CaptureCallback  stm32f3xx_hal_tim.o
    0x080034f6   0x080034f6   0x00000184   Code   RO          786    i.HAL_TIM_IRQHandler  stm32f3xx_hal_tim.o
    0x0800367a   0x0800367a   0x00000002   PAD
    0x0800367c   0x0800367c   0x00000074   Code   RO         3777    i.HAL_TIM_MspPostInit  tim.o
    0x080036f0   0x080036f0   0x00000002   Code   RO          789    i.HAL_TIM_OC_DelayElapsedCallback  stm32f3xx_hal_tim.o
    0x080036f2   0x080036f2   0x00000128   Code   RO         1425    i.HAL_TIM_PWM_ConfigChannel  stm32f3xx_hal_tim_ex.o
    0x0800381a   0x0800381a   0x00000036   Code   RO          813    i.HAL_TIM_PWM_Init  stm32f3xx_hal_tim.o
    0x08003850   0x08003850   0x00000002   Code   RO          815    i.HAL_TIM_PWM_MspInit  stm32f3xx_hal_tim.o
    0x08003852   0x08003852   0x00000002   Code   RO          816    i.HAL_TIM_PWM_PulseFinishedCallback  stm32f3xx_hal_tim.o
    0x08003854   0x08003854   0x0000004c   Code   RO          817    i.HAL_TIM_PWM_Start  stm32f3xx_hal_tim.o
    0x080038a0   0x080038a0   0x00000040   Code   RO         3492    i.HAL_TIM_PeriodElapsedCallback  main.o
    0x080038e0   0x080038e0   0x00000002   Code   RO          827    i.HAL_TIM_TriggerCallback  stm32f3xx_hal_tim.o
    0x080038e2   0x080038e2   0x00000002   Code   RO         2030    i.HAL_UARTEx_WakeupCallback  stm32f3xx_hal_uart_ex.o
    0x080038e4   0x080038e4   0x00000054   Code   RO         1685    i.HAL_UART_DMAStop  stm32f3xx_hal_uart.o
    0x08003938   0x08003938   0x00000002   Code   RO         1687    i.HAL_UART_ErrorCallback  stm32f3xx_hal_uart.o
    0x0800393a   0x0800393a   0x00000002   PAD
    0x0800393c   0x0800393c   0x00000140   Code   RO         1690    i.HAL_UART_IRQHandler  stm32f3xx_hal_uart.o
    0x08003a7c   0x08003a7c   0x0000006a   Code   RO         1691    i.HAL_UART_Init     stm32f3xx_hal_uart.o
    0x08003ae6   0x08003ae6   0x00000002   PAD
    0x08003ae8   0x08003ae8   0x000000cc   Code   RO         3842    i.HAL_UART_MspInit  usart.o
    0x08003bb4   0x08003bb4   0x00000090   Code   RO         1695    i.HAL_UART_Receive_DMA  stm32f3xx_hal_uart.o
    0x08003c44   0x08003c44   0x00000002   Code   RO         1697    i.HAL_UART_RxCpltCallback  stm32f3xx_hal_uart.o
    0x08003c46   0x08003c46   0x00000002   Code   RO         1698    i.HAL_UART_RxHalfCpltCallback  stm32f3xx_hal_uart.o
    0x08003c48   0x08003c48   0x00000002   Code   RO         1702    i.HAL_UART_TxCpltCallback  stm32f3xx_hal_uart.o
    0x08003c4a   0x08003c4a   0x00000002   PAD
    0x08003c4c   0x08003c4c   0x000000fc   Code   RO         5237    i.H_K_R_Adjustment  kalman_filter.o
    0x08003d48   0x08003d48   0x00000002   Code   RO         3887    i.HardFault_Handler  stm32f3xx_it.o
    0x08003d4a   0x08003d4a   0x00000002   PAD
    0x08003d4c   0x08003d4c   0x00000050   Code   RO         4094    i.IIC_Soft_Init     bsp_iic.o
    0x08003d9c   0x08003d9c   0x0000018c   Code   RO         4342    i.IMU_AHRS_Calcu_task  bsp_imu.o
    0x08003f28   0x08003f28   0x00000038   Code   RO         4845    i.IMU_AHRSupdate_task  imu_ahrsupdate.o
    0x08003f60   0x08003f60   0x00000158   Code   RO         5314    i.IMU_QuaternionEKF_F_Linearization_P_Fading  quaternionekf.o
    0x080040b8   0x080040b8   0x000000dc   Code   RO         5315    i.IMU_QuaternionEKF_Init  quaternionekf.o
    0x08004194   0x08004194   0x00000034   Code   RO         5316    i.IMU_QuaternionEKF_Observe  quaternionekf.o
    0x080041c8   0x080041c8   0x000000c4   Code   RO         5317    i.IMU_QuaternionEKF_SetH  quaternionekf.o
    0x0800428c   0x0800428c   0x00000414   Code   RO         5318    i.IMU_QuaternionEKF_Update  quaternionekf.o
    0x080046a0   0x080046a0   0x000003b8   Code   RO         5319    i.IMU_QuaternionEKF_xhatUpdate  quaternionekf.o
    0x08004a58   0x08004a58   0x000000e4   Code   RO         4343    i.IMU_Values_Convert  bsp_imu.o
    0x08004b3c   0x08004b3c   0x0000006c   Code   RO         4593    i.JY901_original_data_read  bsp_jy901.o
    0x08004ba8   0x08004ba8   0x000003e8   Code   RO         5238    i.Kalman_Filter_Init  kalman_filter.o
    0x08004f90   0x08004f90   0x00000048   Code   RO         5239    i.Kalman_Filter_Measure  kalman_filter.o
    0x08004fd8   0x08004fd8   0x0000006a   Code   RO         5240    i.Kalman_Filter_P_Update  kalman_filter.o
    0x08005042   0x08005042   0x0000006c   Code   RO         5241    i.Kalman_Filter_PminusUpdate  kalman_filter.o
    0x080050ae   0x080050ae   0x000000cc   Code   RO         5242    i.Kalman_Filter_SetK  kalman_filter.o
    0x0800517a   0x0800517a   0x00000002   PAD
    0x0800517c   0x0800517c   0x000000e8   Code   RO         5243    i.Kalman_Filter_Update  kalman_filter.o
    0x08005264   0x08005264   0x00000074   Code   RO         5244    i.Kalman_Filter_xhatMinusUpdate  kalman_filter.o
    0x080052d8   0x080052d8   0x00000084   Code   RO         5245    i.Kalman_Filter_xhatUpdate  kalman_filter.o
    0x0800535c   0x0800535c   0x00000050   Code   RO         5074    i.Kalman_init       kalmanfilter.o
    0x080053ac   0x080053ac   0x00000056   Code   RO         4948    i.LPButterworth     filter.o
    0x08005402   0x08005402   0x00000002   PAD
    0x08005404   0x08005404   0x00000044   Code   RO         3669    i.MX_CAN_Init       can.o
    0x08005448   0x08005448   0x0000003c   Code   RO         3709    i.MX_DMA_Init       dma.o
    0x08005484   0x08005484   0x0000006c   Code   RO         3643    i.MX_GPIO_Init      gpio.o
    0x080054f0   0x080054f0   0x00000050   Code   RO         3735    i.MX_SPI3_Init      spi.o
    0x08005540   0x08005540   0x00000038   Code   RO         3778    i.MX_TIM16_Init     tim.o
    0x08005578   0x08005578   0x00000098   Code   RO         3779    i.MX_TIM17_Init     tim.o
    0x08005610   0x08005610   0x0000006c   Code   RO         3780    i.MX_TIM1_Init      tim.o
    0x0800567c   0x0800567c   0x00000098   Code   RO         3781    i.MX_TIM2_Init      tim.o
    0x08005714   0x08005714   0x0000003c   Code   RO         3843    i.MX_USART1_UART_Init  usart.o
    0x08005750   0x08005750   0x00000002   Code   RO         3888    i.MemManage_Handler  stm32f3xx_it.o
    0x08005752   0x08005752   0x00000002   Code   RO         3889    i.NMI_Handler       stm32f3xx_it.o
    0x08005754   0x08005754   0x00000020   Code   RO         2581    i.NVIC_SetPriority  stm32f3xx_hal_cortex.o
    0x08005774   0x08005774   0x00000018   Code   RO         5153    i.PID_struct_init   pid.o
    0x0800578c   0x0800578c   0x00000002   Code   RO         3890    i.PendSV_Handler    stm32f3xx_it.o
    0x0800578e   0x0800578e   0x00000048   Code   RO          438    i.SPI_EndRxTxTransaction  stm32f3xx_hal_spi.o
    0x080057d6   0x080057d6   0x00000002   PAD
    0x080057d8   0x080057d8   0x00000020   Code   RO         4054    i.SPI_Read_Write_Byte  bsp_spi.o
    0x080057f8   0x080057f8   0x0000009e   Code   RO          443    i.SPI_WaitFifoStateUntilTimeout  stm32f3xx_hal_spi.o
    0x08005896   0x08005896   0x00000094   Code   RO          444    i.SPI_WaitFlagStateUntilTimeout  stm32f3xx_hal_spi.o
    0x0800592a   0x0800592a   0x00000002   Code   RO         3891    i.SVC_Handler       stm32f3xx_it.o
    0x0800592c   0x0800592c   0x000000a8   Code   RO         4949    i.Set_Cutoff_Frequency  filter.o
    0x080059d4   0x080059d4   0x00000070   Code   RO         3493    i.SystemClock_Config  main.o
    0x08005a44   0x08005a44   0x00000068   Code   RO           14    i.SystemInit        system_stm32f3xx.o
    0x08005aac   0x08005aac   0x0000001c   Code   RO         3892    i.TIM1_UP_TIM16_IRQHandler  stm32f3xx_it.o
    0x08005ac8   0x08005ac8   0x0000000c   Code   RO         3893    i.TIM6_DAC_IRQHandler  stm32f3xx_it.o
    0x08005ad4   0x08005ad4   0x00000078   Code   RO          828    i.TIM_Base_SetConfig  stm32f3xx_hal_tim.o
    0x08005b4c   0x08005b4c   0x00000016   Code   RO          829    i.TIM_CCxChannelCmd  stm32f3xx_hal_tim.o
    0x08005b62   0x08005b62   0x00000014   Code   RO          835    i.TIM_ETR_SetConfig  stm32f3xx_hal_tim.o
    0x08005b76   0x08005b76   0x00000010   Code   RO          836    i.TIM_ITRx_SetConfig  stm32f3xx_hal_tim.o
    0x08005b86   0x08005b86   0x00000002   PAD
    0x08005b88   0x08005b88   0x00000088   Code   RO          837    i.TIM_OC1_SetConfig  stm32f3xx_hal_tim.o
    0x08005c10   0x08005c10   0x00000080   Code   RO          838    i.TIM_OC2_SetConfig  stm32f3xx_hal_tim.o
    0x08005c90   0x08005c90   0x00000080   Code   RO          839    i.TIM_OC3_SetConfig  stm32f3xx_hal_tim.o
    0x08005d10   0x08005d10   0x0000006c   Code   RO          840    i.TIM_OC4_SetConfig  stm32f3xx_hal_tim.o
    0x08005d7c   0x08005d7c   0x00000064   Code   RO         1428    i.TIM_OC5_SetConfig  stm32f3xx_hal_tim_ex.o
    0x08005de0   0x08005de0   0x00000068   Code   RO         1429    i.TIM_OC6_SetConfig  stm32f3xx_hal_tim_ex.o
    0x08005e48   0x08005e48   0x00000022   Code   RO          842    i.TIM_TI1_ConfigInputStage  stm32f3xx_hal_tim.o
    0x08005e6a   0x08005e6a   0x00000024   Code   RO          844    i.TIM_TI2_ConfigInputStage  stm32f3xx_hal_tim.o
    0x08005e8e   0x08005e8e   0x000000c8   Code   RO         1704    i.UART_AdvFeatureConfig  stm32f3xx_hal_uart.o
    0x08005f56   0x08005f56   0x0000005c   Code   RO         1705    i.UART_CheckIdleState  stm32f3xx_hal_uart.o
    0x08005fb2   0x08005fb2   0x00000014   Code   RO         1706    i.UART_DMAAbortOnError  stm32f3xx_hal_uart.o
    0x08005fc6   0x08005fc6   0x0000004a   Code   RO         1707    i.UART_DMAError     stm32f3xx_hal_uart.o
    0x08006010   0x08006010   0x0000003e   Code   RO         1708    i.UART_DMAReceiveCplt  stm32f3xx_hal_uart.o
    0x0800604e   0x0800604e   0x0000000a   Code   RO         1710    i.UART_DMARxHalfCplt  stm32f3xx_hal_uart.o
    0x08006058   0x08006058   0x0000001c   Code   RO         1716    i.UART_EndRxTransfer  stm32f3xx_hal_uart.o
    0x08006074   0x08006074   0x0000001a   Code   RO         1717    i.UART_EndTransmit_IT  stm32f3xx_hal_uart.o
    0x0800608e   0x0800608e   0x00000012   Code   RO         1718    i.UART_EndTxTransfer  stm32f3xx_hal_uart.o
    0x080060a0   0x080060a0   0x00000076   Code   RO         1719    i.UART_Receive_IT   stm32f3xx_hal_uart.o
    0x08006116   0x08006116   0x00000002   PAD
    0x08006118   0x08006118   0x0000014c   Code   RO         1720    i.UART_SetConfig    stm32f3xx_hal_uart.o
    0x08006264   0x08006264   0x00000064   Code   RO         1721    i.UART_Transmit_IT  stm32f3xx_hal_uart.o
    0x080062c8   0x080062c8   0x00000064   Code   RO         1722    i.UART_WaitOnFlagUntilTimeout  stm32f3xx_hal_uart.o
    0x0800632c   0x0800632c   0x00000018   Code   RO         3894    i.USART1_IRQHandler  stm32f3xx_it.o
    0x08006344   0x08006344   0x00000034   Code   RO         4166    i.USAR_UART_IDLECallback  bsp_uart.o
    0x08006378   0x08006378   0x0000000c   Code   RO         3895    i.USB_HP_CAN_TX_IRQHandler  stm32f3xx_it.o
    0x08006384   0x08006384   0x00000024   Code   RO         4167    i.USER_UART_IRQHandler  bsp_uart.o
    0x080063a8   0x080063a8   0x00000002   Code   RO         3896    i.UsageFault_Handler  stm32f3xx_it.o
    0x080063aa   0x080063aa   0x00000026   Code   RO         5801    i.__ARM_fpclassifyf  m_wm.l(fpclassifyf.o)
    0x080063d0   0x080063d0   0x00000118   Code   RO         5600    i.__hardfp_acosf    m_wm.l(acosf.o)
    0x080064e8   0x080064e8   0x0000012c   Code   RO         5626    i.__hardfp_asinf    m_wm.l(asinf.o)
    0x08006614   0x08006614   0x00000250   Code   RO         5650    i.__hardfp_atan2f   m_wm.l(atan2f.o)
    0x08006864   0x08006864   0x00000150   Code   RO         5662    i.__hardfp_cosf     m_wm.l(cosf.o)
    0x080069b4   0x080069b4   0x0000017c   Code   RO         5674    i.__hardfp_tanf     m_wm.l(tanf.o)
    0x08006b30   0x08006b30   0x00000006   Code   RO         5804    i.__mathlib_flt_infnan  m_wm.l(funder.o)
    0x08006b36   0x08006b36   0x00000006   Code   RO         5805    i.__mathlib_flt_infnan2  m_wm.l(funder.o)
    0x08006b3c   0x08006b3c   0x00000010   Code   RO         5806    i.__mathlib_flt_invalid  m_wm.l(funder.o)
    0x08006b4c   0x08006b4c   0x00000010   Code   RO         5809    i.__mathlib_flt_underflow  m_wm.l(funder.o)
    0x08006b5c   0x08006b5c   0x00000154   Code   RO         5820    i.__mathlib_rredf2  m_wm.l(rredf.o)
    0x08006cb0   0x08006cb0   0x0000000e   Code   RO         5865    i.__scatterload_copy  mc_w.l(handlers.o)
    0x08006cbe   0x08006cbe   0x00000002   Code   RO         5866    i.__scatterload_null  mc_w.l(handlers.o)
    0x08006cc0   0x08006cc0   0x0000000e   Code   RO         5867    i.__scatterload_zeroinit  mc_w.l(handlers.o)
    0x08006cce   0x08006cce   0x00000002   PAD
    0x08006cd0   0x08006cd0   0x0000000c   Code   RO         5845    i.__set_errno       mc_w.l(errno.o)
    0x08006cdc   0x08006cdc   0x00000030   Code   RO         5154    i.abs_limit         pid.o
    0x08006d0c   0x08006d0c   0x0000001c   Code   RO         4219    i.can_device_init   bsp_can.o
    0x08006d28   0x08006d28   0x00000038   Code   RO         4220    i.can_filter_init   bsp_can.o
    0x08006d60   0x08006d60   0x0000001c   Code   RO         4878    i.can_msg_send_task  comm_task.o
    0x08006d7c   0x08006d7c   0x0000001a   Code   RO         4654    i.flash_read        bsp_flash.o
    0x08006d96   0x08006d96   0x00000002   PAD
    0x08006d98   0x08006d98   0x0000002c   Code   RO         5320    i.invSqrt           quaternionekf.o
    0x08006dc4   0x08006dc4   0x000000d4   Code   RO         3494    i.main              main.o
    0x08006e98   0x08006e98   0x0000006c   Code   RO         5724    i.malloc            mc_w.l(malloc.o)
    0x08006f04   0x08006f04   0x000001e8   Code   RO         5155    i.pid_calc          pid.o
    0x080070ec   0x080070ec   0x0000000e   Code   RO         5156    i.pid_param_init    pid.o
    0x080070fa   0x080070fa   0x00000006   Code   RO         5157    i.pid_reset         pid.o
    0x08007100   0x08007100   0x00000070   Code   RO         4221    i.send_angle_message  bsp_can.o
    0x08007170   0x08007170   0x00000064   Code   RO         4222    i.send_palstance_message  bsp_can.o
    0x080071d4   0x080071d4   0x0000003e   Code   RO         5694    i.sqrtf             m_wm.l(sqrtf_full.o)
    0x08007212   0x08007212   0x00000002   PAD
    0x08007214   0x08007214   0x0000007c   Code   RO         4904    i.status_task       status_task.o
    0x08007290   0x08007290   0x00000024   Code   RO         4168    i.user_uart_init    bsp_uart.o
    0x080072b4   0x080072b4   0x00000010   Data   RO           15    .constdata          system_stm32f3xx.o
    0x080072c4   0x080072c4   0x00000008   Data   RO           16    .constdata          system_stm32f3xx.o
    0x080072cc   0x080072cc   0x00000020   Data   RO         2267    .constdata          stm32f3xx_hal_rcc.o
    0x080072ec   0x080072ec   0x0000000c   Data   RO         4293    .constdata          bsp_bmi088.o
    0x080072f8   0x080072f8   0x00000030   Data   RO         4345    .constdata          bsp_imu.o
    0x08007328   0x08007328   0x00000090   Data   RO         5322    .constdata          quaternionekf.o
    0x080073b8   0x080073b8   0x00000020   Data   RO         5821    .constdata          m_wm.l(rredf.o)
    0x080073d8   0x080073d8   0x00000020   Data   RO         5863    Region$$Table       anon$$obj.o


    Execution Region RW_IRAM1 (Exec base: 0x20000000, Load base: 0x080073f8, Size: 0x00002398, Max: 0x00004000, ABSOLUTE, COMPRESSED[0x00000060])

    Exec Addr    Load Addr    Size         Type   Attr      Idx    E Section Name        Object

    0x20000000   COMPRESSED   0x00000004   Data   RW           17    .data               system_stm32f3xx.o
    0x20000004   COMPRESSED   0x0000000c   Data   RW         2104    .data               stm32f3xx_hal.o
    0x20000010   COMPRESSED   0x00000018   Data   RW         4224    .data               bsp_can.o
    0x20000028   COMPRESSED   0x00000004   Data   RW         4294    .data               bsp_bmi088.o
    0x2000002c   COMPRESSED   0x00000004   Data   RW         4295    .data               bsp_bmi088.o
    0x20000030   COMPRESSED   0x00000074   Data   RW         4346    .data               bsp_imu.o
    0x200000a4   COMPRESSED   0x00000001   Data   RW         4349    .data               bsp_imu.o
    0x200000a5   COMPRESSED   0x00000003   PAD
    0x200000a8   COMPRESSED   0x00000040   Data   RW         4698    .data               bsp_dwt.o
    0x200000e8   COMPRESSED   0x00000008   Data   RW         4773    .data               bmi088_read.o
    0x200000f0   COMPRESSED   0x00000004   Data   RW         4905    .data               status_task.o
    0x200000f4   COMPRESSED   0x00000018   Data   RW         4951    .data               filter.o
    0x2000010c   COMPRESSED   0x0000017c   Data   RW         5081    .data               kalmanfilter.o
    0x20000288   COMPRESSED   0x00000004   Data   RW         5246    .data               kalman_filter.o
    0x2000028c   COMPRESSED   0x000000d4   Data   RW         5323    .data               quaternionekf.o
    0x20000360   COMPRESSED   0x00000004   Data   RW         5841    .data               mc_w.l(mvars.o)
    0x20000364   COMPRESSED   0x00000004   Data   RW         5842    .data               mc_w.l(mvars.o)
    0x20000368   COMPRESSED   0x00000004   Data   RW         5846    .data               mc_w.l(errno.o)
    0x2000036c        -       0x00000028   Zero   RW         3670    .bss                can.o
    0x20000394        -       0x00000064   Zero   RW         3736    .bss                spi.o
    0x200003f8        -       0x00000100   Zero   RW         3782    .bss                tim.o
    0x200004f8        -       0x000000f8   Zero   RW         3844    .bss                usart.o
    0x200005f0        -       0x00000040   Zero   RW         4016    .bss                stm32f3xx_hal_timebase_tim.o
    0x20000630        -       0x00000016   Zero   RW         4169    .bss                bsp_uart.o
    0x20000646   COMPRESSED   0x00000002   PAD
    0x20000648        -       0x00000018   Zero   RW         4223    .bss                bsp_can.o
    0x20000660        -       0x00000012   Zero   RW         4292    .bss                bsp_bmi088.o
    0x20000672   COMPRESSED   0x00000002   PAD
    0x20000674        -       0x000000d0   Zero   RW         4344    .bss                bsp_imu.o
    0x20000744        -       0x00000018   Zero   RW         4594    .bss                bsp_jy901.o
    0x2000075c        -       0x0000005c   Zero   RW         4767    .bss                bmi088_read.o
    0x200007b8        -       0x0000000c   Zero   RW         4846    .bss                imu_ahrsupdate.o
    0x200007c4        -       0x0000016c   Zero   RW         4950    .bss                filter.o
    0x20000930        -       0x00000050   Zero   RW         5008    .bss                calibration.o
    0x20000980        -       0x00000138   Zero   RW         5079    .bss                kalmanfilter.o
    0x20000ab8        -       0x00000070   Zero   RW         5174    .bss                pid.o
    0x20000b28        -       0x00000270   Zero   RW         5321    .bss                quaternionekf.o
    0x20000d98        -       0x00001000   Zero   RW            2    HEAP                startup_stm32f302x8.o
    0x20001d98        -       0x00000600   Zero   RW            1    STACK               startup_stm32f302x8.o


==============================================================================

Image component sizes


      Code (inc. data)   RO Data    RW Data    ZI Data      Debug   Object Name

       152         34          0          8         92       3210   bmi088_read.o
       600         52         12          8         18       4244   bsp_bmi088.o
       296         46          0         24         24       2938   bsp_can.o
       180         36          0         64          0       3150   bsp_dwt.o
        26          0          0          0          0        665   bsp_flash.o
        80          6          0          0          0        888   bsp_iic.o
      1092         64         48        117        208       6875   bsp_imu.o
       108         14          0          0         24       1596   bsp_jy901.o
       196          4          0          0          0       2227   bsp_spi.o
       124         22          0          0         22       2186   bsp_uart.o
         0          0          0          0         80       1969   calibration.o
       184         20          0          0         40       1703   can.o
        28          4          0          0          0        528   comm_task.o
        20          0          0          0          0        637   data_processing.o
        60          4          0          0          0        786   dma.o
       778         66          0         24        364       4634   filter.o
       108          4          0          0          0        923   gpio.o
        56          8          0          0         12       1204   imu_ahrsupdate.o
      2222         20          0          4          0       8871   kalman_filter.o
       354         28          0        380        312      18716   kalmanfilter.o
       390         46          0          0          0       3612   main.o
       580         14          0          0        112       5677   pid.o
      2852        168        144        212        624      10499   quaternionekf.o
       180         22          0          0        100       1705   spi.o
        36          8        392          0       5632        848   startup_stm32f302x8.o
       184         32          0          4          0       1830   status_task.o
       100         18          0         12          0      11550   stm32f3xx_hal.o
      1386          0          0          0          0      13975   stm32f3xx_hal_can.o
       154         14          0          0          0      28022   stm32f3xx_hal_cortex.o
       554         10          0          0          0       5642   stm32f3xx_hal_dma.o
       394         26          0          0          0       2408   stm32f3xx_hal_gpio.o
        44          6          0          0          0        850   stm32f3xx_hal_msp.o
      2012         84         32          0          0       6509   stm32f3xx_hal_rcc.o
       500         14          0          0          0       1592   stm32f3xx_hal_rcc_ex.o
      1134          0          0          0          0       5709   stm32f3xx_hal_spi.o
      1606        122          0          0          0      15890   stm32f3xx_hal_tim.o
       718         50          0          0          0       6441   stm32f3xx_hal_tim_ex.o
       116         16          0          0         64       1435   stm32f3xx_hal_timebase_tim.o
      1842         66          0          0          0      15807   stm32f3xx_hal_uart.o
         2          0          0          0          0        956   stm32f3xx_hal_uart_ex.o
       116         40          0          0          0       6722   stm32f3xx_it.o
       104         22         24          4          0     536039   system_stm32f3xx.o
       716         52          0          0        256       4591   tim.o
       264         28          0          0        248       1948   usart.o

    ----------------------------------------------------------------------
     22690       1290        684        864       8236     758207   Object Totals
         0          0         32          0          0          0   (incl. Generated)
        42          0          0          3          4          0   (incl. Padding)

    ----------------------------------------------------------------------

      Code (inc. data)   RO Data    RW Data    ZI Data      Debug   Library Member Name

       264          0          0          0          0      18250   arm_mat_add_f32.o
         8          0          0          0          0        999   arm_mat_init_f32.o
      1328          4          0          0          0       4782   arm_mat_inverse_f32.o
       316          4          0          0          0       2375   arm_mat_mult_f32.o
       264          0          0          0          0       1826   arm_mat_sub_f32.o
       276          0          0          0          0       2240   arm_mat_trans_f32.o
       280         46          0          0          0        176   acosf.o
       300         42          0          0          0        176   asinf.o
       592         90          0          0          0        184   atan2f.o
       336         56          0          0          0        136   cosf.o
        38          0          0          0          0        116   fpclassifyf.o
        44         12          0          0          0        464   funder.o
       340         24         32          0          0        160   rredf.o
        62          0          0          0          0        136   sqrtf_full.o
       380         58          0          0          0        200   tanf.o
        86          0          0          0          0          0   __dczerorl2.o
         0          0          0          0          0          0   entry.o
         0          0          0          0          0          0   entry10a.o
         0          0          0          0          0          0   entry11a.o
         8          4          0          0          0          0   entry2.o
         4          0          0          0          0          0   entry5.o
         0          0          0          0          0          0   entry7b.o
         0          0          0          0          0          0   entry8b.o
         8          4          0          0          0          0   entry9a.o
        12          6          0          4          0         68   errno.o
        30          0          0          0          0          0   handlers.o
        36          8          0          0          0         68   init.o
         0          0          0          0          0          0   iusefp.o
        30          0          0          0          0         68   llshl.o
        36          0          0          0          0         68   llsshr.o
        32          0          0          0          0         68   llushr.o
       108         16          0          0          0         84   malloc.o
        36          0          0          0          0         68   memcpya.o
        36          0          0          0          0        108   memseta.o
         0          0          0          8          0          0   mvars.o
        56          0          0          0          0         88   d2f.o
       334          0          0          0          0        148   dadd.o
       186          0          0          0          0        176   depilogue.o
        34          0          0          0          0         76   dflti.o
       228          0          0          0          0         96   dmul.o
        38          0          0          0          0         68   f2d.o
       110          0          0          0          0        168   fepilogue.o

    ----------------------------------------------------------------------
      6282        374         32         12          0      33640   Library Totals
         6          0          0          0          0          0   (incl. Padding)

    ----------------------------------------------------------------------

      Code (inc. data)   RO Data    RW Data    ZI Data      Debug   Library Name

      2456          8          0          0          0      30472   arm_cortexM4lf_math.lib
      2372        328         32          0          0       1748   m_wm.l
       462         38          0         12          0        600   mc_w.l
       986          0          0          0          0        820   mf_w.l

    ----------------------------------------------------------------------
      6282        374         32         12          0      33640   Library Totals

    ----------------------------------------------------------------------

==============================================================================


      Code (inc. data)   RO Data    RW Data    ZI Data      Debug   

     28972       1664        716        876       8236     772007   Grand Totals
     28972       1664        716         96       8236     772007   ELF Image Totals (compressed)
     28972       1664        716         96          0          0   ROM Totals

==============================================================================

    Total RO  Size (Code + RO Data)                29688 (  28.99kB)
    Total RW  Size (RW Data + ZI Data)              9112 (   8.90kB)
    Total ROM Size (Code + RO Data + RW Data)      29784 (  29.09kB)

==============================================================================

